<html>
<body>
<pre>
<h1>µVision Build Log</h1>
<h2>Tool Versions:</h2>
IDE-Version: ¦ÌVision V5.20.0.0
Copyright (C) 2016 ARM Ltd and ARM Germany GmbH. All rights reserved.
License Information: 1 1, 1, LIC=----
 
Tool Versions:
Toolchain:       MDK-Lite  Version: 5.20
Toolchain Path:  D:\Keil\ARM\ARMCC\Bin
C Compiler:      Armcc.exe V5.06 update 2 (build 183)
Assembler:       Armasm.exe V5.06 update 2 (build 183)
Linker/Locator:  ArmLink.exe V5.06 update 2 (build 183)
Library Manager: ArmAr.exe V5.06 update 2 (build 183)
Hex Converter:   FromElf.exe V5.06 update 2 (build 183)
CPU DLL:         SARMCM3.DLL V5.20
Dialog DLL:      DCM.DLL V1.13.7.0
Target DLL:      STLink\ST-LINKIII-KEIL_SWO.dll V2.0.18.0
Dialog DLL:      TCM.DLL V1.14.9.0
 
<h2>Project:</h2>
D:\xwechat_files\wxid_r1cahvbmiv6622_14ed\msg\file\2025-10\dd\test17\project\test.uvprojx
Project File Date:  10/13/2025

<h2>Output:</h2>
*** Using Compiler 'V5.06 update 2 (build 183)', folder: 'D:\Keil\ARM\ARMCC\Bin'
Rebuild target 'Target'
assembling startup_stm32f10x_md.s...
compiling stm32f10x_bkp.c...
compiling stm32f10x_adc.c...
compiling core_cm3.c...
compiling stm32f10x_usart.c...
compiling stm32f10x_exti.c...
compiling misc.c...
compiling stm32f10x_rtc.c...
compiling button.c...
compiling led.c...
compiling stm32f10x_tim.c...
compiling stm32f10x_gpio.c...
compiling stm32f10x_pwr.c...
compiling stm32f10x_iwdg.c...
compiling stm32f10x_rcc.c...
compiling buzzer.c...
compiling delay.c...
compiling ldt.c...
compiling dht.c...
compiling iwdg.c...
compiling eint.c...
compiling usart1.c...
compiling gpio_iic.c...
compiling sht.c...
compiling oled.c...
compiling adj_res.c...
compiling eeprom.c...
compiling z_mytime.c...
compiling mkey.c...
compiling stopwatch.c...
compiling calculator.c...
compiling system_manager.c...
compiling ds18b20.c...
compiling key_manager.c...
compiling sg90.c...
compiling calendar.c...
compiling music.c...
compiling main.c...
compiling stm32f10x_it.c...
compiling system_stm32f10x.c...
linking...
Program Size: Code=26042 RO-data=2994 RW-data=3644 ZI-data=1932  
".\Objects\test.axf" - 0 Error(s), 0 Warning(s).

<h2>Collection of Component include folders:</h2>
  D:\xwechat_files\wxid_r1cahvbmiv6622_14ed\msg\file\2025-10\dd\test17\project\RTE
  D:\Keil\ARM\PACK\Keil\STM32F1xx_DFP\1.1.0\Device\Include

<h2>Collection of Component Files used:</h2>
Build Time Elapsed:  00:00:02
</pre>
</body>
</html>
