Component: ARM Compiler 5.06 update 2 (build 183) Tool: armlink [4d35b7]

==============================================================================

Section Cross References

    startup_stm32f10x_md.o(STACK) refers (Special) to heapauxi.o(.text) for __use_two_region_memory
    startup_stm32f10x_md.o(HEAP) refers (Special) to heapauxi.o(.text) for __use_two_region_memory
    startup_stm32f10x_md.o(RESET) refers (Special) to heapauxi.o(.text) for __use_two_region_memory
    startup_stm32f10x_md.o(RESET) refers to startup_stm32f10x_md.o(STACK) for __initial_sp
    startup_stm32f10x_md.o(RESET) refers to startup_stm32f10x_md.o(.text) for Reset_Handler
    startup_stm32f10x_md.o(RESET) refers to stm32f10x_it.o(i.NMI_Handler) for NMI_Handler
    startup_stm32f10x_md.o(RESET) refers to stm32f10x_it.o(i.HardFault_Handler) for HardFault_Handler
    startup_stm32f10x_md.o(RESET) refers to stm32f10x_it.o(i.MemManage_Handler) for MemManage_Handler
    startup_stm32f10x_md.o(RESET) refers to stm32f10x_it.o(i.BusFault_Handler) for BusFault_Handler
    startup_stm32f10x_md.o(RESET) refers to stm32f10x_it.o(i.UsageFault_Handler) for UsageFault_Handler
    startup_stm32f10x_md.o(RESET) refers to stm32f10x_it.o(i.SVC_Handler) for SVC_Handler
    startup_stm32f10x_md.o(RESET) refers to stm32f10x_it.o(i.DebugMon_Handler) for DebugMon_Handler
    startup_stm32f10x_md.o(RESET) refers to stm32f10x_it.o(i.PendSV_Handler) for PendSV_Handler
    startup_stm32f10x_md.o(RESET) refers to stm32f10x_it.o(i.SysTick_Handler) for SysTick_Handler
    startup_stm32f10x_md.o(RESET) refers to eint.o(i.EXTI0_IRQHandler) for EXTI0_IRQHandler
    startup_stm32f10x_md.o(RESET) refers to eint.o(i.EXTI9_5_IRQHandler) for EXTI9_5_IRQHandler
    startup_stm32f10x_md.o(RESET) refers to usart.o(i.USART1_IRQHandler) for USART1_IRQHandler
    startup_stm32f10x_md.o(.text) refers (Special) to heapauxi.o(.text) for __use_two_region_memory
    startup_stm32f10x_md.o(.text) refers to system_stm32f10x.o(i.SystemInit) for SystemInit
    startup_stm32f10x_md.o(.text) refers to __main.o(!!!main) for __main
    startup_stm32f10x_md.o(.text) refers to startup_stm32f10x_md.o(HEAP) for Heap_Mem
    startup_stm32f10x_md.o(.text) refers to startup_stm32f10x_md.o(STACK) for Stack_Mem
    stm32f10x_rcc.o(i.RCC_GetClocksFreq) refers to stm32f10x_rcc.o(.data) for APBAHBPrescTable
    stm32f10x_rcc.o(i.RCC_WaitForHSEStartUp) refers to stm32f10x_rcc.o(i.RCC_GetFlagStatus) for RCC_GetFlagStatus
    stm32f10x_gpio.o(i.GPIO_AFIODeInit) refers to stm32f10x_rcc.o(i.RCC_APB2PeriphResetCmd) for RCC_APB2PeriphResetCmd
    stm32f10x_gpio.o(i.GPIO_DeInit) refers to stm32f10x_rcc.o(i.RCC_APB2PeriphResetCmd) for RCC_APB2PeriphResetCmd
    stm32f10x_usart.o(i.USART_DeInit) refers to stm32f10x_rcc.o(i.RCC_APB2PeriphResetCmd) for RCC_APB2PeriphResetCmd
    stm32f10x_usart.o(i.USART_DeInit) refers to stm32f10x_rcc.o(i.RCC_APB1PeriphResetCmd) for RCC_APB1PeriphResetCmd
    stm32f10x_usart.o(i.USART_Init) refers to stm32f10x_rcc.o(i.RCC_GetClocksFreq) for RCC_GetClocksFreq
    led.o(i.led_init) refers to stm32f10x_rcc.o(i.RCC_APB2PeriphClockCmd) for RCC_APB2PeriphClockCmd
    led.o(i.led_init) refers to stm32f10x_gpio.o(i.GPIO_Init) for GPIO_Init
    beep.o(i.beep_init) refers to stm32f10x_rcc.o(i.RCC_APB2PeriphClockCmd) for RCC_APB2PeriphClockCmd
    beep.o(i.beep_init) refers to stm32f10x_gpio.o(i.GPIO_Init) for GPIO_Init
    key.o(i.key_init) refers to stm32f10x_rcc.o(i.RCC_APB2PeriphClockCmd) for RCC_APB2PeriphClockCmd
    key.o(i.key_init) refers to stm32f10x_gpio.o(i.GPIO_Init) for GPIO_Init
    ldt.o(i.digit_show_data) refers to rt_memcpy_w.o(.text) for __aeabi_memcpy4
    ldt.o(i.digit_show_data) refers to ldt.o(i.hc138_out_data) for hc138_out_data
    ldt.o(i.digit_show_data) refers to ldt.o(i.hc595_send_data) for hc595_send_data
    ldt.o(i.digit_show_data) refers to delay.o(i.delay_ms) for delay_ms
    ldt.o(i.ldt_init) refers to stm32f10x_rcc.o(i.RCC_APB2PeriphClockCmd) for RCC_APB2PeriphClockCmd
    ldt.o(i.ldt_init) refers to stm32f10x_gpio.o(i.GPIO_PinRemapConfig) for GPIO_PinRemapConfig
    ldt.o(i.ldt_init) refers to stm32f10x_gpio.o(i.GPIO_Init) for GPIO_Init
    delay.o(i.delay_init) refers to misc.o(i.SysTick_CLKSourceConfig) for SysTick_CLKSourceConfig
    delay.o(i.delay_init) refers to delay.o(.data) for fac_us
    delay.o(i.delay_ms) refers to delay.o(i.delay_xms) for delay_xms
    delay.o(i.delay_us) refers to delay.o(.data) for fac_us
    delay.o(i.delay_xms) refers to delay.o(.data) for fac_ms
    dht.o(i.dht_init) refers to stm32f10x_rcc.o(i.RCC_APB2PeriphClockCmd) for RCC_APB2PeriphClockCmd
    dht.o(i.dht_input_status) refers to dht.o(i.set_dht_gpio_input) for set_dht_gpio_input
    dht.o(i.dht_output_status) refers to dht.o(i.set_dht_gpio_output) for set_dht_gpio_output
    dht.o(i.get_dht_value) refers to dht.o(i.dht_output_status) for dht_output_status
    dht.o(i.get_dht_value) refers to delay.o(i.delay_ms) for delay_ms
[...]
    Removing stm32f10x_exti.o(i.EXTI_StructInit), (16 bytes).
    Removing stm32f10x_iwdg.o(i.IWDG_Enable), (16 bytes).
    Removing stm32f10x_iwdg.o(i.IWDG_GetFlagStatus), (24 bytes).
    Removing stm32f10x_iwdg.o(i.IWDG_ReloadCounter), (16 bytes).
    Removing stm32f10x_iwdg.o(i.IWDG_SetPrescaler), (12 bytes).
    Removing stm32f10x_iwdg.o(i.IWDG_SetReload), (12 bytes).
    Removing stm32f10x_iwdg.o(i.IWDG_WriteAccessCmd), (12 bytes).
    Removing stm32f10x_usart.o(i.USART_ClockInit), (34 bytes).
    Removing stm32f10x_usart.o(i.USART_ClockStructInit), (12 bytes).
    Removing stm32f10x_usart.o(i.USART_DMACmd), (18 bytes).
    Removing stm32f10x_usart.o(i.USART_DeInit), (156 bytes).
    Removing stm32f10x_usart.o(i.USART_GetITStatus), (84 bytes).
    Removing stm32f10x_usart.o(i.USART_HalfDuplexCmd), (24 bytes).
    Removing stm32f10x_usart.o(i.USART_IrDACmd), (24 bytes).
    Removing stm32f10x_usart.o(i.USART_IrDAConfig), (18 bytes).
    Removing stm32f10x_usart.o(i.USART_LINBreakDetectLengthConfig), (18 bytes).
    Removing stm32f10x_usart.o(i.USART_LINCmd), (24 bytes).
    Removing stm32f10x_usart.o(i.USART_OneBitMethodCmd), (24 bytes).
    Removing stm32f10x_usart.o(i.USART_OverSampling8Cmd), (22 bytes).
    Removing stm32f10x_usart.o(i.USART_ReceiverWakeUpCmd), (24 bytes).
    Removing stm32f10x_usart.o(i.USART_SendBreak), (10 bytes).
    Removing stm32f10x_usart.o(i.USART_SetAddress), (18 bytes).
    Removing stm32f10x_usart.o(i.USART_SetGuardTime), (16 bytes).
    Removing stm32f10x_usart.o(i.USART_SetPrescaler), (16 bytes).
    Removing stm32f10x_usart.o(i.USART_SmartCardCmd), (24 bytes).
    Removing stm32f10x_usart.o(i.USART_SmartCardNACKCmd), (24 bytes).
    Removing stm32f10x_usart.o(i.USART_StructInit), (24 bytes).
    Removing stm32f10x_usart.o(i.USART_WakeUpConfig), (18 bytes).
    Removing beep.o(i.beep_off), (12 bytes).
    Removing beep.o(i.beep_on), (12 bytes).
    Removing key.o(i.key_on), (56 bytes).
    Removing eint.o(i.set_eint_handler), (28 bytes).
    Removing iwdg.o(i.iwdg_feed_dog), (8 bytes).
    Removing iwdg.o(i.iwdg_init), (34 bytes).
    Removing usart.o(i.usart_1_recv_byte), (40 bytes).
    Removing usart.o(i.usart_1_send_data), (24 bytes).
    Removing oled.o(i.IIC_Start_Oled), (8 bytes).
    Removing oled.o(i.IIC_Stop_Oled), (8 bytes).
    Removing oled.o(i.IIC_Wait_Ack_Oled), (8 bytes).
    Removing oled.o(i.OLED_Display_Off), (28 bytes).
    Removing oled.o(i.OLED_Display_On), (28 bytes).
    Removing oled.o(i.OLED_DrawCirc), (94 bytes).
    Removing oled.o(i.OLED_DrawPoint), (100 bytes).
    Removing oled.o(i.OLED_DrawRect), (58 bytes).
    Removing oled.o(i.OLED_On), (64 bytes).
    Removing oled.o(i.OLED_RefreshGram), (76 bytes).
    Removing oled.o(i.OLED_Set_Pos), (42 bytes).
    Removing oled.o(i.OLED_ShowCHinese), (124 bytes).
    Removing oled.o(i.OLED_ShowChar), (164 bytes).
    Removing oled.o(i.OLED_ShowHUm), (104 bytes).
    Removing oled.o(i.OLED_ShowNum), (136 bytes).
    Removing oled.o(i.OLED_ShowString), (58 bytes).
    Removing oled.o(i.OLED_ShowTEmp), (104 bytes).
    Removing oled.o(i.OLED_ShowTIttle), (88 bytes).
    Removing oled.o(i.Write_IIC_Byte), (12 bytes).
    Removing oled.o(i.fill_picture), (66 bytes).
    Removing oled.o(i.oled_pow), (22 bytes).
    Removing oled.o(.bss), (1024 bytes).
    Removing oled.o(.constdata), (2072 bytes).
    Removing system_stm32f10x.o(i.SystemCoreClockUpdate), (164 bytes).
    Removing system_stm32f10x.o(.data), (20 bytes).

113 unused section(s) (total 7018 bytes) removed from the image.

==============================================================================

Image Symbol Table

    Local Symbols

    Symbol Name                              Value     Ov Type        Size  Object(Section)

    ../clib/angel/boardlib.s                 0x00000000   Number         0  boardshut.o ABSOLUTE
    ../clib/angel/boardlib.s                 0x00000000   Number         0  boardinit1.o ABSOLUTE
    ../clib/angel/boardlib.s                 0x00000000   Number         0  boardinit2.o ABSOLUTE
    ../clib/angel/boardlib.s                 0x00000000   Number         0  boardinit3.o ABSOLUTE
    ../clib/angel/dclz77c.s                  0x00000000   Number         0  __dclz77c.o ABSOLUTE
    ../clib/angel/handlers.s                 0x00000000   Number         0  __scatter_zi.o ABSOLUTE
    ../clib/angel/kernel.s                   0x00000000   Number         0  __rtentry2.o ABSOLUTE
    ../clib/angel/kernel.s                   0x00000000   Number         0  rtexit.o ABSOLUTE
    ../clib/angel/kernel.s                   0x00000000   Number         0  __rtentry4.o ABSOLUTE
    ../clib/angel/kernel.s                   0x00000000   Number         0  __rtentry.o ABSOLUTE
    ../clib/angel/kernel.s                   0x00000000   Number         0  rtexit2.o ABSOLUTE
    ../clib/angel/rt.s                       0x00000000   Number         0  rt_raise.o ABSOLUTE
    ../clib/angel/rt.s                       0x00000000   Number         0  rt_locale_intlibspace.o ABSOLUTE
    ../clib/angel/rt.s                       0x00000000   Number         0  rt_locale.o ABSOLUTE
    ../clib/angel/scatter.s                  0x00000000   Number         0  __scatter.o ABSOLUTE
    ../clib/angel/startup.s                  0x00000000   Number         0  __main.o ABSOLUTE
    ../clib/angel/sys.s                      0x00000000   Number         0  indicate_semi.o ABSOLUTE
    ../clib/angel/sys.s                      0x00000000   Number         0  libspace.o ABSOLUTE
    ../clib/angel/sys.s                      0x00000000   Number         0  sys_stackheap_outer.o ABSOLUTE
    ../clib/angel/sys.s                      0x00000000   Number         0  use_no_semi_2.o ABSOLUTE
    ../clib/angel/sys.s                      0x00000000   Number         0  use_no_semi.o ABSOLUTE
    ../clib/angel/sysapp.c                   0x00000000   Number         0  sys_command.o ABSOLUTE
    ../clib/angel/sysapp.c                   0x00000000   Number         0  sys_wrch.o ABSOLUTE
    ../clib/armsys.c                         0x00000000   Number         0  argv_veneer.o ABSOLUTE
    ../clib/armsys.c                         0x00000000   Number         0  no_argv.o ABSOLUTE
    ../clib/armsys.c                         0x00000000   Number         0  argv_veneer.o ABSOLUTE
    ../clib/armsys.c                         0x00000000   Number         0  _get_argv_nomalloc.o ABSOLUTE
    ../clib/bigflt.c                         0x00000000   Number         0  bigflt0.o ABSOLUTE
    ../clib/btod.s                           0x00000000   Number         0  btod.o ABSOLUTE
    ../clib/heapalloc.c                      0x00000000   Number         0  hrguard.o ABSOLUTE
    ../clib/heapaux.c                        0x00000000   Number         0  heapauxi.o ABSOLUTE
    ../clib/libinit.s                        0x00000000   Number         0  libinit2.o ABSOLUTE
    ../clib/libinit.s                        0x00000000   Number         0  libinit.o ABSOLUTE
    ../clib/libinit.s                        0x00000000   Number         0  libshutdown.o ABSOLUTE
    ../clib/libinit.s                        0x00000000   Number         0  libshutdown2.o ABSOLUTE
    ../clib/locale.s                         0x00000000   Number         0  lc_numeric_c.o ABSOLUTE
    ../clib/longlong.s                       0x00000000   Number         0  lludiv10.o ABSOLUTE
    ../clib/memcpset.s                       0x00000000   Number         0  strcmpv7m.o ABSOLUTE
    ../clib/memcpset.s                       0x00000000   Number         0  rt_memcpy_w.o ABSOLUTE
    ../clib/misc.s                           0x00000000   Number         0  printf_stubs.o ABSOLUTE
    ../clib/printf.c                         0x00000000   Number         0  __printf_wp.o ABSOLUTE
    ../clib/printf.c                         0x00000000   Number         0  __printf_flags_wp.o ABSOLUTE
    ../clib/printf.c                         0x00000000   Number         0  __printf_flags_ss.o ABSOLUTE
    ../clib/printf.c                         0x00000000   Number         0  _printf_char_file.o ABSOLUTE
    ../clib/printf.c                         0x00000000   Number         0  _printf_fp_dec.o ABSOLUTE
    ../clib/printf.c                         0x00000000   Number         0  __printf_ss_wp.o ABSOLUTE
    ../clib/printf.c                         0x00000000   Number         0  __printf_flags_ss_wp.o ABSOLUTE
    ../clib/printf.c                         0x00000000   Number         0  __printf_ss.o ABSOLUTE
    ../clib/printf.c                         0x00000000   Number         0  _printf_intcommon.o ABSOLUTE
    ../clib/printf.c                         0x00000000   Number         0  __printf_flags.o ABSOLUTE
    ../clib/printf.c                         0x00000000   Number         0  _printf_dec.o ABSOLUTE
    ../clib/printf.c                         0x00000000   Number         0  _printf_pad.o ABSOLUTE
    ../clib/printf.c                         0x00000000   Number         0  __printf.o ABSOLUTE
    ../clib/printf.c                         0x00000000   Number         0  noretval__2printf.o ABSOLUTE
    ../clib/printf.c                         0x00000000   Number         0  __2printf.o ABSOLUTE
    ../clib/printf.c                         0x00000000   Number         0  __printf_nopercent.o ABSOLUTE
    ../clib/printf.c                         0x00000000   Number         0  _printf_char_common.o ABSOLUTE
    ../clib/printf.c                         0x00000000   Number         0  _printf_fp_infnan.o ABSOLUTE
    ../clib/printf_percent.s                 0x00000000   Number         0  _printf_d.o ABSOLUTE
    ../clib/printf_percent.s                 0x00000000   Number         0  _printf_f.o ABSOLUTE
    ../clib/printf_percent.s                 0x00000000   Number         0  _printf_percent.o ABSOLUTE
    ../clib/printf_percent.s                 0x00000000   Number         0  _printf_percent_end.o ABSOLUTE
    ../clib/signal.c                         0x00000000   Number         0  defsig_pvfn_inner.o ABSOLUTE
    ../clib/signal.c                         0x00000000   Number         0  defsig_rtmem_formal.o ABSOLUTE
    ../clib/signal.c                         0x00000000   Number         0  defsig_rtmem_outer.o ABSOLUTE
    ../clib/signal.c                         0x00000000   Number         0  defsig_other.o ABSOLUTE
    ../clib/signal.c                         0x00000000   Number         0  defsig_general.o ABSOLUTE
    ../clib/signal.c                         0x00000000   Number         0  defsig_segv_inner.o ABSOLUTE
    ../clib/signal.c                         0x00000000   Number         0  defsig_cppl_inner.o ABSOLUTE
    ../clib/signal.c                         0x00000000   Number         0  __raise.o ABSOLUTE
    ../clib/signal.c                         0x00000000   Number         0  defsig_stak_inner.o ABSOLUTE
    ../clib/signal.c                         0x00000000   Number         0  defsig_rtmem_inner.o ABSOLUTE
    ../clib/signal.c                         0x00000000   Number         0  defsig_exit.o ABSOLUTE
    ../clib/signal.c                         0x00000000   Number         0  defsig_rtred_inner.o ABSOLUTE
    ../clib/signal.c                         0x00000000   Number         0  defsig_fpe_inner.o ABSOLUTE
    ../clib/signal.c                         0x00000000   Number         0  defsig_abrt_inner.o ABSOLUTE
    ../clib/signal.s                         0x00000000   Number         0  defsig.o ABSOLUTE
    ../clib/stdio.c                          0x00000000   Number         0  ferror_locked.o ABSOLUTE
    ../clib/stdio.c                          0x00000000   Number         0  ferror.o ABSOLUTE
    ../clib/stdlib.c                         0x00000000   Number         0  exit.o ABSOLUTE
    ../fplib/daddsub.s                       0x00000000   Number         0  daddsub_clz.o ABSOLUTE
    ../fplib/ddiv.s                          0x00000000   Number         0  ddiv.o ABSOLUTE
    ../fplib/dflt.s                          0x00000000   Number         0  dflt_clz.o ABSOLUTE
    ../fplib/dmul.s                          0x00000000   Number         0  dmul.o ABSOLUTE
    ../fplib/dnaninf.s                       0x00000000   Number         0  dnaninf.o ABSOLUTE
    ../fplib/dretinf.s                       0x00000000   Number         0  dretinf.o ABSOLUTE
    ../fplib/fpinit.s                        0x00000000   Number         0  fpinit.o ABSOLUTE
    ../fplib/istatus.s                       0x00000000   Number         0  istatus.o ABSOLUTE
    ../fplib/printf1.s                       0x00000000   Number         0  printf1.o ABSOLUTE
    ../fplib/usenofp.s                       0x00000000   Number         0  usenofp.o ABSOLUTE
    ../mathlib/fpclassify.c                  0x00000000   Number         0  fpclassify.o ABSOLUTE
    ..\\cmsis\\core_cm3.c                    0x00000000   Number         0  core_cm3.o ABSOLUTE
    ..\cmsis\core_cm3.c                      0x00000000   Number         0  core_cm3.o ABSOLUTE
    ..\cmsis\startup_stm32f10x_md.s          0x00000000   Number         0  startup_stm32f10x_md.o ABSOLUTE
    ..\fwlib\src\misc.c                      0x00000000   Number         0  misc.o ABSOLUTE
    ..\fwlib\src\stm32f10x_exti.c            0x00000000   Number         0  stm32f10x_exti.o ABSOLUTE
    ..\fwlib\src\stm32f10x_gpio.c            0x00000000   Number         0  stm32f10x_gpio.o ABSOLUTE
    ..\fwlib\src\stm32f10x_iwdg.c            0x00000000   Number         0  stm32f10x_iwdg.o ABSOLUTE
    ..\fwlib\src\stm32f10x_rcc.c             0x00000000   Number         0  stm32f10x_rcc.o ABSOLUTE
    ..\fwlib\src\stm32f10x_usart.c           0x00000000   Number         0  stm32f10x_usart.o ABSOLUTE
    ..\mylib\beep.c                          0x00000000   Number         0  beep.o ABSOLUTE
    ..\mylib\delay.c                         0x00000000   Number         0  delay.o ABSOLUTE
    ..\mylib\dht.c                           0x00000000   Number         0  dht.o ABSOLUTE
    ..\mylib\eint.c                          0x00000000   Number         0  eint.o ABSOLUTE
    ..\mylib\gpio_iic.c                      0x00000000   Number         0  gpio_iic.o ABSOLUTE
    ..\mylib\iwdg.c                          0x00000000   Number         0  iwdg.o ABSOLUTE
    ..\mylib\key.c                           0x00000000   Number         0  key.o ABSOLUTE
    ..\mylib\ldt.c                           0x00000000   Number         0  ldt.o ABSOLUTE
    ..\mylib\led.c                           0x00000000   Number         0  led.o ABSOLUTE
    ..\mylib\oled.c                          0x00000000   Number         0  oled.o ABSOLUTE
    ..\mylib\sht.c                           0x00000000   Number         0  sht.o ABSOLUTE
    ..\mylib\usart.c                         0x00000000   Number         0  usart.o ABSOLUTE
    ..\user\main.c                           0x00000000   Number         0  main.o ABSOLUTE
    ..\user\stm32f10x_it.c                   0x00000000   Number         0  stm32f10x_it.o ABSOLUTE
    ..\user\system_stm32f10x.c               0x00000000   Number         0  system_stm32f10x.o ABSOLUTE
    dc.s                                     0x00000000   Number         0  dc.o ABSOLUTE
    RESET                                    0x08000000   Section      236  startup_stm32f10x_md.o(RESET)
    !!!main                                  0x080000ec   Section        8  __main.o(!!!main)
    !!!scatter                               0x080000f4   Section       52  __scatter.o(!!!scatter)
    !!dclz77c                                0x08000128   Section      100  __dclz77c.o(!!dclz77c)
    !!handler_zi                             0x0800018c   Section       28  __scatter_zi.o(!!handler_zi)
    .ARM.Collect$$_printf_percent$$00000000  0x080001a8   Section        0  _printf_percent.o(.ARM.Collect$$_printf_percent$$00000000)
    .ARM.Collect$$_printf_percent$$00000003  0x080001a8   Section        6  _printf_f.o(.ARM.Collect$$_printf_percent$$00000003)
    .ARM.Collect$$_printf_percent$$00000009  0x080001ae   Section        6  _printf_d.o(.ARM.Collect$$_printf_percent$$00000009)
    .ARM.Collect$$_printf_percent$$00000017  0x080001b4   Section        4  _printf_percent_end.o(.ARM.Collect$$_printf_percent$$00000017)
    .ARM.Collect$$libinit$$00000000          0x080001b8   Section        2  libinit.o(.ARM.Collect$$libinit$$00000000)
    .ARM.Collect$$libinit$$00000002          0x080001ba   Section        0  libinit2.o(.ARM.Collect$$libinit$$00000002)
    .ARM.Collect$$libinit$$00000004          0x080001ba   Section        0  libinit2.o(.ARM.Collect$$libinit$$00000004)
    .ARM.Collect$$libinit$$0000000A          0x080001ba   Section        0  libinit2.o(.ARM.Collect$$libinit$$0000000A)
    .ARM.Collect$$libinit$$0000000C          0x080001ba   Section        0  libinit2.o(.ARM.Collect$$libinit$$0000000C)
    .ARM.Collect$$libinit$$0000000E          0x080001ba   Section        0  libinit2.o(.ARM.Collect$$libinit$$0000000E)
    .ARM.Collect$$libinit$$0000000F          0x080001ba   Section        6  libinit2.o(.ARM.Collect$$libinit$$0000000F)
    .ARM.Collect$$libinit$$00000011          0x080001c0   Section        0  libinit2.o(.ARM.Collect$$libinit$$00000011)
    .ARM.Collect$$libinit$$00000013          0x080001c0   Section        0  libinit2.o(.ARM.Collect$$libinit$$00000013)
    .ARM.Collect$$libinit$$00000015          0x080001c0   Section        0  libinit2.o(.ARM.Collect$$libinit$$00000015)
    .ARM.Collect$$libinit$$00000016          0x080001c0   Section       10  libinit2.o(.ARM.Collect$$libinit$$00000016)
    .ARM.Collect$$libinit$$00000017          0x080001ca   Section        0  libinit2.o(.ARM.Collect$$libinit$$00000017)
    .ARM.Collect$$libinit$$00000019          0x080001ca   Section        0  libinit2.o(.ARM.Collect$$libinit$$00000019)
    .ARM.Collect$$libinit$$0000001B          0x080001ca   Section        0  libinit2.o(.ARM.Collect$$libinit$$0000001B)
    .ARM.Collect$$libinit$$0000001D          0x080001ca   Section        0  libinit2.o(.ARM.Collect$$libinit$$0000001D)
    .ARM.Collect$$libinit$$0000001F          0x080001ca   Section        0  libinit2.o(.ARM.Collect$$libinit$$0000001F)
    .ARM.Collect$$libinit$$00000021          0x080001ca   Section        0  libinit2.o(.ARM.Collect$$libinit$$00000021)
    .ARM.Collect$$libinit$$00000023          0x080001ca   Section        0  libinit2.o(.ARM.Collect$$libinit$$00000023)
    .ARM.Collect$$libinit$$00000025          0x080001ca   Section        0  libinit2.o(.ARM.Collect$$libinit$$00000025)
    .ARM.Collect$$libinit$$0000002C          0x080001ca   Section        0  libinit2.o(.ARM.Collect$$libinit$$0000002C)
    .ARM.Collect$$libinit$$0000002E          0x080001ca   Section        0  libinit2.o(.ARM.Collect$$libinit$$0000002E)
    .ARM.Collect$$libinit$$00000030          0x080001ca   Section        0  libinit2.o(.ARM.Collect$$libinit$$00000030)
    .ARM.Collect$$libinit$$00000032          0x080001ca   Section        0  libinit2.o(.ARM.Collect$$libinit$$00000032)
    .ARM.Collect$$libinit$$00000033          0x080001ca   Section        2  libinit2.o(.ARM.Collect$$libinit$$00000033)
    .ARM.Collect$$libshutdown$$00000000      0x080001cc   Section        2  libshutdown.o(.ARM.Collect$$libshutdown$$00000000)
    .ARM.Collect$$libshutdown$$00000002      0x080001ce   Section        0  libshutdown2.o(.ARM.Collect$$libshutdown$$00000002)
    .ARM.Collect$$libshutdown$$00000004      0x080001ce   Section        0  libshutdown2.o(.ARM.Collect$$libshutdown$$00000004)
    .ARM.Collect$$libshutdown$$00000007      0x080001ce   Section        0  libshutdown2.o(.ARM.Collect$$libshutdown$$00000007)
    .ARM.Collect$$libshutdown$$0000000A      0x080001ce   Section        0  libshutdown2.o(.ARM.Collect$$libshutdown$$0000000A)
    .ARM.Collect$$libshutdown$$0000000C      0x080001ce   Section        0  libshutdown2.o(.ARM.Collect$$libshutdown$$0000000C)
    .ARM.Collect$$libshutdown$$0000000F      0x080001ce   Section        0  libshutdown2.o(.ARM.Collect$$libshutdown$$0000000F)
    .ARM.Collect$$libshutdown$$00000010      0x080001ce   Section        2  libshutdown2.o(.ARM.Collect$$libshutdown$$00000010)
    .ARM.Collect$$rtentry$$00000000          0x080001d0   Section        0  __rtentry.o(.ARM.Collect$$rtentry$$00000000)
    .ARM.Collect$$rtentry$$00000002          0x080001d0   Section        0  __rtentry2.o(.ARM.Collect$$rtentry$$00000002)
    .ARM.Collect$$rtentry$$00000004          0x080001d0   Section        6  __rtentry4.o(.ARM.Collect$$rtentry$$00000004)
    .ARM.Collect$$rtentry$$00000009          0x080001d6   Section        0  __rtentry2.o(.ARM.Collect$$rtentry$$00000009)
    .ARM.Collect$$rtentry$$0000000A          0x080001d6   Section        4  __rtentry2.o(.ARM.Collect$$rtentry$$0000000A)
    .ARM.Collect$$rtentry$$0000000C          0x080001da   Section        0  __rtentry2.o(.ARM.Collect$$rtentry$$0000000C)
    .ARM.Collect$$rtentry$$0000000D          0x080001da   Section        8  __rtentry2.o(.ARM.Collect$$rtentry$$0000000D)
    .ARM.Collect$$rtexit$$00000000           0x080001e2   Section        2  rtexit.o(.ARM.Collect$$rtexit$$00000000)
    .ARM.Collect$$rtexit$$00000002           0x080001e4   Section        0  rtexit2.o(.ARM.Collect$$rtexit$$00000002)
    .ARM.Collect$$rtexit$$00000003           0x080001e4   Section        4  rtexit2.o(.ARM.Collect$$rtexit$$00000003)
    .ARM.Collect$$rtexit$$00000004           0x080001e8   Section        6  rtexit2.o(.ARM.Collect$$rtexit$$00000004)
    .text                                    0x080001f0   Section       64  startup_stm32f10x_md.o(.text)
    .text                                    0x08000230   Section        2  use_no_semi_2.o(.text)
    .text                                    0x08000234   Section        0  noretval__2printf.o(.text)
    .text                                    0x0800024c   Section        0  _printf_pad.o(.text)
    .text                                    0x0800029c   Section        0  _printf_dec.o(.text)
    .text                                    0x08000314   Section        0  __printf_flags_wp.o(.text)
    .text                                    0x0800044c   Section      100  rt_memcpy_w.o(.text)
    .text                                    0x080004b0   Section        0  heapauxi.o(.text)
    .text                                    0x080004b6   Section        2  use_no_semi.o(.text)
    .text                                    0x080004b8   Section        0  _printf_intcommon.o(.text)
    .text                                    0x0800056a   Section        0  _printf_fp_dec.o(.text)
    _fp_digits                               0x0800056d   Thumb Code   428  _printf_fp_dec.o(.text)
    .text                                    0x08000984   Section        0  _printf_char_file.o(.text)
    .text                                    0x080009a8   Section        8  rt_locale_intlibspace.o(.text)
    .text                                    0x080009b0   Section      138  lludiv10.o(.text)
    .text                                    0x08000a3c   Section        0  _printf_char_common.o(.text)
    _printf_input_char                       0x08000a3d   Thumb Code    10  _printf_char_common.o(.text)
    .text                                    0x08000a6c   Section        0  _printf_fp_infnan.o(.text)
    .text                                    0x08000aec   Section        0  bigflt0.o(.text)
    .text                                    0x08000bc8   Section        0  ferror.o(.text)
    .text                                    0x08000bd0   Section        8  libspace.o(.text)
    .text                                    0x08000bd8   Section       74  sys_stackheap_outer.o(.text)
    .text                                    0x08000c22   Section        0  exit.o(.text)
    .text                                    0x08000c34   Section      128  strcmpv7m.o(.text)
    CL$$btod_d2e                             0x08000cb4   Section       62  btod.o(CL$$btod_d2e)
    CL$$btod_d2e_denorm_low                  0x08000cf2   Section       70  btod.o(CL$$btod_d2e_denorm_low)
    CL$$btod_d2e_norm_op1                    0x08000d38   Section       96  btod.o(CL$$btod_d2e_norm_op1)
    CL$$btod_div_common                      0x08000d98   Section      824  btod.o(CL$$btod_div_common)
    CL$$btod_e2e                             0x080010d0   Section      198  btod.o(CL$$btod_e2e)
    CL$$btod_ediv                            0x08001196   Section       40  btod.o(CL$$btod_ediv)
    CL$$btod_emul                            0x080011be   Section       40  btod.o(CL$$btod_emul)
    CL$$btod_mult_common                     0x080011e6   Section      580  btod.o(CL$$btod_mult_common)
    i.BusFault_Handler                       0x0800142a   Section        0  stm32f10x_it.o(i.BusFault_Handler)
    i.DebugMon_Handler                       0x0800142e   Section        0  stm32f10x_it.o(i.DebugMon_Handler)
    i.EXTI0_IRQHandler                       0x08001430   Section        0  eint.o(i.EXTI0_IRQHandler)
    i.EXTI9_5_IRQHandler                     0x08001450   Section        0  eint.o(i.EXTI9_5_IRQHandler)
    i.EXTI_ClearITPendingBit                 0x08001490   Section        0  stm32f10x_exti.o(i.EXTI_ClearITPendingBit)
    i.EXTI_GetITStatus                       0x0800149c   Section        0  stm32f10x_exti.o(i.EXTI_GetITStatus)
    i.EXTI_Init                              0x080014c4   Section        0  stm32f10x_exti.o(i.EXTI_Init)
    i.GPIO_EXTILineConfig                    0x08001558   Section        0  stm32f10x_gpio.o(i.GPIO_EXTILineConfig)
    i.GPIO_Init                              0x08001598   Section        0  stm32f10x_gpio.o(i.GPIO_Init)
    i.GPIO_PinRemapConfig                    0x080016b0   Section        0  stm32f10x_gpio.o(i.GPIO_PinRemapConfig)
    i.HardFault_Handler                      0x08001740   Section        0  stm32f10x_it.o(i.HardFault_Handler)
    i.IIC_Ack                                0x08001744   Section        0  gpio_iic.o(i.IIC_Ack)
    i.IIC_Init                               0x0800177c   Section        0  gpio_iic.o(i.IIC_Init)
    i.IIC_NAck                               0x080017e8   Section        0  gpio_iic.o(i.IIC_NAck)
    i.IIC_Recv_Byte                          0x08001820   Section        0  gpio_iic.o(i.IIC_Recv_Byte)
    i.IIC_Sda_In                             0x08001880   Section        0  gpio_iic.o(i.IIC_Sda_In)
    i.IIC_Sda_Out                            0x08001894   Section        0  gpio_iic.o(i.IIC_Sda_Out)
    i.IIC_Send_Byte                          0x080018a8   Section        0  gpio_iic.o(i.IIC_Send_Byte)
    i.IIC_Start                              0x080018f8   Section        0  gpio_iic.o(i.IIC_Start)
    i.IIC_Stop                               0x08001930   Section        0  gpio_iic.o(i.IIC_Stop)
    i.IIC_Wait_Ack                           0x0800196c   Section        0  gpio_iic.o(i.IIC_Wait_Ack)
    i.MemManage_Handler                      0x080019b8   Section        0  stm32f10x_it.o(i.MemManage_Handler)
    i.NMI_Handler                            0x080019bc   Section        0  stm32f10x_it.o(i.NMI_Handler)
    i.NVIC_Init                              0x080019c0   Section        0  misc.o(i.NVIC_Init)
    i.NVIC_PriorityGroupConfig               0x08001a30   Section        0  misc.o(i.NVIC_PriorityGroupConfig)
    i.OLED_Clear                             0x08001a44   Section        0  oled.o(i.OLED_Clear)
    i.OLED_Init                              0x08001a84   Section        0  oled.o(i.OLED_Init)
    i.OLED_WR_Byte                           0x08001b3c   Section        0  oled.o(i.OLED_WR_Byte)
    i.PendSV_Handler                         0x08001b54   Section        0  stm32f10x_it.o(i.PendSV_Handler)
    i.RCC_APB2PeriphClockCmd                 0x08001b58   Section        0  stm32f10x_rcc.o(i.RCC_APB2PeriphClockCmd)
    i.RCC_GetClocksFreq                      0x08001b78   Section        0  stm32f10x_rcc.o(i.RCC_GetClocksFreq)
    i.SVC_Handler                            0x08001c4c   Section        0  stm32f10x_it.o(i.SVC_Handler)
    i.SetSysClock                            0x08001c4e   Section        0  system_stm32f10x.o(i.SetSysClock)
    SetSysClock                              0x08001c4f   Thumb Code     8  system_stm32f10x.o(i.SetSysClock)
    i.SetSysClockTo72                        0x08001c58   Section        0  system_stm32f10x.o(i.SetSysClockTo72)
    SetSysClockTo72                          0x08001c59   Thumb Code   214  system_stm32f10x.o(i.SetSysClockTo72)
    i.SysTick_CLKSourceConfig                0x08001d38   Section        0  misc.o(i.SysTick_CLKSourceConfig)
    i.SysTick_Handler                        0x08001d60   Section        0  stm32f10x_it.o(i.SysTick_Handler)
    i.SystemInit                             0x08001d64   Section        0  system_stm32f10x.o(i.SystemInit)
    i.USART1_IRQHandler                      0x08001dc4   Section        0  usart.o(i.USART1_IRQHandler)
    i.USART_ClearFlag                        0x08001df8   Section        0  stm32f10x_usart.o(i.USART_ClearFlag)
    i.USART_ClearITPendingBit                0x08001e0a   Section        0  stm32f10x_usart.o(i.USART_ClearITPendingBit)
    i.USART_Cmd                              0x08001e28   Section        0  stm32f10x_usart.o(i.USART_Cmd)
    i.USART_GetFlagStatus                    0x08001e40   Section        0  stm32f10x_usart.o(i.USART_GetFlagStatus)
    i.USART_ITConfig                         0x08001e5a   Section        0  stm32f10x_usart.o(i.USART_ITConfig)
    i.USART_Init                             0x08001ea4   Section        0  stm32f10x_usart.o(i.USART_Init)
    i.USART_ReceiveData                      0x08001f7c   Section        0  stm32f10x_usart.o(i.USART_ReceiveData)
    i.USART_SendData                         0x08001f86   Section        0  stm32f10x_usart.o(i.USART_SendData)
    i.UsageFault_Handler                     0x08001f8e   Section        0  stm32f10x_it.o(i.UsageFault_Handler)
    i.Write_IIC_Command                      0x08001f92   Section        0  oled.o(i.Write_IIC_Command)
    i.Write_IIC_Data                         0x08001fbe   Section        0  oled.o(i.Write_IIC_Data)
    i.__ARM_fpclassify                       0x08001fea   Section        0  fpclassify.o(i.__ARM_fpclassify)
    i._is_digit                              0x08002012   Section        0  __printf_wp.o(i._is_digit)
    i._sys_exit                              0x08002020   Section        0  usart.o(i._sys_exit)
    i.beep_init                              0x08002024   Section        0  beep.o(i.beep_init)
    i.delay_init                             0x08002058   Section        0  delay.o(i.delay_init)
    i.delay_ms                               0x0800208c   Section        0  delay.o(i.delay_ms)
    i.delay_us                               0x080020c4   Section        0  delay.o(i.delay_us)
    i.delay_xms                              0x08002110   Section        0  delay.o(i.delay_xms)
    i.dht_init                               0x0800215c   Section        0  dht.o(i.dht_init)
    i.dht_input_status                       0x08002168   Section        0  dht.o(i.dht_input_status)
    i.dht_output_status                      0x08002178   Section        0  dht.o(i.dht_output_status)
    i.digit_show_data                        0x08002198   Section        0  ldt.o(i.digit_show_data)
    i.eint_init                              0x08002244   Section        0  eint.o(i.eint_init)
    i.fputc                                  0x080022f8   Section        0  usart.o(i.fputc)
    i.get_dht_value                          0x08002308   Section        0  dht.o(i.get_dht_value)
    i.h                                      0x080023d0   Section        0  main.o(i.h)
    i.hc138_out_data                         0x08002448   Section        0  ldt.o(i.hc138_out_data)
    i.hc595_send_data                        0x080024b8   Section        0  ldt.o(i.hc595_send_data)
    i.key_init                               0x08002508   Section        0  key.o(i.key_init)
    i.ldt_init                               0x08002548   Section        0  ldt.o(i.ldt_init)
    i.led_init                               0x080025bc   Section        0  led.o(i.led_init)
    i.led_off                                0x08002600   Section        0  led.o(i.led_off)
    i.led_on                                 0x08002630   Section        0  led.o(i.led_on)
    i.main                                   0x08002660   Section        0  main.o(i.main)
    i.picture_1                              0x08002778   Section        0  oled.o(i.picture_1)
    i.set_dht_gpio_input                     0x080027c4   Section        0  dht.o(i.set_dht_gpio_input)
    i.set_dht_gpio_output                    0x080027e0   Section        0  dht.o(i.set_dht_gpio_output)
    i.set_usart1_handler                     0x08002804   Section        0  usart.o(i.set_usart1_handler)
    i.sht_init                               0x08002810   Section        0  sht.o(i.sht_init)
    i.sht_read_data                          0x08002818   Section        0  sht.o(i.sht_read_data)
    i.sht_write_mode                         0x080028e4   Section        0  sht.o(i.sht_write_mode)
    i.sht_write_read_cmd                     0x0800290e   Section        0  sht.o(i.sht_write_read_cmd)
    i.usart_1_init                           0x08002934   Section        0  usart.o(i.usart_1_init)
    i.usart_1_send_byte                      0x080029e0   Section        0  usart.o(i.usart_1_send_byte)
    locale$$code                             0x08002a0c   Section       44  lc_numeric_c.o(locale$$code)
    x$fpl$dadd                               0x08002a38   Section      336  daddsub_clz.o(x$fpl$dadd)
    _dadd1                                   0x08002a49   Thumb Code     0  daddsub_clz.o(x$fpl$dadd)
    x$fpl$ddiv                               0x08002b88   Section      688  ddiv.o(x$fpl$ddiv)
    ddiv_entry                               0x08002b8f   Thumb Code     0  ddiv.o(x$fpl$ddiv)
    x$fpl$dfltu                              0x08002e38   Section       38  dflt_clz.o(x$fpl$dfltu)
    x$fpl$dmul                               0x08002e60   Section      340  dmul.o(x$fpl$dmul)
    x$fpl$dnaninf                            0x08002fb4   Section      156  dnaninf.o(x$fpl$dnaninf)
    x$fpl$dretinf                            0x08003050   Section       12  dretinf.o(x$fpl$dretinf)
    x$fpl$dsub                               0x0800305c   Section      468  daddsub_clz.o(x$fpl$dsub)
    _dsub1                                   0x0800306d   Thumb Code     0  daddsub_clz.o(x$fpl$dsub)
    x$fpl$printf1                            0x08003230   Section        4  printf1.o(x$fpl$printf1)
    .constdata                               0x08003234   Section       17  __printf_flags_wp.o(.constdata)
    x$fpl$usenofp                            0x08003234   Section        0  usenofp.o(x$fpl$usenofp)
    maptable                                 0x08003234   Data          17  __printf_flags_wp.o(.constdata)
    .constdata                               0x08003248   Section      148  bigflt0.o(.constdata)
    tenpwrs_x                                0x08003248   Data          60  bigflt0.o(.constdata)
    tenpwrs_i                                0x08003284   Data          64  bigflt0.o(.constdata)
    locale$$data                             0x080032fc   Section       28  lc_numeric_c.o(locale$$data)
    __lcnum_c_name                           0x08003300   Data           2  lc_numeric_c.o(locale$$data)
    __lcnum_c_start                          0x08003308   Data           0  lc_numeric_c.o(locale$$data)
    __lcnum_c_point                          0x08003314   Data           0  lc_numeric_c.o(locale$$data)
    __lcnum_c_thousands                      0x08003316   Data           0  lc_numeric_c.o(locale$$data)
    __lcnum_c_grouping                       0x08003317   Data           0  lc_numeric_c.o(locale$$data)
    __lcnum_c_end                            0x08003318   Data           0  lc_numeric_c.o(locale$$data)
    .data                                    0x20000000   Section       20  stm32f10x_rcc.o(.data)
    APBAHBPrescTable                         0x20000000   Data          16  stm32f10x_rcc.o(.data)
    ADCPrescTable                            0x20000010   Data           4  stm32f10x_rcc.o(.data)
    .data                                    0x20000014   Section        4  delay.o(.data)
    fac_us                                   0x20000014   Data           1  delay.o(.data)
    fac_ms                                   0x20000016   Data           2  delay.o(.data)
    .data                                    0x20000018   Section       12  eint.o(.data)
    .data                                    0x20000024   Section       12  usart.o(.data)
    .data                                    0x20000030   Section       12  gpio_iic.o(.data)
    .data                                    0x2000003c   Section     1344  oled.o(.data)
    .data                                    0x2000057c   Section        8  main.o(.data)
    .bss                                     0x20000584   Section       96  libspace.o(.bss)
    HEAP                                     0x200005e8   Section      512  startup_stm32f10x_md.o(HEAP)
    Heap_Mem                                 0x200005e8   Data         512  startup_stm32f10x_md.o(HEAP)
    STACK                                    0x200007e8   Section     1024  startup_stm32f10x_md.o(STACK)
    Stack_Mem                                0x200007e8   Data        1024  startup_stm32f10x_md.o(STACK)
    __initial_sp                             0x20000be8   Data           0  startup_stm32f10x_md.o(STACK)

    Global Symbols

    Symbol Name                              Value     Ov Type        Size  Object(Section)

    BuildAttributes$$THM_ISAv4$P$D$K$B$S$PE$A:L22UL41UL21$X:L11$S22US41US21$IEEE1$IW$USESV6$~STKCKD$USESV7$~SHL$OTIME$ROPI$IEEEJ$EBA8$UX$STANDARDLIB$REQ8$PRES8$EABIv2 0x00000000   Number         0  anon$$obj.o ABSOLUTE
    __ARM_use_no_argv                        0x00000000   Number         0  main.o ABSOLUTE
    _printf_flags                            0x00000000   Number         0  printf_stubs.o ABSOLUTE
    _printf_return_value                     0x00000000   Number         0  printf_stubs.o ABSOLUTE
    _printf_sizespec                         0x00000000   Number         0  printf_stubs.o ABSOLUTE
    _printf_widthprec                        0x00000000   Number         0  printf_stubs.o ABSOLUTE
    __ARM_exceptions_init                     - Undefined Weak Reference
    __alloca_initialize                       - Undefined Weak Reference
    __arm_preinit_                            - Undefined Weak Reference
    __cpp_initialize__aeabi_                  - Undefined Weak Reference
    __cxa_finalize                            - Undefined Weak Reference
    __sigvec_lookup                           - Undefined Weak Reference
    _atexit_init                              - Undefined Weak Reference
    _call_atexit_fns                          - Undefined Weak Reference
    _clock_init                               - Undefined Weak Reference
    _fp_trap_init                             - Undefined Weak Reference
    _fp_trap_shutdown                         - Undefined Weak Reference
    _get_lc_collate                           - Undefined Weak Reference
    _get_lc_ctype                             - Undefined Weak Reference
    _get_lc_monetary                          - Undefined Weak Reference
    _get_lc_time                              - Undefined Weak Reference
    _getenv_init                              - Undefined Weak Reference
    _handle_redirection                       - Undefined Weak Reference
    _init_alloc                               - Undefined Weak Reference
    _init_user_alloc                          - Undefined Weak Reference
    _initio                                   - Undefined Weak Reference
    _mutex_acquire                            - Undefined Weak Reference
    _mutex_release                            - Undefined Weak Reference
    _printf_truncate_signed                   - Undefined Weak Reference
    _printf_truncate_unsigned                 - Undefined Weak Reference
    _rand_init                                - Undefined Weak Reference
    _signal_finish                            - Undefined Weak Reference
    _signal_init                              - Undefined Weak Reference
    _terminate_alloc                          - Undefined Weak Reference
    _terminate_user_alloc                     - Undefined Weak Reference
    _terminateio                              - Undefined Weak Reference
    __Vectors_Size                           0x000000ec   Number         0  startup_stm32f10x_md.o ABSOLUTE
    __Vectors                                0x08000000   Data           4  startup_stm32f10x_md.o(RESET)
    __Vectors_End                            0x080000ec   Data           0  startup_stm32f10x_md.o(RESET)
    __main                                   0x080000ed   Thumb Code     8  __main.o(!!!main)
    __scatterload                            0x080000f5   Thumb Code     0  __scatter.o(!!!scatter)
    __scatterload_rt2                        0x080000f5   Thumb Code    44  __scatter.o(!!!scatter)
    __scatterload_rt2_thumb_only             0x080000f5   Thumb Code     0  __scatter.o(!!!scatter)
    __scatterload_null                       0x08000103   Thumb Code     0  __scatter.o(!!!scatter)
    __decompress                             0x08000129   Thumb Code   100  __dclz77c.o(!!dclz77c)
    __decompress2                            0x08000129   Thumb Code     0  __dclz77c.o(!!dclz77c)
    __scatterload_zeroinit                   0x0800018d   Thumb Code    28  __scatter_zi.o(!!handler_zi)
    _printf_f                                0x080001a9   Thumb Code     0  _printf_f.o(.ARM.Collect$$_printf_percent$$00000003)
    _printf_percent                          0x080001a9   Thumb Code     0  _printf_percent.o(.ARM.Collect$$_printf_percent$$00000000)
    _printf_d                                0x080001af   Thumb Code     0  _printf_d.o(.ARM.Collect$$_printf_percent$$00000009)
    _printf_percent_end                      0x080001b5   Thumb Code     0  _printf_percent_end.o(.ARM.Collect$$_printf_percent$$00000017)
    __rt_lib_init                            0x080001b9   Thumb Code     0  libinit.o(.ARM.Collect$$libinit$$00000000)
    __rt_lib_init_fp_1                       0x080001bb   Thumb Code     0  libinit2.o(.ARM.Collect$$libinit$$00000002)
    __rt_lib_init_heap_1                     0x080001bb   Thumb Code     0  libinit2.o(.ARM.Collect$$libinit$$0000000A)
    __rt_lib_init_lc_common                  0x080001bb   Thumb Code     0  libinit2.o(.ARM.Collect$$libinit$$0000000F)
    __rt_lib_init_preinit_1                  0x080001bb   Thumb Code     0  libinit2.o(.ARM.Collect$$libinit$$00000004)
    __rt_lib_init_rand_1                     0x080001bb   Thumb Code     0  libinit2.o(.ARM.Collect$$libinit$$0000000E)
    __rt_lib_init_user_alloc_1               0x080001bb   Thumb Code     0  libinit2.o(.ARM.Collect$$libinit$$0000000C)
    __rt_lib_init_lc_collate_1               0x080001c1   Thumb Code     0  libinit2.o(.ARM.Collect$$libinit$$00000011)
    __rt_lib_init_lc_ctype_1                 0x080001c1   Thumb Code     0  libinit2.o(.ARM.Collect$$libinit$$00000013)
    __rt_lib_init_lc_monetary_1              0x080001c1   Thumb Code     0  libinit2.o(.ARM.Collect$$libinit$$00000015)
    __rt_lib_init_lc_numeric_2               0x080001c1   Thumb Code     0  libinit2.o(.ARM.Collect$$libinit$$00000016)
    __rt_lib_init_alloca_1                   0x080001cb   Thumb Code     0  libinit2.o(.ARM.Collect$$libinit$$0000002E)
    __rt_lib_init_argv_1                     0x080001cb   Thumb Code     0  libinit2.o(.ARM.Collect$$libinit$$0000002C)
    __rt_lib_init_atexit_1                   0x080001cb   Thumb Code     0  libinit2.o(.ARM.Collect$$libinit$$0000001B)
    __rt_lib_init_clock_1                    0x080001cb   Thumb Code     0  libinit2.o(.ARM.Collect$$libinit$$00000021)
    __rt_lib_init_cpp_1                      0x080001cb   Thumb Code     0  libinit2.o(.ARM.Collect$$libinit$$00000032)
    __rt_lib_init_exceptions_1               0x080001cb   Thumb Code     0  libinit2.o(.ARM.Collect$$libinit$$00000030)
    __rt_lib_init_fp_trap_1                  0x080001cb   Thumb Code     0  libinit2.o(.ARM.Collect$$libinit$$0000001F)
    __rt_lib_init_getenv_1                   0x080001cb   Thumb Code     0  libinit2.o(.ARM.Collect$$libinit$$00000023)
    __rt_lib_init_lc_numeric_1               0x080001cb   Thumb Code     0  libinit2.o(.ARM.Collect$$libinit$$00000017)
    __rt_lib_init_lc_time_1                  0x080001cb   Thumb Code     0  libinit2.o(.ARM.Collect$$libinit$$00000019)
    __rt_lib_init_return                     0x080001cb   Thumb Code     0  libinit2.o(.ARM.Collect$$libinit$$00000033)
    __rt_lib_init_signal_1                   0x080001cb   Thumb Code     0  libinit2.o(.ARM.Collect$$libinit$$0000001D)
    __rt_lib_init_stdio_1                    0x080001cb   Thumb Code     0  libinit2.o(.ARM.Collect$$libinit$$00000025)
    __rt_lib_shutdown                        0x080001cd   Thumb Code     0  libshutdown.o(.ARM.Collect$$libshutdown$$00000000)
    __rt_lib_shutdown_cpp_1                  0x080001cf   Thumb Code     0  libshutdown2.o(.ARM.Collect$$libshutdown$$00000002)
    __rt_lib_shutdown_fp_trap_1              0x080001cf   Thumb Code     0  libshutdown2.o(.ARM.Collect$$libshutdown$$00000007)
    __rt_lib_shutdown_heap_1                 0x080001cf   Thumb Code     0  libshutdown2.o(.ARM.Collect$$libshutdown$$0000000F)
    __rt_lib_shutdown_return                 0x080001cf   Thumb Code     0  libshutdown2.o(.ARM.Collect$$libshutdown$$00000010)
    __rt_lib_shutdown_signal_1               0x080001cf   Thumb Code     0  libshutdown2.o(.ARM.Collect$$libshutdown$$0000000A)
    __rt_lib_shutdown_stdio_1                0x080001cf   Thumb Code     0  libshutdown2.o(.ARM.Collect$$libshutdown$$00000004)
    __rt_lib_shutdown_user_alloc_1           0x080001cf   Thumb Code     0  libshutdown2.o(.ARM.Collect$$libshutdown$$0000000C)
    __rt_entry                               0x080001d1   Thumb Code     0  __rtentry.o(.ARM.Collect$$rtentry$$00000000)
    __rt_entry_presh_1                       0x080001d1   Thumb Code     0  __rtentry2.o(.ARM.Collect$$rtentry$$00000002)
    __rt_entry_sh                            0x080001d1   Thumb Code     0  __rtentry4.o(.ARM.Collect$$rtentry$$00000004)
    __rt_entry_li                            0x080001d7   Thumb Code     0  __rtentry2.o(.ARM.Collect$$rtentry$$0000000A)
    __rt_entry_postsh_1                      0x080001d7   Thumb Code     0  __rtentry2.o(.ARM.Collect$$rtentry$$00000009)
    __rt_entry_main                          0x080001db   Thumb Code     0  __rtentry2.o(.ARM.Collect$$rtentry$$0000000D)
    __rt_entry_postli_1                      0x080001db   Thumb Code     0  __rtentry2.o(.ARM.Collect$$rtentry$$0000000C)
    __rt_exit                                0x080001e3   Thumb Code     0  rtexit.o(.ARM.Collect$$rtexit$$00000000)
    __rt_exit_ls                             0x080001e5   Thumb Code     0  rtexit2.o(.ARM.Collect$$rtexit$$00000003)
    __rt_exit_prels_1                        0x080001e5   Thumb Code     0  rtexit2.o(.ARM.Collect$$rtexit$$00000002)
    __rt_exit_exit                           0x080001e9   Thumb Code     0  rtexit2.o(.ARM.Collect$$rtexit$$00000004)
    Reset_Handler                            0x080001f1   Thumb Code     8  startup_stm32f10x_md.o(.text)
    ADC1_2_IRQHandler                        0x0800020b   Thumb Code     0  startup_stm32f10x_md.o(.text)
    CAN1_RX1_IRQHandler                      0x0800020b   Thumb Code     0  startup_stm32f10x_md.o(.text)
    CAN1_SCE_IRQHandler                      0x0800020b   Thumb Code     0  startup_stm32f10x_md.o(.text)
    DMA1_Channel1_IRQHandler                 0x0800020b   Thumb Code     0  startup_stm32f10x_md.o(.text)
    DMA1_Channel2_IRQHandler                 0x0800020b   Thumb Code     0  startup_stm32f10x_md.o(.text)
    DMA1_Channel3_IRQHandler                 0x0800020b   Thumb Code     0  startup_stm32f10x_md.o(.text)
    DMA1_Channel4_IRQHandler                 0x0800020b   Thumb Code     0  startup_stm32f10x_md.o(.text)
    DMA1_Channel5_IRQHandler                 0x0800020b   Thumb Code     0  startup_stm32f10x_md.o(.text)
    DMA1_Channel6_IRQHandler                 0x0800020b   Thumb Code     0  startup_stm32f10x_md.o(.text)
    DMA1_Channel7_IRQHandler                 0x0800020b   Thumb Code     0  startup_stm32f10x_md.o(.text)
    EXTI15_10_IRQHandler                     0x0800020b   Thumb Code     0  startup_stm32f10x_md.o(.text)
    EXTI1_IRQHandler                         0x0800020b   Thumb Code     0  startup_stm32f10x_md.o(.text)
    EXTI2_IRQHandler                         0x0800020b   Thumb Code     0  startup_stm32f10x_md.o(.text)
    EXTI3_IRQHandler                         0x0800020b   Thumb Code     0  startup_stm32f10x_md.o(.text)
    EXTI4_IRQHandler                         0x0800020b   Thumb Code     0  startup_stm32f10x_md.o(.text)
    FLASH_IRQHandler                         0x0800020b   Thumb Code     0  startup_stm32f10x_md.o(.text)
    I2C1_ER_IRQHandler                       0x0800020b   Thumb Code     0  startup_stm32f10x_md.o(.text)
    I2C1_EV_IRQHandler                       0x0800020b   Thumb Code     0  startup_stm32f10x_md.o(.text)
    I2C2_ER_IRQHandler                       0x0800020b   Thumb Code     0  startup_stm32f10x_md.o(.text)
    I2C2_EV_IRQHandler                       0x0800020b   Thumb Code     0  startup_stm32f10x_md.o(.text)
    PVD_IRQHandler                           0x0800020b   Thumb Code     0  startup_stm32f10x_md.o(.text)
    RCC_IRQHandler                           0x0800020b   Thumb Code     0  startup_stm32f10x_md.o(.text)
    RTCAlarm_IRQHandler                      0x0800020b   Thumb Code     0  startup_stm32f10x_md.o(.text)
    RTC_IRQHandler                           0x0800020b   Thumb Code     0  startup_stm32f10x_md.o(.text)
    SPI1_IRQHandler                          0x0800020b   Thumb Code     0  startup_stm32f10x_md.o(.text)
    SPI2_IRQHandler                          0x0800020b   Thumb Code     0  startup_stm32f10x_md.o(.text)
    TAMPER_IRQHandler                        0x0800020b   Thumb Code     0  startup_stm32f10x_md.o(.text)
    TIM1_BRK_IRQHandler                      0x0800020b   Thumb Code     0  startup_stm32f10x_md.o(.text)
    TIM1_CC_IRQHandler                       0x0800020b   Thumb Code     0  startup_stm32f10x_md.o(.text)
    TIM1_TRG_COM_IRQHandler                  0x0800020b   Thumb Code     0  startup_stm32f10x_md.o(.text)
    TIM1_UP_IRQHandler                       0x0800020b   Thumb Code     0  startup_stm32f10x_md.o(.text)
    TIM2_IRQHandler                          0x0800020b   Thumb Code     0  startup_stm32f10x_md.o(.text)
    TIM3_IRQHandler                          0x0800020b   Thumb Code     0  startup_stm32f10x_md.o(.text)
    TIM4_IRQHandler                          0x0800020b   Thumb Code     0  startup_stm32f10x_md.o(.text)
    USART2_IRQHandler                        0x0800020b   Thumb Code     0  startup_stm32f10x_md.o(.text)
    USART3_IRQHandler                        0x0800020b   Thumb Code     0  startup_stm32f10x_md.o(.text)
    USBWakeUp_IRQHandler                     0x0800020b   Thumb Code     0  startup_stm32f10x_md.o(.text)
    USB_HP_CAN1_TX_IRQHandler                0x0800020b   Thumb Code     0  startup_stm32f10x_md.o(.text)
    USB_LP_CAN1_RX0_IRQHandler               0x0800020b   Thumb Code     0  startup_stm32f10x_md.o(.text)
    WWDG_IRQHandler                          0x0800020b   Thumb Code     0  startup_stm32f10x_md.o(.text)
    __user_initial_stackheap                 0x0800020d   Thumb Code     0  startup_stm32f10x_md.o(.text)
    __use_no_semihosting                     0x08000231   Thumb Code     2  use_no_semi_2.o(.text)
    __2printf                                0x08000235   Thumb Code    20  noretval__2printf.o(.text)
    _printf_pre_padding                      0x0800024d   Thumb Code    44  _printf_pad.o(.text)
    _printf_post_padding                     0x08000279   Thumb Code    34  _printf_pad.o(.text)
    _printf_int_dec                          0x0800029d   Thumb Code   104  _printf_dec.o(.text)
    __printf                                 0x08000315   Thumb Code   308  __printf_flags_wp.o(.text)
    __aeabi_memcpy4                          0x0800044d   Thumb Code     0  rt_memcpy_w.o(.text)
    __aeabi_memcpy8                          0x0800044d   Thumb Code     0  rt_memcpy_w.o(.text)
    __rt_memcpy_w                            0x0800044d   Thumb Code   100  rt_memcpy_w.o(.text)
    _memcpy_lastbytes_aligned                0x08000495   Thumb Code     0  rt_memcpy_w.o(.text)
    __use_two_region_memory                  0x080004b1   Thumb Code     2  heapauxi.o(.text)
    __rt_heap_escrow$2region                 0x080004b3   Thumb Code     2  heapauxi.o(.text)
    __rt_heap_expand$2region                 0x080004b5   Thumb Code     2  heapauxi.o(.text)
    __I$use$semihosting                      0x080004b7   Thumb Code     0  use_no_semi.o(.text)
    __use_no_semihosting_swi                 0x080004b7   Thumb Code     2  use_no_semi.o(.text)
    _printf_int_common                       0x080004b9   Thumb Code   178  _printf_intcommon.o(.text)
    __lib_sel_fp_printf                      0x0800056b   Thumb Code     2  _printf_fp_dec.o(.text)
    _printf_fp_dec_real                      0x08000719   Thumb Code   620  _printf_fp_dec.o(.text)
    _printf_char_file                        0x08000985   Thumb Code    32  _printf_char_file.o(.text)
    __rt_locale                              0x080009a9   Thumb Code     8  rt_locale_intlibspace.o(.text)
    _ll_udiv10                               0x080009b1   Thumb Code   138  lludiv10.o(.text)
    _printf_char_common                      0x08000a47   Thumb Code    32  _printf_char_common.o(.text)
    _printf_fp_infnan                        0x08000a6d   Thumb Code   112  _printf_fp_infnan.o(.text)
    _btod_etento                             0x08000aed   Thumb Code   216  bigflt0.o(.text)
    ferror                                   0x08000bc9   Thumb Code     8  ferror.o(.text)
    __user_libspace                          0x08000bd1   Thumb Code     8  libspace.o(.text)
    __user_perproc_libspace                  0x08000bd1   Thumb Code     0  libspace.o(.text)
    __user_perthread_libspace                0x08000bd1   Thumb Code     0  libspace.o(.text)
    __user_setup_stackheap                   0x08000bd9   Thumb Code    74  sys_stackheap_outer.o(.text)
    exit                                     0x08000c23   Thumb Code    18  exit.o(.text)
    strcmp                                   0x08000c35   Thumb Code   128  strcmpv7m.o(.text)
    _btod_d2e                                0x08000cb5   Thumb Code    62  btod.o(CL$$btod_d2e)
    _d2e_denorm_low                          0x08000cf3   Thumb Code    70  btod.o(CL$$btod_d2e_denorm_low)
    _d2e_norm_op1                            0x08000d39   Thumb Code    96  btod.o(CL$$btod_d2e_norm_op1)
    __btod_div_common                        0x08000d99   Thumb Code   696  btod.o(CL$$btod_div_common)
    _e2e                                     0x080010d1   Thumb Code   198  btod.o(CL$$btod_e2e)
    _btod_ediv                               0x08001197   Thumb Code    40  btod.o(CL$$btod_ediv)
    _btod_emul                               0x080011bf   Thumb Code    40  btod.o(CL$$btod_emul)
    __btod_mult_common                       0x080011e7   Thumb Code   580  btod.o(CL$$btod_mult_common)
    BusFault_Handler                         0x0800142b   Thumb Code     4  stm32f10x_it.o(i.BusFault_Handler)
    DebugMon_Handler                         0x0800142f   Thumb Code     2  stm32f10x_it.o(i.DebugMon_Handler)
    EXTI0_IRQHandler                         0x08001431   Thumb Code    26  eint.o(i.EXTI0_IRQHandler)
    EXTI9_5_IRQHandler                       0x08001451   Thumb Code    56  eint.o(i.EXTI9_5_IRQHandler)
    EXTI_ClearITPendingBit                   0x08001491   Thumb Code     6  stm32f10x_exti.o(i.EXTI_ClearITPendingBit)
    EXTI_GetITStatus                         0x0800149d   Thumb Code    34  stm32f10x_exti.o(i.EXTI_GetITStatus)
    EXTI_Init                                0x080014c5   Thumb Code   142  stm32f10x_exti.o(i.EXTI_Init)
    GPIO_EXTILineConfig                      0x08001559   Thumb Code    60  stm32f10x_gpio.o(i.GPIO_EXTILineConfig)
    GPIO_Init                                0x08001599   Thumb Code   278  stm32f10x_gpio.o(i.GPIO_Init)
    GPIO_PinRemapConfig                      0x080016b1   Thumb Code   138  stm32f10x_gpio.o(i.GPIO_PinRemapConfig)
    HardFault_Handler                        0x08001741   Thumb Code     4  stm32f10x_it.o(i.HardFault_Handler)
    IIC_Ack                                  0x08001745   Thumb Code    48  gpio_iic.o(i.IIC_Ack)
    IIC_Init                                 0x0800177d   Thumb Code    82  gpio_iic.o(i.IIC_Init)
    IIC_NAck                                 0x080017e9   Thumb Code    48  gpio_iic.o(i.IIC_NAck)
    IIC_Recv_Byte                            0x08001821   Thumb Code    86  gpio_iic.o(i.IIC_Recv_Byte)
    IIC_Sda_In                               0x08001881   Thumb Code    12  gpio_iic.o(i.IIC_Sda_In)
    IIC_Sda_Out                              0x08001895   Thumb Code    12  gpio_iic.o(i.IIC_Sda_Out)
    IIC_Send_Byte                            0x080018a9   Thumb Code    70  gpio_iic.o(i.IIC_Send_Byte)
    IIC_Start                                0x080018f9   Thumb Code    46  gpio_iic.o(i.IIC_Start)
    IIC_Stop                                 0x08001931   Thumb Code    50  gpio_iic.o(i.IIC_Stop)
    IIC_Wait_Ack                             0x0800196d   Thumb Code    68  gpio_iic.o(i.IIC_Wait_Ack)
    MemManage_Handler                        0x080019b9   Thumb Code     4  stm32f10x_it.o(i.MemManage_Handler)
    NMI_Handler                              0x080019bd   Thumb Code     2  stm32f10x_it.o(i.NMI_Handler)
    NVIC_Init                                0x080019c1   Thumb Code   100  misc.o(i.NVIC_Init)
    NVIC_PriorityGroupConfig                 0x08001a31   Thumb Code    10  misc.o(i.NVIC_PriorityGroupConfig)
    OLED_Clear                               0x08001a45   Thumb Code    64  oled.o(i.OLED_Clear)
    OLED_Init                                0x08001a85   Thumb Code   184  oled.o(i.OLED_Init)
    OLED_WR_Byte                             0x08001b3d   Thumb Code    24  oled.o(i.OLED_WR_Byte)
    PendSV_Handler                           0x08001b55   Thumb Code     2  stm32f10x_it.o(i.PendSV_Handler)
    RCC_APB2PeriphClockCmd                   0x08001b59   Thumb Code    26  stm32f10x_rcc.o(i.RCC_APB2PeriphClockCmd)
    RCC_GetClocksFreq                        0x08001b79   Thumb Code   192  stm32f10x_rcc.o(i.RCC_GetClocksFreq)
    SVC_Handler                              0x08001c4d   Thumb Code     2  stm32f10x_it.o(i.SVC_Handler)
    SysTick_CLKSourceConfig                  0x08001d39   Thumb Code    40  misc.o(i.SysTick_CLKSourceConfig)
    SysTick_Handler                          0x08001d61   Thumb Code     2  stm32f10x_it.o(i.SysTick_Handler)
    SystemInit                               0x08001d65   Thumb Code    78  system_stm32f10x.o(i.SystemInit)
    USART1_IRQHandler                        0x08001dc5   Thumb Code    44  usart.o(i.USART1_IRQHandler)
    USART_ClearFlag                          0x08001df9   Thumb Code    18  stm32f10x_usart.o(i.USART_ClearFlag)
    USART_ClearITPendingBit                  0x08001e0b   Thumb Code    30  stm32f10x_usart.o(i.USART_ClearITPendingBit)
    USART_Cmd                                0x08001e29   Thumb Code    24  stm32f10x_usart.o(i.USART_Cmd)
    USART_GetFlagStatus                      0x08001e41   Thumb Code    26  stm32f10x_usart.o(i.USART_GetFlagStatus)
    USART_ITConfig                           0x08001e5b   Thumb Code    74  stm32f10x_usart.o(i.USART_ITConfig)
    USART_Init                               0x08001ea5   Thumb Code   210  stm32f10x_usart.o(i.USART_Init)
    USART_ReceiveData                        0x08001f7d   Thumb Code    10  stm32f10x_usart.o(i.USART_ReceiveData)
    USART_SendData                           0x08001f87   Thumb Code     8  stm32f10x_usart.o(i.USART_SendData)
    UsageFault_Handler                       0x08001f8f   Thumb Code     4  stm32f10x_it.o(i.UsageFault_Handler)
    Write_IIC_Command                        0x08001f93   Thumb Code    44  oled.o(i.Write_IIC_Command)
    Write_IIC_Data                           0x08001fbf   Thumb Code    44  oled.o(i.Write_IIC_Data)
    __ARM_fpclassify                         0x08001feb   Thumb Code    40  fpclassify.o(i.__ARM_fpclassify)
    _is_digit                                0x08002013   Thumb Code    14  __printf_wp.o(i._is_digit)
    _sys_exit                                0x08002021   Thumb Code     2  usart.o(i._sys_exit)
    beep_init                                0x08002025   Thumb Code    44  beep.o(i.beep_init)
    delay_init                               0x08002059   Thumb Code    42  delay.o(i.delay_init)
    delay_ms                                 0x0800208d   Thumb Code    56  delay.o(i.delay_ms)
    delay_us                                 0x080020c5   Thumb Code    72  delay.o(i.delay_us)
    delay_xms                                0x08002111   Thumb Code    72  delay.o(i.delay_xms)
    dht_init                                 0x0800215d   Thumb Code    12  dht.o(i.dht_init)
    dht_input_status                         0x08002169   Thumb Code    12  dht.o(i.dht_input_status)
    dht_output_status                        0x08002179   Thumb Code    26  dht.o(i.dht_output_status)
    digit_show_data                          0x08002199   Thumb Code   150  ldt.o(i.digit_show_data)
    eint_init                                0x08002245   Thumb Code   172  eint.o(i.eint_init)
    fputc                                    0x080022f9   Thumb Code    16  usart.o(i.fputc)
    get_dht_value                            0x08002309   Thumb Code   200  dht.o(i.get_dht_value)
    h                                        0x080023d1   Thumb Code   112  main.o(i.h)
    hc138_out_data                           0x08002449   Thumb Code   100  ldt.o(i.hc138_out_data)
    hc595_send_data                          0x080024b9   Thumb Code    70  ldt.o(i.hc595_send_data)
    key_init                                 0x08002509   Thumb Code    54  key.o(i.key_init)
    ldt_init                                 0x08002549   Thumb Code   100  ldt.o(i.ldt_init)
    led_init                                 0x080025bd   Thumb Code    56  led.o(i.led_init)
    led_off                                  0x08002601   Thumb Code    44  led.o(i.led_off)
    led_on                                   0x08002631   Thumb Code    44  led.o(i.led_on)
    main                                     0x08002661   Thumb Code   226  main.o(i.main)
    picture_1                                0x08002779   Thumb Code    72  oled.o(i.picture_1)
    set_dht_gpio_input                       0x080027c5   Thumb Code    24  dht.o(i.set_dht_gpio_input)
    set_dht_gpio_output                      0x080027e1   Thumb Code    30  dht.o(i.set_dht_gpio_output)
    set_usart1_handler                       0x08002805   Thumb Code     6  usart.o(i.set_usart1_handler)
    sht_init                                 0x08002811   Thumb Code     8  sht.o(i.sht_init)
    sht_read_data                            0x08002819   Thumb Code   188  sht.o(i.sht_read_data)
    sht_write_mode                           0x080028e5   Thumb Code    42  sht.o(i.sht_write_mode)
    sht_write_read_cmd                       0x0800290f   Thumb Code    38  sht.o(i.sht_write_read_cmd)
    usart_1_init                             0x08002935   Thumb Code   162  usart.o(i.usart_1_init)
    usart_1_send_byte                        0x080029e1   Thumb Code    40  usart.o(i.usart_1_send_byte)
    _get_lc_numeric                          0x08002a0d   Thumb Code    44  lc_numeric_c.o(locale$$code)
    __aeabi_dadd                             0x08002a39   Thumb Code     0  daddsub_clz.o(x$fpl$dadd)
    _dadd                                    0x08002a39   Thumb Code   332  daddsub_clz.o(x$fpl$dadd)
    __aeabi_ddiv                             0x08002b89   Thumb Code     0  ddiv.o(x$fpl$ddiv)
    _ddiv                                    0x08002b89   Thumb Code   552  ddiv.o(x$fpl$ddiv)
    __aeabi_ui2d                             0x08002e39   Thumb Code     0  dflt_clz.o(x$fpl$dfltu)
    _dfltu                                   0x08002e39   Thumb Code    38  dflt_clz.o(x$fpl$dfltu)
    __aeabi_dmul                             0x08002e61   Thumb Code     0  dmul.o(x$fpl$dmul)
    _dmul                                    0x08002e61   Thumb Code   332  dmul.o(x$fpl$dmul)
    __fpl_dnaninf                            0x08002fb5   Thumb Code   156  dnaninf.o(x$fpl$dnaninf)
    __fpl_dretinf                            0x08003051   Thumb Code    12  dretinf.o(x$fpl$dretinf)
    __aeabi_dsub                             0x0800305d   Thumb Code     0  daddsub_clz.o(x$fpl$dsub)
    _dsub                                    0x0800305d   Thumb Code   464  daddsub_clz.o(x$fpl$dsub)
    _printf_fp_dec                           0x08003231   Thumb Code     4  printf1.o(x$fpl$printf1)
    __I$use$fp                               0x08003234   Number         0  usenofp.o(x$fpl$usenofp)
    Region$$Table$$Base                      0x080032dc   Number         0  anon$$obj.o(Region$$Table)
    Region$$Table$$Limit                     0x080032fc   Number         0  anon$$obj.o(Region$$Table)
    e_h0                                     0x20000018   Data           4  eint.o(.data)
    e_h1                                     0x2000001c   Data           4  eint.o(.data)
    e_h2                                     0x20000020   Data           4  eint.o(.data)
    u1_h                                     0x20000024   Data           4  usart.o(.data)
    __stdout                                 0x20000028   Data           4  usart.o(.data)
    __stdin                                  0x2000002c   Data           4  usart.o(.data)
    GPIO_InitForSCL                          0x20000030   Data           4  gpio_iic.o(.data)
    GPIO_InitForSDAOut                       0x20000034   Data           4  gpio_iic.o(.data)
    GPIO_InitForSDAIn                        0x20000038   Data           4  gpio_iic.o(.data)
    Picture1                                 0x2000003c   Data        1024  oled.o(.data)
    chan                                     0x2000043c   Data         160  oled.o(.data)
    Temp                                     0x200004dc   Data          64  oled.o(.data)
    Hum                                      0x2000051c   Data          64  oled.o(.data)
    T                                        0x2000055c   Data          32  oled.o(.data)
    flag                                     0x2000057c   Data           4  main.o(.data)
    a                                        0x20000580   Data           4  main.o(.data)
    __libspace_start                         0x20000584   Data          96  libspace.o(.bss)
    __temporary_stack_top$libspace           0x200005e4   Data           0  libspace.o(.bss)



==============================================================================

Memory Map of the image

  Image Entry point : 0x080001f1

  Load Region LR_1 (Base: 0x08000000, Size: 0x0000389c, Max: 0xffffffff, ABSOLUTE, COMPRESSED[0x0000373c])

    Execution Region ER_RO (Base: 0x08000000, Size: 0x00003318, Max: 0xffffffff, ABSOLUTE)

    Base Addr    Size         Type   Attr      Idx    E Section Name        Object

    0x08000000   0x000000ec   Data   RO           19    RESET               startup_stm32f10x_md.o
    0x080000ec   0x00000008   Code   RO         1526  * !!!main             c_w.l(__main.o)
    0x080000f4   0x00000034   Code   RO         1766    !!!scatter          c_w.l(__scatter.o)
    0x08000128   0x00000064   Code   RO         1764    !!dclz77c           c_w.l(__dclz77c.o)
    0x0800018c   0x0000001c   Code   RO         1768    !!handler_zi        c_w.l(__scatter_zi.o)
    0x080001a8   0x00000000   Code   RO         1521    .ARM.Collect$$_printf_percent$$00000000  c_w.l(_printf_percent.o)
    0x080001a8   0x00000006   Code   RO         1520    .ARM.Collect$$_printf_percent$$00000003  c_w.l(_printf_f.o)
    0x080001ae   0x00000006   Code   RO         1519    .ARM.Collect$$_printf_percent$$00000009  c_w.l(_printf_d.o)
    0x080001b4   0x00000004   Code   RO         1557    .ARM.Collect$$_printf_percent$$00000017  c_w.l(_printf_percent_end.o)
    0x080001b8   0x00000002   Code   RO         1641    .ARM.Collect$$libinit$$00000000  c_w.l(libinit.o)
    0x080001ba   0x00000000   Code   RO         1643    .ARM.Collect$$libinit$$00000002  c_w.l(libinit2.o)
    0x080001ba   0x00000000   Code   RO         1645    .ARM.Collect$$libinit$$00000004  c_w.l(libinit2.o)
    0x080001ba   0x00000000   Code   RO         1648    .ARM.Collect$$libinit$$0000000A  c_w.l(libinit2.o)
    0x080001ba   0x00000000   Code   RO         1650    .ARM.Collect$$libinit$$0000000C  c_w.l(libinit2.o)
    0x080001ba   0x00000000   Code   RO         1652    .ARM.Collect$$libinit$$0000000E  c_w.l(libinit2.o)
    0x080001ba   0x00000006   Code   RO         1653    .ARM.Collect$$libinit$$0000000F  c_w.l(libinit2.o)
    0x080001c0   0x00000000   Code   RO         1655    .ARM.Collect$$libinit$$00000011  c_w.l(libinit2.o)
    0x080001c0   0x00000000   Code   RO         1657    .ARM.Collect$$libinit$$00000013  c_w.l(libinit2.o)
    0x080001c0   0x00000000   Code   RO         1659    .ARM.Collect$$libinit$$00000015  c_w.l(libinit2.o)
    0x080001c0   0x0000000a   Code   RO         1660    .ARM.Collect$$libinit$$00000016  c_w.l(libinit2.o)
    0x080001ca   0x00000000   Code   RO         1661    .ARM.Collect$$libinit$$00000017  c_w.l(libinit2.o)
    0x080001ca   0x00000000   Code   RO         1663    .ARM.Collect$$libinit$$00000019  c_w.l(libinit2.o)
    0x080001ca   0x00000000   Code   RO         1665    .ARM.Collect$$libinit$$0000001B  c_w.l(libinit2.o)
    0x080001ca   0x00000000   Code   RO         1667    .ARM.Collect$$libinit$$0000001D  c_w.l(libinit2.o)
    0x080001ca   0x00000000   Code   RO         1669    .ARM.Collect$$libinit$$0000001F  c_w.l(libinit2.o)
    0x080001ca   0x00000000   Code   RO         1671    .ARM.Collect$$libinit$$00000021  c_w.l(libinit2.o)
    0x080001ca   0x00000000   Code   RO         1673    .ARM.Collect$$libinit$$00000023  c_w.l(libinit2.o)
    0x080001ca   0x00000000   Code   RO         1675    .ARM.Collect$$libinit$$00000025  c_w.l(libinit2.o)
    0x080001ca   0x00000000   Code   RO         1679    .ARM.Collect$$libinit$$0000002C  c_w.l(libinit2.o)
    0x080001ca   0x00000000   Code   RO         1681    .ARM.Collect$$libinit$$0000002E  c_w.l(libinit2.o)
    0x080001ca   0x00000000   Code   RO         1683    .ARM.Collect$$libinit$$00000030  c_w.l(libinit2.o)
    0x080001ca   0x00000000   Code   RO         1685    .ARM.Collect$$libinit$$00000032  c_w.l(libinit2.o)
    0x080001ca   0x00000002   Code   RO         1686    .ARM.Collect$$libinit$$00000033  c_w.l(libinit2.o)
    0x080001cc   0x00000002   Code   RO         1714    .ARM.Collect$$libshutdown$$00000000  c_w.l(libshutdown.o)
    0x080001ce   0x00000000   Code   RO         1723    .ARM.Collect$$libshutdown$$00000002  c_w.l(libshutdown2.o)
    0x080001ce   0x00000000   Code   RO         1725    .ARM.Collect$$libshutdown$$00000004  c_w.l(libshutdown2.o)
    0x080001ce   0x00000000   Code   RO         1728    .ARM.Collect$$libshutdown$$00000007  c_w.l(libshutdown2.o)
    0x080001ce   0x00000000   Code   RO         1731    .ARM.Collect$$libshutdown$$0000000A  c_w.l(libshutdown2.o)
    0x080001ce   0x00000000   Code   RO         1733    .ARM.Collect$$libshutdown$$0000000C  c_w.l(libshutdown2.o)
    0x080001ce   0x00000000   Code   RO         1736    .ARM.Collect$$libshutdown$$0000000F  c_w.l(libshutdown2.o)
    0x080001ce   0x00000002   Code   RO         1737    .ARM.Collect$$libshutdown$$00000010  c_w.l(libshutdown2.o)
    0x080001d0   0x00000000   Code   RO         1550    .ARM.Collect$$rtentry$$00000000  c_w.l(__rtentry.o)
    0x080001d0   0x00000000   Code   RO         1564    .ARM.Collect$$rtentry$$00000002  c_w.l(__rtentry2.o)
    0x080001d0   0x00000006   Code   RO         1576    .ARM.Collect$$rtentry$$00000004  c_w.l(__rtentry4.o)
    0x080001d6   0x00000000   Code   RO         1566    .ARM.Collect$$rtentry$$00000009  c_w.l(__rtentry2.o)
    0x080001d6   0x00000004   Code   RO         1567    .ARM.Collect$$rtentry$$0000000A  c_w.l(__rtentry2.o)
    0x080001da   0x00000000   Code   RO         1569    .ARM.Collect$$rtentry$$0000000C  c_w.l(__rtentry2.o)
    0x080001da   0x00000008   Code   RO         1570    .ARM.Collect$$rtentry$$0000000D  c_w.l(__rtentry2.o)
    0x080001e2   0x00000002   Code   RO         1687    .ARM.Collect$$rtexit$$00000000  c_w.l(rtexit.o)
    0x080001e4   0x00000000   Code   RO         1694    .ARM.Collect$$rtexit$$00000002  c_w.l(rtexit2.o)
    0x080001e4   0x00000004   Code   RO         1695    .ARM.Collect$$rtexit$$00000003  c_w.l(rtexit2.o)
    0x080001e8   0x00000006   Code   RO         1696    .ARM.Collect$$rtexit$$00000004  c_w.l(rtexit2.o)
    0x080001ee   0x00000002   PAD
    0x080001f0   0x00000040   Code   RO           20  * .text               startup_stm32f10x_md.o
    0x08000230   0x00000002   Code   RO         1487    .text               c_w.l(use_no_semi_2.o)
    0x08000232   0x00000002   PAD
    0x08000234   0x00000018   Code   RO         1491    .text               c_w.l(noretval__2printf.o)
    0x0800024c   0x0000004e   Code   RO         1495    .text               c_w.l(_printf_pad.o)
    0x0800029a   0x00000002   PAD
    0x0800029c   0x00000078   Code   RO         1497    .text               c_w.l(_printf_dec.o)
    0x08000314   0x00000138   Code   RO         1511    .text               c_w.l(__printf_flags_wp.o)
    0x0800044c   0x00000064   Code   RO         1522    .text               c_w.l(rt_memcpy_w.o)
    0x080004b0   0x00000006   Code   RO         1524    .text               c_w.l(heapauxi.o)
    0x080004b6   0x00000002   Code   RO         1548    .text               c_w.l(use_no_semi.o)
    0x080004b8   0x000000b2   Code   RO         1551    .text               c_w.l(_printf_intcommon.o)
    0x0800056a   0x0000041a   Code   RO         1553    .text               c_w.l(_printf_fp_dec.o)
    0x08000984   0x00000024   Code   RO         1555    .text               c_w.l(_printf_char_file.o)
    0x080009a8   0x00000008   Code   RO         1581    .text               c_w.l(rt_locale_intlibspace.o)
    0x080009b0   0x0000008a   Code   RO         1583    .text               c_w.l(lludiv10.o)
    0x08000a3a   0x00000002   PAD
    0x08000a3c   0x00000030   Code   RO         1585    .text               c_w.l(_printf_char_common.o)
    0x08000a6c   0x00000080   Code   RO         1587    .text               c_w.l(_printf_fp_infnan.o)
    0x08000aec   0x000000dc   Code   RO         1589    .text               c_w.l(bigflt0.o)
    0x08000bc8   0x00000008   Code   RO         1614    .text               c_w.l(ferror.o)
    0x08000bd0   0x00000008   Code   RO         1625    .text               c_w.l(libspace.o)
    0x08000bd8   0x0000004a   Code   RO         1628    .text               c_w.l(sys_stackheap_outer.o)
    0x08000c22   0x00000012   Code   RO         1632    .text               c_w.l(exit.o)
    0x08000c34   0x00000080   Code   RO         1634    .text               c_w.l(strcmpv7m.o)
    0x08000cb4   0x0000003e   Code   RO         1592    CL$$btod_d2e        c_w.l(btod.o)
    0x08000cf2   0x00000046   Code   RO         1594    CL$$btod_d2e_denorm_low  c_w.l(btod.o)
    0x08000d38   0x00000060   Code   RO         1593    CL$$btod_d2e_norm_op1  c_w.l(btod.o)
    0x08000d98   0x00000338   Code   RO         1602    CL$$btod_div_common  c_w.l(btod.o)
    0x080010d0   0x000000c6   Code   RO         1599    CL$$btod_e2e        c_w.l(btod.o)
    0x08001196   0x00000028   Code   RO         1596    CL$$btod_ediv       c_w.l(btod.o)
    0x080011be   0x00000028   Code   RO         1595    CL$$btod_emul       c_w.l(btod.o)
    0x080011e6   0x00000244   Code   RO         1601    CL$$btod_mult_common  c_w.l(btod.o)
    0x0800142a   0x00000004   Code   RO         1388    i.BusFault_Handler  stm32f10x_it.o
    0x0800142e   0x00000002   Code   RO         1389    i.DebugMon_Handler  stm32f10x_it.o
    0x08001430   0x00000020   Code   RO          924    i.EXTI0_IRQHandler  eint.o
    0x08001450   0x00000040   Code   RO          925    i.EXTI9_5_IRQHandler  eint.o
    0x08001490   0x0000000c   Code   RO          458    i.EXTI_ClearITPendingBit  stm32f10x_exti.o
    0x0800149c   0x00000028   Code   RO          462    i.EXTI_GetITStatus  stm32f10x_exti.o
    0x080014c4   0x00000094   Code   RO          463    i.EXTI_Init         stm32f10x_exti.o
    0x08001558   0x00000040   Code   RO          310    i.GPIO_EXTILineConfig  stm32f10x_gpio.o
    0x08001598   0x00000116   Code   RO          313    i.GPIO_Init         stm32f10x_gpio.o
    0x080016ae   0x00000002   PAD
    0x080016b0   0x00000090   Code   RO          315    i.GPIO_PinRemapConfig  stm32f10x_gpio.o
    0x08001740   0x00000004   Code   RO         1390    i.HardFault_Handler  stm32f10x_it.o
    0x08001744   0x00000038   Code   RO         1045    i.IIC_Ack           gpio_iic.o
    0x0800177c   0x0000006c   Code   RO         1046    i.IIC_Init          gpio_iic.o
    0x080017e8   0x00000038   Code   RO         1047    i.IIC_NAck          gpio_iic.o
    0x08001820   0x00000060   Code   RO         1048    i.IIC_Recv_Byte     gpio_iic.o
    0x08001880   0x00000014   Code   RO         1049    i.IIC_Sda_In        gpio_iic.o
    0x08001894   0x00000014   Code   RO         1050    i.IIC_Sda_Out       gpio_iic.o
    0x080018a8   0x00000050   Code   RO         1051    i.IIC_Send_Byte     gpio_iic.o
    0x080018f8   0x00000038   Code   RO         1052    i.IIC_Start         gpio_iic.o
    0x08001930   0x0000003c   Code   RO         1053    i.IIC_Stop          gpio_iic.o
    0x0800196c   0x0000004c   Code   RO         1054    i.IIC_Wait_Ack      gpio_iic.o
    0x080019b8   0x00000004   Code   RO         1391    i.MemManage_Handler  stm32f10x_it.o
    0x080019bc   0x00000002   Code   RO         1392    i.NMI_Handler       stm32f10x_it.o
    0x080019be   0x00000002   PAD
    0x080019c0   0x00000070   Code   RO          421    i.NVIC_Init         misc.o
    0x08001a30   0x00000014   Code   RO          422    i.NVIC_PriorityGroupConfig  misc.o
    0x08001a44   0x00000040   Code   RO         1120    i.OLED_Clear        oled.o
    0x08001a84   0x000000b8   Code   RO         1126    i.OLED_Init         oled.o
    0x08001b3c   0x00000018   Code   RO         1137    i.OLED_WR_Byte      oled.o
    0x08001b54   0x00000002   Code   RO         1393    i.PendSV_Handler    stm32f10x_it.o
    0x08001b56   0x00000002   PAD
    0x08001b58   0x00000020   Code   RO           28    i.RCC_APB2PeriphClockCmd  stm32f10x_rcc.o
    0x08001b78   0x000000d4   Code   RO           36    i.RCC_GetClocksFreq  stm32f10x_rcc.o
    0x08001c4c   0x00000002   Code   RO         1394    i.SVC_Handler       stm32f10x_it.o
    0x08001c4e   0x00000008   Code   RO         1451    i.SetSysClock       system_stm32f10x.o
    0x08001c56   0x00000002   PAD
    0x08001c58   0x000000e0   Code   RO         1452    i.SetSysClockTo72   system_stm32f10x.o
    0x08001d38   0x00000028   Code   RO          425    i.SysTick_CLKSourceConfig  misc.o
    0x08001d60   0x00000002   Code   RO         1395    i.SysTick_Handler   stm32f10x_it.o
    0x08001d62   0x00000002   PAD
    0x08001d64   0x00000060   Code   RO         1454    i.SystemInit        system_stm32f10x.o
    0x08001dc4   0x00000034   Code   RO          981    i.USART1_IRQHandler  usart.o
    0x08001df8   0x00000012   Code   RO          553    i.USART_ClearFlag   stm32f10x_usart.o
    0x08001e0a   0x0000001e   Code   RO          554    i.USART_ClearITPendingBit  stm32f10x_usart.o
    0x08001e28   0x00000018   Code   RO          557    i.USART_Cmd         stm32f10x_usart.o
    0x08001e40   0x0000001a   Code   RO          560    i.USART_GetFlagStatus  stm32f10x_usart.o
    0x08001e5a   0x0000004a   Code   RO          563    i.USART_ITConfig    stm32f10x_usart.o
    0x08001ea4   0x000000d8   Code   RO          564    i.USART_Init        stm32f10x_usart.o
    0x08001f7c   0x0000000a   Code   RO          571    i.USART_ReceiveData  stm32f10x_usart.o
    0x08001f86   0x00000008   Code   RO          574    i.USART_SendData    stm32f10x_usart.o
    0x08001f8e   0x00000004   Code   RO         1396    i.UsageFault_Handler  stm32f10x_it.o
    0x08001f92   0x0000002c   Code   RO         1139    i.Write_IIC_Command  oled.o
    0x08001fbe   0x0000002c   Code   RO         1140    i.Write_IIC_Data    oled.o
    0x08001fea   0x00000028   Code   RO         1623    i.__ARM_fpclassify  m_ws.l(fpclassify.o)
    0x08002012   0x0000000e   Code   RO         1509    i._is_digit         c_w.l(__printf_wp.o)
    0x08002020   0x00000002   Code   RO          982    i._sys_exit         usart.o
    0x08002022   0x00000002   PAD
    0x08002024   0x00000034   Code   RO          763    i.beep_init         beep.o
    0x08002058   0x00000034   Code   RO          847    i.delay_init        delay.o
    0x0800208c   0x00000038   Code   RO          848    i.delay_ms          delay.o
    0x080020c4   0x0000004c   Code   RO          849    i.delay_us          delay.o
    0x08002110   0x0000004c   Code   RO          850    i.delay_xms         delay.o
    0x0800215c   0x0000000c   Code   RO          879    i.dht_init          dht.o
    0x08002168   0x00000010   Code   RO          880    i.dht_input_status  dht.o
    0x08002178   0x00000020   Code   RO          881    i.dht_output_status  dht.o
    0x08002198   0x000000ac   Code   RO          811    i.digit_show_data   ldt.o
    0x08002244   0x000000b4   Code   RO          926    i.eint_init         eint.o
    0x080022f8   0x00000010   Code   RO          983    i.fputc             usart.o
    0x08002308   0x000000c8   Code   RO          882    i.get_dht_value     dht.o
    0x080023d0   0x00000078   Code   RO         1357    i.h                 main.o
    0x08002448   0x00000070   Code   RO          812    i.hc138_out_data    ldt.o
    0x080024b8   0x00000050   Code   RO          813    i.hc595_send_data   ldt.o
    0x08002508   0x00000040   Code   RO          790    i.key_init          key.o
    0x08002548   0x00000074   Code   RO          814    i.ldt_init          ldt.o
    0x080025bc   0x00000044   Code   RO          733    i.led_init          led.o
    0x08002600   0x00000030   Code   RO          734    i.led_off           led.o
    0x08002630   0x00000030   Code   RO          735    i.led_on            led.o
    0x08002660   0x00000118   Code   RO         1358    i.main              main.o
    0x08002778   0x0000004c   Code   RO         1143    i.picture_1         oled.o
    0x080027c4   0x0000001c   Code   RO          883    i.set_dht_gpio_input  dht.o
    0x080027e0   0x00000024   Code   RO          884    i.set_dht_gpio_output  dht.o
    0x08002804   0x0000000c   Code   RO          984    i.set_usart1_handler  usart.o
    0x08002810   0x00000008   Code   RO         1324    i.sht_init          sht.o
    0x08002818   0x000000cc   Code   RO         1325    i.sht_read_data     sht.o
    0x080028e4   0x0000002a   Code   RO         1326    i.sht_write_mode    sht.o
    0x0800290e   0x00000026   Code   RO         1327    i.sht_write_read_cmd  sht.o
    0x08002934   0x000000ac   Code   RO          985    i.usart_1_init      usart.o
    0x080029e0   0x0000002c   Code   RO          987    i.usart_1_send_byte  usart.o
    0x08002a0c   0x0000002c   Code   RO         1619    locale$$code        c_w.l(lc_numeric_c.o)
    0x08002a38   0x00000150   Code   RO         1528    x$fpl$dadd          fz_ws.l(daddsub_clz.o)
    0x08002b88   0x000002b0   Code   RO         1535    x$fpl$ddiv          fz_ws.l(ddiv.o)
    0x08002e38   0x00000026   Code   RO         1538    x$fpl$dfltu         fz_ws.l(dflt_clz.o)
    0x08002e5e   0x00000002   PAD
    0x08002e60   0x00000154   Code   RO         1544    x$fpl$dmul          fz_ws.l(dmul.o)
    0x08002fb4   0x0000009c   Code   RO         1558    x$fpl$dnaninf       fz_ws.l(dnaninf.o)
    0x08003050   0x0000000c   Code   RO         1560    x$fpl$dretinf       fz_ws.l(dretinf.o)
    0x0800305c   0x000001d4   Code   RO         1530    x$fpl$dsub          fz_ws.l(daddsub_clz.o)
    0x08003230   0x00000004   Code   RO         1546    x$fpl$printf1       fz_ws.l(printf1.o)
    0x08003234   0x00000000   Code   RO         1562    x$fpl$usenofp       fz_ws.l(usenofp.o)
    0x08003234   0x00000011   Data   RO         1512    .constdata          c_w.l(__printf_flags_wp.o)
    0x08003245   0x00000003   PAD
    0x08003248   0x00000094   Data   RO         1590    .constdata          c_w.l(bigflt0.o)
    0x080032dc   0x00000020   Data   RO         1762    Region$$Table       anon$$obj.o
    0x080032fc   0x0000001c   Data   RO         1618    locale$$data        c_w.l(lc_numeric_c.o)


    Execution Region ER_RW (Base: 0x20000000, Size: 0x00000584, Max: 0xffffffff, ABSOLUTE, COMPRESSED[0x00000424])

    Base Addr    Size         Type   Attr      Idx    E Section Name        Object

    0x20000000   0x00000014   Data   RW           56    .data               stm32f10x_rcc.o
    0x20000014   0x00000004   Data   RW          851    .data               delay.o
    0x20000018   0x0000000c   Data   RW          928    .data               eint.o
    0x20000024   0x0000000c   Data   RW          989    .data               usart.o
    0x20000030   0x0000000c   Data   RW         1055    .data               gpio_iic.o
    0x2000003c   0x00000540   Data   RW         1146    .data               oled.o
    0x2000057c   0x00000008   Data   RW         1359    .data               main.o


    Execution Region ER_ZI (Base: 0x20000584, Size: 0x00000664, Max: 0xffffffff, ABSOLUTE)

    Base Addr    Size         Type   Attr      Idx    E Section Name        Object

    0x20000584   0x00000060   Zero   RW         1626    .bss                c_w.l(libspace.o)
    0x200005e4   0x00000004   PAD
    0x200005e8   0x00000200   Zero   RW           18    HEAP                startup_stm32f10x_md.o
    0x200007e8   0x00000400   Zero   RW           17    STACK               startup_stm32f10x_md.o


==============================================================================

Image component sizes


      Code (inc. data)   RO Data    RW Data    ZI Data      Debug   Object Name

        52          8          0          0          0        444   beep.o
         0          0          0          0          0       4540   core_cm3.o
       260         18          0          4          0       2139   delay.o
       324         20          0          0          0       3337   dht.o
       276         22          0         12          0       1973   eint.o
       628        106          0         12          0       5100   gpio_iic.o
        64         10          0          0          0        443   key.o
       480         60          0          0          0       2140   ldt.o
       164         20          0          0          0       1330   led.o
       400         62          0          8          0       1968   main.o
       172         22          0          0          0       1865   misc.o
       436          4          0       1344          0       4593   oled.o
       292         16          0          0          0       1937   sht.o
        64         26        236          0       1536        780   startup_stm32f10x_md.o
       200         18          0          0          0       1912   stm32f10x_exti.o
       486         10          0          0          0       3224   stm32f10x_gpio.o
        26          0          0          0          0       3630   stm32f10x_it.o
       244         26          0         20          0     232157   stm32f10x_rcc.o
       406          6          0          0          0       6177   stm32f10x_usart.o
       328         28          0          0          0       1769   system_stm32f10x.o
       298         28          0         12          0       4907   usart.o

    ----------------------------------------------------------------------
      5612        510        268       1412       1536     286365   Object Totals
         0          0         32          0          0          0   (incl. Generated)
        12          0          0          0          0          0   (incl. Padding)

    ----------------------------------------------------------------------

      Code (inc. data)   RO Data    RW Data    ZI Data      Debug   Library Member Name

       100          0          0          0          0          0   __dclz77c.o
         8          0          0          0          0         68   __main.o
       312          4         17          0          0         92   __printf_flags_wp.o
        14          0          0          0          0         68   __printf_wp.o
         0          0          0          0          0          0   __rtentry.o
        12          0          0          0          0          0   __rtentry2.o
         6          0          0          0          0          0   __rtentry4.o
        52          8          0          0          0          0   __scatter.o
        28          0          0          0          0          0   __scatter_zi.o
        48          6          0          0          0         96   _printf_char_common.o
        36          4          0          0          0         80   _printf_char_file.o
         6          0          0          0          0          0   _printf_d.o
       120         16          0          0          0         92   _printf_dec.o
         6          0          0          0          0          0   _printf_f.o
      1050          0          0          0          0        216   _printf_fp_dec.o
       128         16          0          0          0         84   _printf_fp_infnan.o
       178          0          0          0          0         88   _printf_intcommon.o
        78          0          0          0          0        108   _printf_pad.o
         0          0          0          0          0          0   _printf_percent.o
         4          0          0          0          0          0   _printf_percent_end.o
       220          4        148          0          0         96   bigflt0.o
      1910        128          0          0          0        672   btod.o
        18          0          0          0          0         80   exit.o
         8          0          0          0          0         68   ferror.o
         6          0          0          0          0        152   heapauxi.o
        44         10         28          0          0         76   lc_numeric_c.o
         2          0          0          0          0          0   libinit.o
        18          0          0          0          0          0   libinit2.o
         2          0          0          0          0          0   libshutdown.o
         2          0          0          0          0          0   libshutdown2.o
         8          4          0          0         96         68   libspace.o
       138          0          0          0          0         80   lludiv10.o
        24          4          0          0          0         84   noretval__2printf.o
         8          4          0          0          0         68   rt_locale_intlibspace.o
       100          0          0          0          0         80   rt_memcpy_w.o
         2          0          0          0          0          0   rtexit.o
        10          0          0          0          0          0   rtexit2.o
       128          0          0          0          0         68   strcmpv7m.o
        74          0          0          0          0         80   sys_stackheap_outer.o
         2          0          0          0          0         68   use_no_semi.o
         2          0          0          0          0         68   use_no_semi_2.o
       804         16          0          0          0        272   daddsub_clz.o
       688        140          0          0          0        208   ddiv.o
        38          0          0          0          0         68   dflt_clz.o
       340         12          0          0          0        104   dmul.o
       156          4          0          0          0         92   dnaninf.o
        12          0          0          0          0         68   dretinf.o
         4          0          0          0          0         68   printf1.o
         0          0          0          0          0          0   usenofp.o
        40          0          0          0          0         68   fpclassify.o

    ----------------------------------------------------------------------
      7004        380        196          0        100       3748   Library Totals
        10          0          3          0          4          0   (incl. Padding)

    ----------------------------------------------------------------------

      Code (inc. data)   RO Data    RW Data    ZI Data      Debug   Library Name

      4912        208        193          0         96       2800   c_w.l
      2042        172          0          0          0        880   fz_ws.l
        40          0          0          0          0         68   m_ws.l

    ----------------------------------------------------------------------
      7004        380        196          0        100       3748   Library Totals

    ----------------------------------------------------------------------

==============================================================================


      Code (inc. data)   RO Data    RW Data    ZI Data      Debug   

     12616        890        464       1412       1636     284129   Grand Totals
     12616        890        464       1060       1636     284129   ELF Image Totals (compressed)
     12616        890        464       1060          0          0   ROM Totals

==============================================================================

    Total RO  Size (Code + RO Data)                13080 (  12.77kB)
    Total RW  Size (RW Data + ZI Data)              3048 (   2.98kB)
    Total ROM Size (Code + RO Data + RW Data)      14140 (  13.81kB)

==============================================================================

