Component: ARM Compiler 5.06 update 2 (build 183) Tool: armlink [4d35b7]

==============================================================================

Section Cross References

    startup_stm32f10x_md.o(STACK) refers (Special) to heapauxi.o(.text) for __use_two_region_memory
    startup_stm32f10x_md.o(HEAP) refers (Special) to heapauxi.o(.text) for __use_two_region_memory
    startup_stm32f10x_md.o(RESET) refers (Special) to heapauxi.o(.text) for __use_two_region_memory
    startup_stm32f10x_md.o(RESET) refers to startup_stm32f10x_md.o(STACK) for __initial_sp
    startup_stm32f10x_md.o(RESET) refers to startup_stm32f10x_md.o(.text) for Reset_Handler
    startup_stm32f10x_md.o(RESET) refers to stm32f10x_it.o(i.NMI_Handler) for NMI_Handler
    startup_stm32f10x_md.o(RESET) refers to stm32f10x_it.o(i.HardFault_Handler) for HardFault_Handler
    startup_stm32f10x_md.o(RESET) refers to stm32f10x_it.o(i.MemManage_Handler) for MemManage_Handler
    startup_stm32f10x_md.o(RESET) refers to stm32f10x_it.o(i.BusFault_Handler) for BusFault_Handler
    startup_stm32f10x_md.o(RESET) refers to stm32f10x_it.o(i.UsageFault_Handler) for UsageFault_Handler
    startup_stm32f10x_md.o(RESET) refers to stm32f10x_it.o(i.SVC_Handler) for SVC_Handler
    startup_stm32f10x_md.o(RESET) refers to stm32f10x_it.o(i.DebugMon_Handler) for DebugMon_Handler
    startup_stm32f10x_md.o(RESET) refers to stm32f10x_it.o(i.PendSV_Handler) for PendSV_Handler
    startup_stm32f10x_md.o(RESET) refers to stm32f10x_it.o(i.SysTick_Handler) for SysTick_Handler
    startup_stm32f10x_md.o(RESET) refers to eint.o(i.EXTI0_IRQHandler) for EXTI0_IRQHandler
    startup_stm32f10x_md.o(RESET) refers to eint.o(i.EXTI9_5_IRQHandler) for EXTI9_5_IRQHandler
    startup_stm32f10x_md.o(RESET) refers to usart1.o(i.USART1_IRQHandler) for USART1_IRQHandler
    startup_stm32f10x_md.o(.text) refers (Special) to heapauxi.o(.text) for __use_two_region_memory
    startup_stm32f10x_md.o(.text) refers to system_stm32f10x.o(i.SystemInit) for SystemInit
    startup_stm32f10x_md.o(.text) refers to __main.o(!!!main) for __main
    startup_stm32f10x_md.o(.text) refers to startup_stm32f10x_md.o(HEAP) for Heap_Mem
    startup_stm32f10x_md.o(.text) refers to startup_stm32f10x_md.o(STACK) for Stack_Mem
    stm32f10x_rcc.o(i.RCC_GetClocksFreq) refers to stm32f10x_rcc.o(.data) for APBAHBPrescTable
    stm32f10x_rcc.o(i.RCC_WaitForHSEStartUp) refers to stm32f10x_rcc.o(i.RCC_GetFlagStatus) for RCC_GetFlagStatus
    stm32f10x_gpio.o(i.GPIO_AFIODeInit) refers to stm32f10x_rcc.o(i.RCC_APB2PeriphResetCmd) for RCC_APB2PeriphResetCmd
    stm32f10x_gpio.o(i.GPIO_DeInit) refers to stm32f10x_rcc.o(i.RCC_APB2PeriphResetCmd) for RCC_APB2PeriphResetCmd
    stm32f10x_usart.o(i.USART_DeInit) refers to stm32f10x_rcc.o(i.RCC_APB2PeriphResetCmd) for RCC_APB2PeriphResetCmd
    stm32f10x_usart.o(i.USART_DeInit) refers to stm32f10x_rcc.o(i.RCC_APB1PeriphResetCmd) for RCC_APB1PeriphResetCmd
    stm32f10x_usart.o(i.USART_Init) refers to stm32f10x_rcc.o(i.RCC_GetClocksFreq) for RCC_GetClocksFreq
    stm32f10x_adc.o(i.ADC_DeInit) refers to stm32f10x_rcc.o(i.RCC_APB2PeriphResetCmd) for RCC_APB2PeriphResetCmd
    stm32f10x_pwr.o(i.PWR_DeInit) refers to stm32f10x_rcc.o(i.RCC_APB1PeriphResetCmd) for RCC_APB1PeriphResetCmd
    stm32f10x_bkp.o(i.BKP_DeInit) refers to stm32f10x_rcc.o(i.RCC_BackupResetCmd) for RCC_BackupResetCmd
    stm32f10x_rtc.o(i.RTC_SetAlarm) refers to stm32f10x_rtc.o(i.RTC_EnterConfigMode) for RTC_EnterConfigMode
    stm32f10x_rtc.o(i.RTC_SetAlarm) refers to stm32f10x_rtc.o(i.RTC_ExitConfigMode) for RTC_ExitConfigMode
    stm32f10x_rtc.o(i.RTC_SetCounter) refers to stm32f10x_rtc.o(i.RTC_EnterConfigMode) for RTC_EnterConfigMode
    stm32f10x_rtc.o(i.RTC_SetCounter) refers to stm32f10x_rtc.o(i.RTC_ExitConfigMode) for RTC_ExitConfigMode
    stm32f10x_rtc.o(i.RTC_SetPrescaler) refers to stm32f10x_rtc.o(i.RTC_EnterConfigMode) for RTC_EnterConfigMode
    stm32f10x_rtc.o(i.RTC_SetPrescaler) refers to stm32f10x_rtc.o(i.RTC_ExitConfigMode) for RTC_ExitConfigMode
    led.o(i.led_init) refers to stm32f10x_rcc.o(i.RCC_APB2PeriphClockCmd) for RCC_APB2PeriphClockCmd
    led.o(i.led_init) refers to stm32f10x_gpio.o(i.GPIO_Init) for GPIO_Init
    button.o(i.button_init) refers to stm32f10x_rcc.o(i.RCC_APB2PeriphClockCmd) for RCC_APB2PeriphClockCmd
    button.o(i.button_init) refers to stm32f10x_gpio.o(i.GPIO_Init) for GPIO_Init
    buzzer.o(i.buzzer_init) refers to stm32f10x_rcc.o(i.RCC_APB2PeriphClockCmd) for RCC_APB2PeriphClockCmd
    buzzer.o(i.buzzer_init) refers to stm32f10x_gpio.o(i.GPIO_Init) for GPIO_Init
    delay.o(i.delay_init) refers to misc.o(i.SysTick_CLKSourceConfig) for SysTick_CLKSourceConfig
    delay.o(i.delay_init) refers to delay.o(.data) for fac_us
    delay.o(i.delay_ms) refers to delay.o(i.delay_xms) for delay_xms
    delay.o(i.delay_us) refers to delay.o(.data) for fac_us
    delay.o(i.delay_xms) refers to delay.o(.data) for fac_ms
[...]
    ../clib/signal.c                         0x00000000   Number         0  defsig_general.o ABSOLUTE
    ../clib/signal.c                         0x00000000   Number         0  defsig_abrt_inner.o ABSOLUTE
    ../clib/signal.c                         0x00000000   Number         0  defsig_rtmem_inner.o ABSOLUTE
    ../clib/signal.s                         0x00000000   Number         0  defsig.o ABSOLUTE
    ../clib/stdio.c                          0x00000000   Number         0  ferror_locked.o ABSOLUTE
    ../clib/stdio.c                          0x00000000   Number         0  ferror.o ABSOLUTE
    ../clib/stdlib.c                         0x00000000   Number         0  exit.o ABSOLUTE
    ../fplib/daddsub.s                       0x00000000   Number         0  daddsub_clz.o ABSOLUTE
    ../fplib/ddiv.s                          0x00000000   Number         0  ddiv.o ABSOLUTE
    ../fplib/dflt.s                          0x00000000   Number         0  dflt_clz.o ABSOLUTE
    ../fplib/dmul.s                          0x00000000   Number         0  dmul.o ABSOLUTE
    ../fplib/dnaninf.s                       0x00000000   Number         0  dnaninf.o ABSOLUTE
    ../fplib/dretinf.s                       0x00000000   Number         0  dretinf.o ABSOLUTE
    ../fplib/fpinit.s                        0x00000000   Number         0  fpinit.o ABSOLUTE
    ../fplib/istatus.s                       0x00000000   Number         0  istatus.o ABSOLUTE
    ../fplib/printf1.s                       0x00000000   Number         0  printf1.o ABSOLUTE
    ../fplib/usenofp.s                       0x00000000   Number         0  usenofp.o ABSOLUTE
    ../mathlib/fpclassify.c                  0x00000000   Number         0  fpclassify.o ABSOLUTE
    ..\\cmsis\\core_cm3.c                    0x00000000   Number         0  core_cm3.o ABSOLUTE
    ..\cmsis\core_cm3.c                      0x00000000   Number         0  core_cm3.o ABSOLUTE
    ..\cmsis\startup_stm32f10x_md.s          0x00000000   Number         0  startup_stm32f10x_md.o ABSOLUTE
    ..\fwlib\src\misc.c                      0x00000000   Number         0  misc.o ABSOLUTE
    ..\fwlib\src\stm32f10x_adc.c             0x00000000   Number         0  stm32f10x_adc.o ABSOLUTE
    ..\fwlib\src\stm32f10x_bkp.c             0x00000000   Number         0  stm32f10x_bkp.o ABSOLUTE
    ..\fwlib\src\stm32f10x_exti.c            0x00000000   Number         0  stm32f10x_exti.o ABSOLUTE
    ..\fwlib\src\stm32f10x_gpio.c            0x00000000   Number         0  stm32f10x_gpio.o ABSOLUTE
    ..\fwlib\src\stm32f10x_iwdg.c            0x00000000   Number         0  stm32f10x_iwdg.o ABSOLUTE
    ..\fwlib\src\stm32f10x_pwr.c             0x00000000   Number         0  stm32f10x_pwr.o ABSOLUTE
    ..\fwlib\src\stm32f10x_rcc.c             0x00000000   Number         0  stm32f10x_rcc.o ABSOLUTE
    ..\fwlib\src\stm32f10x_rtc.c             0x00000000   Number         0  stm32f10x_rtc.o ABSOLUTE
    ..\fwlib\src\stm32f10x_usart.c           0x00000000   Number         0  stm32f10x_usart.o ABSOLUTE
    ..\mylib\adj_res.c                       0x00000000   Number         0  adj_res.o ABSOLUTE
    ..\mylib\button.c                        0x00000000   Number         0  button.o ABSOLUTE
    ..\mylib\buzzer.c                        0x00000000   Number         0  buzzer.o ABSOLUTE
    ..\mylib\delay.c                         0x00000000   Number         0  delay.o ABSOLUTE
    ..\mylib\dht.c                           0x00000000   Number         0  dht.o ABSOLUTE
    ..\mylib\eeprom.c                        0x00000000   Number         0  eeprom.o ABSOLUTE
    ..\mylib\eint.c                          0x00000000   Number         0  eint.o ABSOLUTE
    ..\mylib\gpio_iic.c                      0x00000000   Number         0  gpio_iic.o ABSOLUTE
    ..\mylib\iwdg.c                          0x00000000   Number         0  iwdg.o ABSOLUTE
    ..\mylib\ldt.c                           0x00000000   Number         0  ldt.o ABSOLUTE
    ..\mylib\led.c                           0x00000000   Number         0  led.o ABSOLUTE
    ..\mylib\oled.c                          0x00000000   Number         0  oled.o ABSOLUTE
    ..\mylib\sht.c                           0x00000000   Number         0  sht.o ABSOLUTE
    ..\mylib\usart1.c                        0x00000000   Number         0  usart1.o ABSOLUTE
    ..\mylib\z_mytime.c                      0x00000000   Number         0  z_mytime.o ABSOLUTE
    ..\user\main.c                           0x00000000   Number         0  main.o ABSOLUTE
    ..\user\stm32f10x_it.c                   0x00000000   Number         0  stm32f10x_it.o ABSOLUTE
    ..\user\system_stm32f10x.c               0x00000000   Number         0  system_stm32f10x.o ABSOLUTE
    dc.s                                     0x00000000   Number         0  dc.o ABSOLUTE
    RESET                                    0x08000000   Section      236  startup_stm32f10x_md.o(RESET)
    !!!main                                  0x080000ec   Section        8  __main.o(!!!main)
    !!!scatter                               0x080000f4   Section       52  __scatter.o(!!!scatter)
    !!dczerorl2                              0x08000128   Section       90  __dczerorl2.o(!!dczerorl2)
    !!handler_zi                             0x08000184   Section       28  __scatter_zi.o(!!handler_zi)
    .ARM.Collect$$_printf_percent$$00000000  0x080001a0   Section        0  _printf_percent.o(.ARM.Collect$$_printf_percent$$00000000)
    .ARM.Collect$$_printf_percent$$00000003  0x080001a0   Section        6  _printf_f.o(.ARM.Collect$$_printf_percent$$00000003)
    .ARM.Collect$$_printf_percent$$00000009  0x080001a6   Section        6  _printf_d.o(.ARM.Collect$$_printf_percent$$00000009)
    .ARM.Collect$$_printf_percent$$0000000A  0x080001ac   Section        6  _printf_u.o(.ARM.Collect$$_printf_percent$$0000000A)
    .ARM.Collect$$_printf_percent$$00000017  0x080001b2   Section        4  _printf_percent_end.o(.ARM.Collect$$_printf_percent$$00000017)
    .ARM.Collect$$libinit$$00000000          0x080001b6   Section        2  libinit.o(.ARM.Collect$$libinit$$00000000)
    .ARM.Collect$$libinit$$00000002          0x080001b8   Section        0  libinit2.o(.ARM.Collect$$libinit$$00000002)
    .ARM.Collect$$libinit$$00000004          0x080001b8   Section        0  libinit2.o(.ARM.Collect$$libinit$$00000004)
    .ARM.Collect$$libinit$$0000000A          0x080001b8   Section        0  libinit2.o(.ARM.Collect$$libinit$$0000000A)
    .ARM.Collect$$libinit$$0000000C          0x080001b8   Section        0  libinit2.o(.ARM.Collect$$libinit$$0000000C)
    .ARM.Collect$$libinit$$0000000E          0x080001b8   Section        0  libinit2.o(.ARM.Collect$$libinit$$0000000E)
    .ARM.Collect$$libinit$$0000000F          0x080001b8   Section        6  libinit2.o(.ARM.Collect$$libinit$$0000000F)
    .ARM.Collect$$libinit$$00000011          0x080001be   Section        0  libinit2.o(.ARM.Collect$$libinit$$00000011)
    .ARM.Collect$$libinit$$00000013          0x080001be   Section        0  libinit2.o(.ARM.Collect$$libinit$$00000013)
    .ARM.Collect$$libinit$$00000015          0x080001be   Section        0  libinit2.o(.ARM.Collect$$libinit$$00000015)
    .ARM.Collect$$libinit$$00000016          0x080001be   Section       10  libinit2.o(.ARM.Collect$$libinit$$00000016)
    .ARM.Collect$$libinit$$00000017          0x080001c8   Section        0  libinit2.o(.ARM.Collect$$libinit$$00000017)
    .ARM.Collect$$libinit$$00000019          0x080001c8   Section        0  libinit2.o(.ARM.Collect$$libinit$$00000019)
    .ARM.Collect$$libinit$$0000001B          0x080001c8   Section        0  libinit2.o(.ARM.Collect$$libinit$$0000001B)
    .ARM.Collect$$libinit$$0000001D          0x080001c8   Section        0  libinit2.o(.ARM.Collect$$libinit$$0000001D)
    .ARM.Collect$$libinit$$0000001F          0x080001c8   Section        0  libinit2.o(.ARM.Collect$$libinit$$0000001F)
    .ARM.Collect$$libinit$$00000021          0x080001c8   Section        0  libinit2.o(.ARM.Collect$$libinit$$00000021)
    .ARM.Collect$$libinit$$00000023          0x080001c8   Section        0  libinit2.o(.ARM.Collect$$libinit$$00000023)
    .ARM.Collect$$libinit$$00000025          0x080001c8   Section        0  libinit2.o(.ARM.Collect$$libinit$$00000025)
    .ARM.Collect$$libinit$$0000002C          0x080001c8   Section        0  libinit2.o(.ARM.Collect$$libinit$$0000002C)
    .ARM.Collect$$libinit$$0000002E          0x080001c8   Section        0  libinit2.o(.ARM.Collect$$libinit$$0000002E)
    .ARM.Collect$$libinit$$00000030          0x080001c8   Section        0  libinit2.o(.ARM.Collect$$libinit$$00000030)
    .ARM.Collect$$libinit$$00000032          0x080001c8   Section        0  libinit2.o(.ARM.Collect$$libinit$$00000032)
    .ARM.Collect$$libinit$$00000033          0x080001c8   Section        2  libinit2.o(.ARM.Collect$$libinit$$00000033)
    .ARM.Collect$$libshutdown$$00000000      0x080001ca   Section        2  libshutdown.o(.ARM.Collect$$libshutdown$$00000000)
    .ARM.Collect$$libshutdown$$00000002      0x080001cc   Section        0  libshutdown2.o(.ARM.Collect$$libshutdown$$00000002)
    .ARM.Collect$$libshutdown$$00000004      0x080001cc   Section        0  libshutdown2.o(.ARM.Collect$$libshutdown$$00000004)
    .ARM.Collect$$libshutdown$$00000007      0x080001cc   Section        0  libshutdown2.o(.ARM.Collect$$libshutdown$$00000007)
    .ARM.Collect$$libshutdown$$0000000A      0x080001cc   Section        0  libshutdown2.o(.ARM.Collect$$libshutdown$$0000000A)
    .ARM.Collect$$libshutdown$$0000000C      0x080001cc   Section        0  libshutdown2.o(.ARM.Collect$$libshutdown$$0000000C)
    .ARM.Collect$$libshutdown$$0000000F      0x080001cc   Section        0  libshutdown2.o(.ARM.Collect$$libshutdown$$0000000F)
    .ARM.Collect$$libshutdown$$00000010      0x080001cc   Section        2  libshutdown2.o(.ARM.Collect$$libshutdown$$00000010)
    .ARM.Collect$$rtentry$$00000000          0x080001ce   Section        0  __rtentry.o(.ARM.Collect$$rtentry$$00000000)
    .ARM.Collect$$rtentry$$00000002          0x080001ce   Section        0  __rtentry2.o(.ARM.Collect$$rtentry$$00000002)
    .ARM.Collect$$rtentry$$00000004          0x080001ce   Section        6  __rtentry4.o(.ARM.Collect$$rtentry$$00000004)
    .ARM.Collect$$rtentry$$00000009          0x080001d4   Section        0  __rtentry2.o(.ARM.Collect$$rtentry$$00000009)
    .ARM.Collect$$rtentry$$0000000A          0x080001d4   Section        4  __rtentry2.o(.ARM.Collect$$rtentry$$0000000A)
    .ARM.Collect$$rtentry$$0000000C          0x080001d8   Section        0  __rtentry2.o(.ARM.Collect$$rtentry$$0000000C)
    .ARM.Collect$$rtentry$$0000000D          0x080001d8   Section        8  __rtentry2.o(.ARM.Collect$$rtentry$$0000000D)
    .ARM.Collect$$rtexit$$00000000           0x080001e0   Section        2  rtexit.o(.ARM.Collect$$rtexit$$00000000)
    .ARM.Collect$$rtexit$$00000002           0x080001e2   Section        0  rtexit2.o(.ARM.Collect$$rtexit$$00000002)
    .ARM.Collect$$rtexit$$00000003           0x080001e2   Section        4  rtexit2.o(.ARM.Collect$$rtexit$$00000003)
    .ARM.Collect$$rtexit$$00000004           0x080001e6   Section        6  rtexit2.o(.ARM.Collect$$rtexit$$00000004)
    .text                                    0x080001ec   Section       64  startup_stm32f10x_md.o(.text)
    .text                                    0x0800022c   Section        2  use_no_semi_2.o(.text)
    .text                                    0x08000230   Section        0  noretval__2printf.o(.text)
    .text                                    0x08000248   Section        0  _printf_pad.o(.text)
    .text                                    0x08000298   Section        0  _printf_dec.o(.text)
    .text                                    0x08000310   Section        0  __printf_flags_ss_wp.o(.text)
    .text                                    0x08000498   Section        0  heapauxi.o(.text)
    .text                                    0x0800049e   Section        2  use_no_semi.o(.text)
    .text                                    0x080004a0   Section        0  _printf_intcommon.o(.text)
    .text                                    0x08000552   Section        0  _printf_fp_dec.o(.text)
    _fp_digits                               0x08000555   Thumb Code   428  _printf_fp_dec.o(.text)
    .text                                    0x0800096c   Section        0  _printf_char_file.o(.text)
    .text                                    0x08000990   Section        8  rt_locale_intlibspace.o(.text)
    .text                                    0x08000998   Section      138  lludiv10.o(.text)
    .text                                    0x08000a24   Section        0  _printf_char_common.o(.text)
    _printf_input_char                       0x08000a25   Thumb Code    10  _printf_char_common.o(.text)
    .text                                    0x08000a54   Section        0  _printf_fp_infnan.o(.text)
    .text                                    0x08000ad4   Section        0  bigflt0.o(.text)
    .text                                    0x08000bb0   Section        0  ferror.o(.text)
    .text                                    0x08000bb8   Section        8  libspace.o(.text)
    .text                                    0x08000bc0   Section       74  sys_stackheap_outer.o(.text)
    .text                                    0x08000c0a   Section        0  exit.o(.text)
    .text                                    0x08000c1c   Section      128  strcmpv7m.o(.text)
    CL$$btod_d2e                             0x08000c9c   Section       62  btod.o(CL$$btod_d2e)
    CL$$btod_d2e_denorm_low                  0x08000cda   Section       70  btod.o(CL$$btod_d2e_denorm_low)
    CL$$btod_d2e_norm_op1                    0x08000d20   Section       96  btod.o(CL$$btod_d2e_norm_op1)
    CL$$btod_div_common                      0x08000d80   Section      824  btod.o(CL$$btod_div_common)
    CL$$btod_e2e                             0x080010b8   Section      198  btod.o(CL$$btod_e2e)
    CL$$btod_ediv                            0x0800117e   Section       40  btod.o(CL$$btod_ediv)
    CL$$btod_emul                            0x080011a6   Section       40  btod.o(CL$$btod_emul)
    CL$$btod_mult_common                     0x080011ce   Section      580  btod.o(CL$$btod_mult_common)
    i.ADC_ClearFlag                          0x08001412   Section        0  stm32f10x_adc.o(i.ADC_ClearFlag)
    i.ADC_Cmd                                0x08001418   Section        0  stm32f10x_adc.o(i.ADC_Cmd)
    i.ADC_GetConversionValue                 0x0800142e   Section        0  stm32f10x_adc.o(i.ADC_GetConversionValue)
    i.ADC_GetFlagStatus                      0x08001436   Section        0  stm32f10x_adc.o(i.ADC_GetFlagStatus)
    i.ADC_Init                               0x08001448   Section        0  stm32f10x_adc.o(i.ADC_Init)
    i.ADC_RegularChannelConfig               0x08001498   Section        0  stm32f10x_adc.o(i.ADC_RegularChannelConfig)
    i.ADC_SoftwareStartConvCmd               0x08001550   Section        0  stm32f10x_adc.o(i.ADC_SoftwareStartConvCmd)
    i.BKP_DeInit                             0x08001566   Section        0  stm32f10x_bkp.o(i.BKP_DeInit)
    i.BKP_ReadBackupRegister                 0x08001578   Section        0  stm32f10x_bkp.o(i.BKP_ReadBackupRegister)
    i.BKP_WriteBackupRegister                0x08001594   Section        0  stm32f10x_bkp.o(i.BKP_WriteBackupRegister)
    i.BusFault_Handler                       0x080015b0   Section        0  stm32f10x_it.o(i.BusFault_Handler)
    i.DateTimeToTimestamp                    0x080015b4   Section        0  z_mytime.o(i.DateTimeToTimestamp)
    i.DebugMon_Handler                       0x0800162c   Section        0  stm32f10x_it.o(i.DebugMon_Handler)
    i.EXTI0_IRQHandler                       0x08001630   Section        0  eint.o(i.EXTI0_IRQHandler)
    i.EXTI9_5_IRQHandler                     0x08001650   Section        0  eint.o(i.EXTI9_5_IRQHandler)
    i.EXTI_ClearITPendingBit                 0x08001690   Section        0  stm32f10x_exti.o(i.EXTI_ClearITPendingBit)
    i.EXTI_GetITStatus                       0x0800169c   Section        0  stm32f10x_exti.o(i.EXTI_GetITStatus)
    i.EXTI_Init                              0x080016c4   Section        0  stm32f10x_exti.o(i.EXTI_Init)
    i.GPIO_EXTILineConfig                    0x08001758   Section        0  stm32f10x_gpio.o(i.GPIO_EXTILineConfig)
    i.GPIO_Init                              0x08001798   Section        0  stm32f10x_gpio.o(i.GPIO_Init)
    i.GPIO_PinRemapConfig                    0x080018b0   Section        0  stm32f10x_gpio.o(i.GPIO_PinRemapConfig)
    i.GetDaysInMonth                         0x08001940   Section        0  z_mytime.o(i.GetDaysInMonth)
    GetDaysInMonth                           0x08001941   Thumb Code    38  z_mytime.o(i.GetDaysInMonth)
    i.HardFault_Handler                      0x08001974   Section        0  stm32f10x_it.o(i.HardFault_Handler)
    i.IIC_Ack                                0x08001978   Section        0  gpio_iic.o(i.IIC_Ack)
    i.IIC_Init                               0x080019b0   Section        0  gpio_iic.o(i.IIC_Init)
    i.IIC_NAck                               0x08001a1c   Section        0  gpio_iic.o(i.IIC_NAck)
    i.IIC_Recv_Byte                          0x08001a54   Section        0  gpio_iic.o(i.IIC_Recv_Byte)
    i.IIC_Sda_In                             0x08001ab4   Section        0  gpio_iic.o(i.IIC_Sda_In)
    i.IIC_Sda_Out                            0x08001ac8   Section        0  gpio_iic.o(i.IIC_Sda_Out)
    i.IIC_Send_Byte                          0x08001adc   Section        0  gpio_iic.o(i.IIC_Send_Byte)
    i.IIC_Start                              0x08001b2c   Section        0  gpio_iic.o(i.IIC_Start)
    i.IIC_Stop                               0x08001b64   Section        0  gpio_iic.o(i.IIC_Stop)
    i.IIC_Wait_Ack                           0x08001ba0   Section        0  gpio_iic.o(i.IIC_Wait_Ack)
    i.IsLeapYear                             0x08001bec   Section        0  z_mytime.o(i.IsLeapYear)
    IsLeapYear                               0x08001bed   Thumb Code    50  z_mytime.o(i.IsLeapYear)
    i.MemManage_Handler                      0x08001c1e   Section        0  stm32f10x_it.o(i.MemManage_Handler)
    i.NMI_Handler                            0x08001c22   Section        0  stm32f10x_it.o(i.NMI_Handler)
    i.NVIC_Init                              0x08001c24   Section        0  misc.o(i.NVIC_Init)
    i.NVIC_PriorityGroupConfig               0x08001c94   Section        0  misc.o(i.NVIC_PriorityGroupConfig)
    i.OLED_Clear                             0x08001ca8   Section        0  oled.o(i.OLED_Clear)
    i.OLED_Init                              0x08001ce8   Section        0  oled.o(i.OLED_Init)
    i.OLED_WR_Byte                           0x08001da0   Section        0  oled.o(i.OLED_WR_Byte)
    i.PWR_BackupAccessCmd                    0x08001db8   Section        0  stm32f10x_pwr.o(i.PWR_BackupAccessCmd)
    i.PendSV_Handler                         0x08001dc4   Section        0  stm32f10x_it.o(i.PendSV_Handler)
    i.RCC_APB1PeriphClockCmd                 0x08001dc8   Section        0  stm32f10x_rcc.o(i.RCC_APB1PeriphClockCmd)
    i.RCC_APB2PeriphClockCmd                 0x08001de8   Section        0  stm32f10x_rcc.o(i.RCC_APB2PeriphClockCmd)
    i.RCC_BackupResetCmd                     0x08001e08   Section        0  stm32f10x_rcc.o(i.RCC_BackupResetCmd)
    i.RCC_GetClocksFreq                      0x08001e14   Section        0  stm32f10x_rcc.o(i.RCC_GetClocksFreq)
    i.RCC_GetFlagStatus                      0x08001ee8   Section        0  stm32f10x_rcc.o(i.RCC_GetFlagStatus)
    i.RCC_LSEConfig                          0x08001f24   Section        0  stm32f10x_rcc.o(i.RCC_LSEConfig)
    i.RCC_RTCCLKCmd                          0x08001f58   Section        0  stm32f10x_rcc.o(i.RCC_RTCCLKCmd)
    i.RCC_RTCCLKConfig                       0x08001f64   Section        0  stm32f10x_rcc.o(i.RCC_RTCCLKConfig)
    i.RTC_EnterConfigMode                    0x08001f74   Section        0  stm32f10x_rtc.o(i.RTC_EnterConfigMode)
    i.RTC_ExitConfigMode                     0x08001f88   Section        0  stm32f10x_rtc.o(i.RTC_ExitConfigMode)
    i.RTC_GetCounter                         0x08001f9c   Section        0  stm32f10x_rtc.o(i.RTC_GetCounter)
    i.RTC_GetTimestamp                       0x08001fb0   Section        0  z_mytime.o(i.RTC_GetTimestamp)
    i.RTC_InitTimestamp                      0x08001fb8   Section        0  z_mytime.o(i.RTC_InitTimestamp)
    i.RTC_SetCounter                         0x08002028   Section        0  stm32f10x_rtc.o(i.RTC_SetCounter)
    i.RTC_SetDateTime                        0x08002044   Section        0  z_mytime.o(i.RTC_SetDateTime)
    i.RTC_SetPrescaler                       0x08002064   Section        0  stm32f10x_rtc.o(i.RTC_SetPrescaler)
    i.RTC_WaitForLastTask                    0x08002084   Section        0  stm32f10x_rtc.o(i.RTC_WaitForLastTask)
    i.RTC_WaitForSynchro                     0x08002098   Section        0  stm32f10x_rtc.o(i.RTC_WaitForSynchro)
    i.SVC_Handler                            0x080020bc   Section        0  stm32f10x_it.o(i.SVC_Handler)
    i.SetSysClock                            0x080020be   Section        0  system_stm32f10x.o(i.SetSysClock)
    SetSysClock                              0x080020bf   Thumb Code     8  system_stm32f10x.o(i.SetSysClock)
    i.SetSysClockTo72                        0x080020c8   Section        0  system_stm32f10x.o(i.SetSysClockTo72)
    SetSysClockTo72                          0x080020c9   Thumb Code   214  system_stm32f10x.o(i.SetSysClockTo72)
    i.SysTick_CLKSourceConfig                0x080021a8   Section        0  misc.o(i.SysTick_CLKSourceConfig)
    i.SysTick_Handler                        0x080021d0   Section        0  stm32f10x_it.o(i.SysTick_Handler)
    i.SystemInit                             0x080021d4   Section        0  system_stm32f10x.o(i.SystemInit)
    i.TimestampToDateTime                    0x08002234   Section        0  z_mytime.o(i.TimestampToDateTime)
    i.USART1_IRQHandler                      0x080022dc   Section        0  usart1.o(i.USART1_IRQHandler)
    i.USART_ClearFlag                        0x08002310   Section        0  stm32f10x_usart.o(i.USART_ClearFlag)
    i.USART_ClearITPendingBit                0x08002322   Section        0  stm32f10x_usart.o(i.USART_ClearITPendingBit)
    i.USART_Cmd                              0x08002340   Section        0  stm32f10x_usart.o(i.USART_Cmd)
    i.USART_GetFlagStatus                    0x08002358   Section        0  stm32f10x_usart.o(i.USART_GetFlagStatus)
    i.USART_GetITStatus                      0x08002372   Section        0  stm32f10x_usart.o(i.USART_GetITStatus)
    i.USART_ITConfig                         0x080023c6   Section        0  stm32f10x_usart.o(i.USART_ITConfig)
    i.USART_Init                             0x08002410   Section        0  stm32f10x_usart.o(i.USART_Init)
    i.USART_ReceiveData                      0x080024e8   Section        0  stm32f10x_usart.o(i.USART_ReceiveData)
    i.USART_SendData                         0x080024f2   Section        0  stm32f10x_usart.o(i.USART_SendData)
    i.UsageFault_Handler                     0x080024fa   Section        0  stm32f10x_it.o(i.UsageFault_Handler)
    i.Write_IIC_Command                      0x080024fe   Section        0  oled.o(i.Write_IIC_Command)
    i.Write_IIC_Data                         0x0800252a   Section        0  oled.o(i.Write_IIC_Data)
    i.__ARM_fpclassify                       0x08002556   Section        0  fpclassify.o(i.__ARM_fpclassify)
    i._is_digit                              0x0800257e   Section        0  __printf_wp.o(i._is_digit)
    i._sys_exit                              0x0800258c   Section        0  usart1.o(i._sys_exit)
    i.adj_res_init                           0x08002590   Section        0  adj_res.o(i.adj_res_init)
    i.button_init                            0x080025f8   Section        0  button.o(i.button_init)
    i.buzzer_init                            0x08002638   Section        0  buzzer.o(i.buzzer_init)
    i.delay_init                             0x0800266c   Section        0  delay.o(i.delay_init)
    i.delay_ms                               0x080026a0   Section        0  delay.o(i.delay_ms)
    i.delay_us                               0x080026d8   Section        0  delay.o(i.delay_us)
    i.delay_xms                              0x08002724   Section        0  delay.o(i.delay_xms)
    i.dht_init                               0x08002770   Section        0  dht.o(i.dht_init)
    i.dht_input_status                       0x0800277c   Section        0  dht.o(i.dht_input_status)
    i.dht_output_status                      0x0800278c   Section        0  dht.o(i.dht_output_status)
    i.digit_show_data                        0x080027ac   Section        0  ldt.o(i.digit_show_data)
    i.eeprom_init                            0x08002844   Section        0  eeprom.o(i.eeprom_init)
    i.eeprom_rand_read                       0x0800284c   Section        0  eeprom.o(i.eeprom_rand_read)
    i.eint_init                              0x0800288c   Section        0  eint.o(i.eint_init)
    i.fputc                                  0x08002940   Section        0  usart1.o(i.fputc)
    i.get_adj_res_value                      0x08002950   Section        0  adj_res.o(i.get_adj_res_value)
    i.get_dht_value                          0x0800297c   Section        0  dht.o(i.get_dht_value)
    i.hc138_out_data                         0x08002a30   Section        0  ldt.o(i.hc138_out_data)
    i.hc595_send_data                        0x08002aa0   Section        0  ldt.o(i.hc595_send_data)
    i.ldt_init                               0x08002af0   Section        0  ldt.o(i.ldt_init)
    i.led_init                               0x08002b4c   Section        0  led.o(i.led_init)
    i.main                                   0x08002b90   Section        0  main.o(i.main)
    i.picture_1                              0x08002dd4   Section        0  oled.o(i.picture_1)
    i.set_dht_gpio_input                     0x08002e20   Section        0  dht.o(i.set_dht_gpio_input)
    i.set_dht_gpio_output                    0x08002e3c   Section        0  dht.o(i.set_dht_gpio_output)
    i.sht_init                               0x08002e60   Section        0  sht.o(i.sht_init)
    i.sht_read_data                          0x08002e68   Section        0  sht.o(i.sht_read_data)
    i.sht_write_mode                         0x08002f34   Section        0  sht.o(i.sht_write_mode)
    i.sht_write_read_cmd                     0x08002f5e   Section        0  sht.o(i.sht_write_read_cmd)
    i.usart_1_init                           0x08002f84   Section        0  usart1.o(i.usart_1_init)
    i.usart_1_send_byte                      0x08003030   Section        0  usart1.o(i.usart_1_send_byte)
    locale$$code                             0x0800305c   Section       44  lc_numeric_c.o(locale$$code)
    x$fpl$dadd                               0x08003088   Section      336  daddsub_clz.o(x$fpl$dadd)
    _dadd1                                   0x08003099   Thumb Code     0  daddsub_clz.o(x$fpl$dadd)
    x$fpl$ddiv                               0x080031d8   Section      688  ddiv.o(x$fpl$ddiv)
    ddiv_entry                               0x080031df   Thumb Code     0  ddiv.o(x$fpl$ddiv)
    x$fpl$dfltu                              0x08003488   Section       38  dflt_clz.o(x$fpl$dfltu)
    x$fpl$dmul                               0x080034b0   Section      340  dmul.o(x$fpl$dmul)
    x$fpl$dnaninf                            0x08003604   Section      156  dnaninf.o(x$fpl$dnaninf)
    x$fpl$dretinf                            0x080036a0   Section       12  dretinf.o(x$fpl$dretinf)
    x$fpl$dsub                               0x080036ac   Section      468  daddsub_clz.o(x$fpl$dsub)
    _dsub1                                   0x080036bd   Thumb Code     0  daddsub_clz.o(x$fpl$dsub)
    x$fpl$printf1                            0x08003880   Section        4  printf1.o(x$fpl$printf1)
    .constdata                               0x08003884   Section        8  main.o(.constdata)
    x$fpl$usenofp                            0x08003884   Section        0  usenofp.o(x$fpl$usenofp)
    .constdata                               0x0800388c   Section       17  __printf_flags_ss_wp.o(.constdata)
    maptable                                 0x0800388c   Data          17  __printf_flags_ss_wp.o(.constdata)
    .constdata                               0x080038a0   Section      148  bigflt0.o(.constdata)
    tenpwrs_x                                0x080038a0   Data          60  bigflt0.o(.constdata)
    tenpwrs_i                                0x080038dc   Data          64  bigflt0.o(.constdata)
    locale$$data                             0x08003954   Section       28  lc_numeric_c.o(locale$$data)
    __lcnum_c_name                           0x08003958   Data           2  lc_numeric_c.o(locale$$data)
    __lcnum_c_start                          0x08003960   Data           0  lc_numeric_c.o(locale$$data)
    __lcnum_c_point                          0x0800396c   Data           0  lc_numeric_c.o(locale$$data)
    __lcnum_c_thousands                      0x0800396e   Data           0  lc_numeric_c.o(locale$$data)
    __lcnum_c_grouping                       0x0800396f   Data           0  lc_numeric_c.o(locale$$data)
    __lcnum_c_end                            0x08003970   Data           0  lc_numeric_c.o(locale$$data)
    .data                                    0x20000000   Section       20  stm32f10x_rcc.o(.data)
    APBAHBPrescTable                         0x20000000   Data          16  stm32f10x_rcc.o(.data)
    ADCPrescTable                            0x20000010   Data           4  stm32f10x_rcc.o(.data)
    .data                                    0x20000014   Section        4  delay.o(.data)
    fac_us                                   0x20000014   Data           1  delay.o(.data)
    fac_ms                                   0x20000016   Data           2  delay.o(.data)
    .data                                    0x20000018   Section       12  eint.o(.data)
    .data                                    0x20000024   Section       12  usart1.o(.data)
    .data                                    0x20000030   Section       12  gpio_iic.o(.data)
    .data                                    0x2000003c   Section     1344  oled.o(.data)
    .bss                                     0x2000057c   Section       96  libspace.o(.bss)
    HEAP                                     0x200005e0   Section      512  startup_stm32f10x_md.o(HEAP)
    Heap_Mem                                 0x200005e0   Data         512  startup_stm32f10x_md.o(HEAP)
    STACK                                    0x200007e0   Section     1024  startup_stm32f10x_md.o(STACK)
    Stack_Mem                                0x200007e0   Data        1024  startup_stm32f10x_md.o(STACK)
    __initial_sp                             0x20000be0   Data           0  startup_stm32f10x_md.o(STACK)

    Global Symbols

    Symbol Name                              Value     Ov Type        Size  Object(Section)

    BuildAttributes$$THM_ISAv4$P$D$K$B$S$PE$A:L22UL41UL21$X:L11$S22US41US21$IEEE1$IW$USESV6$~STKCKD$USESV7$~SHL$OTIME$ROPI$IEEEJ$EBA8$UX$STANDARDLIB$REQ8$PRES8$EABIv2 0x00000000   Number         0  anon$$obj.o ABSOLUTE
    __ARM_use_no_argv                        0x00000000   Number         0  main.o ABSOLUTE
    _printf_flags                            0x00000000   Number         0  printf_stubs.o ABSOLUTE
    _printf_return_value                     0x00000000   Number         0  printf_stubs.o ABSOLUTE
    _printf_sizespec                         0x00000000   Number         0  printf_stubs.o ABSOLUTE
    _printf_widthprec                        0x00000000   Number         0  printf_stubs.o ABSOLUTE
    __ARM_exceptions_init                     - Undefined Weak Reference
    __alloca_initialize                       - Undefined Weak Reference
    __arm_preinit_                            - Undefined Weak Reference
    __cpp_initialize__aeabi_                  - Undefined Weak Reference
    __cxa_finalize                            - Undefined Weak Reference
    __sigvec_lookup                           - Undefined Weak Reference
    _atexit_init                              - Undefined Weak Reference
    _call_atexit_fns                          - Undefined Weak Reference
    _clock_init                               - Undefined Weak Reference
    _fp_trap_init                             - Undefined Weak Reference
    _fp_trap_shutdown                         - Undefined Weak Reference
    _get_lc_collate                           - Undefined Weak Reference
    _get_lc_ctype                             - Undefined Weak Reference
    _get_lc_monetary                          - Undefined Weak Reference
    _get_lc_time                              - Undefined Weak Reference
    _getenv_init                              - Undefined Weak Reference
    _handle_redirection                       - Undefined Weak Reference
    _init_alloc                               - Undefined Weak Reference
    _init_user_alloc                          - Undefined Weak Reference
    _initio                                   - Undefined Weak Reference
    _mutex_acquire                            - Undefined Weak Reference
    _mutex_release                            - Undefined Weak Reference
    _printf_truncate_signed                   - Undefined Weak Reference
    _printf_truncate_unsigned                 - Undefined Weak Reference
    _rand_init                                - Undefined Weak Reference
    _signal_finish                            - Undefined Weak Reference
    _signal_init                              - Undefined Weak Reference
    _terminate_alloc                          - Undefined Weak Reference
    _terminate_user_alloc                     - Undefined Weak Reference
    _terminateio                              - Undefined Weak Reference
    __Vectors_Size                           0x000000ec   Number         0  startup_stm32f10x_md.o ABSOLUTE
    __Vectors                                0x08000000   Data           4  startup_stm32f10x_md.o(RESET)
    __Vectors_End                            0x080000ec   Data           0  startup_stm32f10x_md.o(RESET)
    __main                                   0x080000ed   Thumb Code     8  __main.o(!!!main)
    __scatterload                            0x080000f5   Thumb Code     0  __scatter.o(!!!scatter)
    __scatterload_rt2                        0x080000f5   Thumb Code    44  __scatter.o(!!!scatter)
    __scatterload_rt2_thumb_only             0x080000f5   Thumb Code     0  __scatter.o(!!!scatter)
    __scatterload_null                       0x08000103   Thumb Code     0  __scatter.o(!!!scatter)
    __decompress                             0x08000129   Thumb Code    90  __dczerorl2.o(!!dczerorl2)
    __decompress1                            0x08000129   Thumb Code     0  __dczerorl2.o(!!dczerorl2)
    __scatterload_zeroinit                   0x08000185   Thumb Code    28  __scatter_zi.o(!!handler_zi)
    _printf_f                                0x080001a1   Thumb Code     0  _printf_f.o(.ARM.Collect$$_printf_percent$$00000003)
    _printf_percent                          0x080001a1   Thumb Code     0  _printf_percent.o(.ARM.Collect$$_printf_percent$$00000000)
    _printf_d                                0x080001a7   Thumb Code     0  _printf_d.o(.ARM.Collect$$_printf_percent$$00000009)
    _printf_u                                0x080001ad   Thumb Code     0  _printf_u.o(.ARM.Collect$$_printf_percent$$0000000A)
    _printf_percent_end                      0x080001b3   Thumb Code     0  _printf_percent_end.o(.ARM.Collect$$_printf_percent$$00000017)
    __rt_lib_init                            0x080001b7   Thumb Code     0  libinit.o(.ARM.Collect$$libinit$$00000000)
    __rt_lib_init_fp_1                       0x080001b9   Thumb Code     0  libinit2.o(.ARM.Collect$$libinit$$00000002)
    __rt_lib_init_heap_1                     0x080001b9   Thumb Code     0  libinit2.o(.ARM.Collect$$libinit$$0000000A)
    __rt_lib_init_lc_common                  0x080001b9   Thumb Code     0  libinit2.o(.ARM.Collect$$libinit$$0000000F)
    __rt_lib_init_preinit_1                  0x080001b9   Thumb Code     0  libinit2.o(.ARM.Collect$$libinit$$00000004)
    __rt_lib_init_rand_1                     0x080001b9   Thumb Code     0  libinit2.o(.ARM.Collect$$libinit$$0000000E)
    __rt_lib_init_user_alloc_1               0x080001b9   Thumb Code     0  libinit2.o(.ARM.Collect$$libinit$$0000000C)
    __rt_lib_init_lc_collate_1               0x080001bf   Thumb Code     0  libinit2.o(.ARM.Collect$$libinit$$00000011)
    __rt_lib_init_lc_ctype_1                 0x080001bf   Thumb Code     0  libinit2.o(.ARM.Collect$$libinit$$00000013)
    __rt_lib_init_lc_monetary_1              0x080001bf   Thumb Code     0  libinit2.o(.ARM.Collect$$libinit$$00000015)
    __rt_lib_init_lc_numeric_2               0x080001bf   Thumb Code     0  libinit2.o(.ARM.Collect$$libinit$$00000016)
    __rt_lib_init_alloca_1                   0x080001c9   Thumb Code     0  libinit2.o(.ARM.Collect$$libinit$$0000002E)
    __rt_lib_init_argv_1                     0x080001c9   Thumb Code     0  libinit2.o(.ARM.Collect$$libinit$$0000002C)
    __rt_lib_init_atexit_1                   0x080001c9   Thumb Code     0  libinit2.o(.ARM.Collect$$libinit$$0000001B)
    __rt_lib_init_clock_1                    0x080001c9   Thumb Code     0  libinit2.o(.ARM.Collect$$libinit$$00000021)
    __rt_lib_init_cpp_1                      0x080001c9   Thumb Code     0  libinit2.o(.ARM.Collect$$libinit$$00000032)
    __rt_lib_init_exceptions_1               0x080001c9   Thumb Code     0  libinit2.o(.ARM.Collect$$libinit$$00000030)
    __rt_lib_init_fp_trap_1                  0x080001c9   Thumb Code     0  libinit2.o(.ARM.Collect$$libinit$$0000001F)
    __rt_lib_init_getenv_1                   0x080001c9   Thumb Code     0  libinit2.o(.ARM.Collect$$libinit$$00000023)
    __rt_lib_init_lc_numeric_1               0x080001c9   Thumb Code     0  libinit2.o(.ARM.Collect$$libinit$$00000017)
    __rt_lib_init_lc_time_1                  0x080001c9   Thumb Code     0  libinit2.o(.ARM.Collect$$libinit$$00000019)
    __rt_lib_init_return                     0x080001c9   Thumb Code     0  libinit2.o(.ARM.Collect$$libinit$$00000033)
    __rt_lib_init_signal_1                   0x080001c9   Thumb Code     0  libinit2.o(.ARM.Collect$$libinit$$0000001D)
    __rt_lib_init_stdio_1                    0x080001c9   Thumb Code     0  libinit2.o(.ARM.Collect$$libinit$$00000025)
    __rt_lib_shutdown                        0x080001cb   Thumb Code     0  libshutdown.o(.ARM.Collect$$libshutdown$$00000000)
    __rt_lib_shutdown_cpp_1                  0x080001cd   Thumb Code     0  libshutdown2.o(.ARM.Collect$$libshutdown$$00000002)
    __rt_lib_shutdown_fp_trap_1              0x080001cd   Thumb Code     0  libshutdown2.o(.ARM.Collect$$libshutdown$$00000007)
    __rt_lib_shutdown_heap_1                 0x080001cd   Thumb Code     0  libshutdown2.o(.ARM.Collect$$libshutdown$$0000000F)
    __rt_lib_shutdown_return                 0x080001cd   Thumb Code     0  libshutdown2.o(.ARM.Collect$$libshutdown$$00000010)
    __rt_lib_shutdown_signal_1               0x080001cd   Thumb Code     0  libshutdown2.o(.ARM.Collect$$libshutdown$$0000000A)
    __rt_lib_shutdown_stdio_1                0x080001cd   Thumb Code     0  libshutdown2.o(.ARM.Collect$$libshutdown$$00000004)
    __rt_lib_shutdown_user_alloc_1           0x080001cd   Thumb Code     0  libshutdown2.o(.ARM.Collect$$libshutdown$$0000000C)
    __rt_entry                               0x080001cf   Thumb Code     0  __rtentry.o(.ARM.Collect$$rtentry$$00000000)
    __rt_entry_presh_1                       0x080001cf   Thumb Code     0  __rtentry2.o(.ARM.Collect$$rtentry$$00000002)
    __rt_entry_sh                            0x080001cf   Thumb Code     0  __rtentry4.o(.ARM.Collect$$rtentry$$00000004)
    __rt_entry_li                            0x080001d5   Thumb Code     0  __rtentry2.o(.ARM.Collect$$rtentry$$0000000A)
    __rt_entry_postsh_1                      0x080001d5   Thumb Code     0  __rtentry2.o(.ARM.Collect$$rtentry$$00000009)
    __rt_entry_main                          0x080001d9   Thumb Code     0  __rtentry2.o(.ARM.Collect$$rtentry$$0000000D)
    __rt_entry_postli_1                      0x080001d9   Thumb Code     0  __rtentry2.o(.ARM.Collect$$rtentry$$0000000C)
    __rt_exit                                0x080001e1   Thumb Code     0  rtexit.o(.ARM.Collect$$rtexit$$00000000)
    __rt_exit_ls                             0x080001e3   Thumb Code     0  rtexit2.o(.ARM.Collect$$rtexit$$00000003)
    __rt_exit_prels_1                        0x080001e3   Thumb Code     0  rtexit2.o(.ARM.Collect$$rtexit$$00000002)
    __rt_exit_exit                           0x080001e7   Thumb Code     0  rtexit2.o(.ARM.Collect$$rtexit$$00000004)
    Reset_Handler                            0x080001ed   Thumb Code     8  startup_stm32f10x_md.o(.text)
    ADC1_2_IRQHandler                        0x08000207   Thumb Code     0  startup_stm32f10x_md.o(.text)
    CAN1_RX1_IRQHandler                      0x08000207   Thumb Code     0  startup_stm32f10x_md.o(.text)
    CAN1_SCE_IRQHandler                      0x08000207   Thumb Code     0  startup_stm32f10x_md.o(.text)
    DMA1_Channel1_IRQHandler                 0x08000207   Thumb Code     0  startup_stm32f10x_md.o(.text)
    DMA1_Channel2_IRQHandler                 0x08000207   Thumb Code     0  startup_stm32f10x_md.o(.text)
    DMA1_Channel3_IRQHandler                 0x08000207   Thumb Code     0  startup_stm32f10x_md.o(.text)
    DMA1_Channel4_IRQHandler                 0x08000207   Thumb Code     0  startup_stm32f10x_md.o(.text)
    DMA1_Channel5_IRQHandler                 0x08000207   Thumb Code     0  startup_stm32f10x_md.o(.text)
    DMA1_Channel6_IRQHandler                 0x08000207   Thumb Code     0  startup_stm32f10x_md.o(.text)
    DMA1_Channel7_IRQHandler                 0x08000207   Thumb Code     0  startup_stm32f10x_md.o(.text)
    EXTI15_10_IRQHandler                     0x08000207   Thumb Code     0  startup_stm32f10x_md.o(.text)
    EXTI1_IRQHandler                         0x08000207   Thumb Code     0  startup_stm32f10x_md.o(.text)
    EXTI2_IRQHandler                         0x08000207   Thumb Code     0  startup_stm32f10x_md.o(.text)
    EXTI3_IRQHandler                         0x08000207   Thumb Code     0  startup_stm32f10x_md.o(.text)
    EXTI4_IRQHandler                         0x08000207   Thumb Code     0  startup_stm32f10x_md.o(.text)
    FLASH_IRQHandler                         0x08000207   Thumb Code     0  startup_stm32f10x_md.o(.text)
    I2C1_ER_IRQHandler                       0x08000207   Thumb Code     0  startup_stm32f10x_md.o(.text)
    I2C1_EV_IRQHandler                       0x08000207   Thumb Code     0  startup_stm32f10x_md.o(.text)
    I2C2_ER_IRQHandler                       0x08000207   Thumb Code     0  startup_stm32f10x_md.o(.text)
    I2C2_EV_IRQHandler                       0x08000207   Thumb Code     0  startup_stm32f10x_md.o(.text)
    PVD_IRQHandler                           0x08000207   Thumb Code     0  startup_stm32f10x_md.o(.text)
    RCC_IRQHandler                           0x08000207   Thumb Code     0  startup_stm32f10x_md.o(.text)
    RTCAlarm_IRQHandler                      0x08000207   Thumb Code     0  startup_stm32f10x_md.o(.text)
    RTC_IRQHandler                           0x08000207   Thumb Code     0  startup_stm32f10x_md.o(.text)
    SPI1_IRQHandler                          0x08000207   Thumb Code     0  startup_stm32f10x_md.o(.text)
    SPI2_IRQHandler                          0x08000207   Thumb Code     0  startup_stm32f10x_md.o(.text)
    TAMPER_IRQHandler                        0x08000207   Thumb Code     0  startup_stm32f10x_md.o(.text)
    TIM1_BRK_IRQHandler                      0x08000207   Thumb Code     0  startup_stm32f10x_md.o(.text)
    TIM1_CC_IRQHandler                       0x08000207   Thumb Code     0  startup_stm32f10x_md.o(.text)
    TIM1_TRG_COM_IRQHandler                  0x08000207   Thumb Code     0  startup_stm32f10x_md.o(.text)
    TIM1_UP_IRQHandler                       0x08000207   Thumb Code     0  startup_stm32f10x_md.o(.text)
    TIM2_IRQHandler                          0x08000207   Thumb Code     0  startup_stm32f10x_md.o(.text)
    TIM3_IRQHandler                          0x08000207   Thumb Code     0  startup_stm32f10x_md.o(.text)
    TIM4_IRQHandler                          0x08000207   Thumb Code     0  startup_stm32f10x_md.o(.text)
    USART2_IRQHandler                        0x08000207   Thumb Code     0  startup_stm32f10x_md.o(.text)
    USART3_IRQHandler                        0x08000207   Thumb Code     0  startup_stm32f10x_md.o(.text)
    USBWakeUp_IRQHandler                     0x08000207   Thumb Code     0  startup_stm32f10x_md.o(.text)
    USB_HP_CAN1_TX_IRQHandler                0x08000207   Thumb Code     0  startup_stm32f10x_md.o(.text)
    USB_LP_CAN1_RX0_IRQHandler               0x08000207   Thumb Code     0  startup_stm32f10x_md.o(.text)
    WWDG_IRQHandler                          0x08000207   Thumb Code     0  startup_stm32f10x_md.o(.text)
    __user_initial_stackheap                 0x08000209   Thumb Code     0  startup_stm32f10x_md.o(.text)
    __use_no_semihosting                     0x0800022d   Thumb Code     2  use_no_semi_2.o(.text)
    __2printf                                0x08000231   Thumb Code    20  noretval__2printf.o(.text)
    _printf_pre_padding                      0x08000249   Thumb Code    44  _printf_pad.o(.text)
    _printf_post_padding                     0x08000275   Thumb Code    34  _printf_pad.o(.text)
    _printf_int_dec                          0x08000299   Thumb Code   104  _printf_dec.o(.text)
    __printf                                 0x08000311   Thumb Code   388  __printf_flags_ss_wp.o(.text)
    __use_two_region_memory                  0x08000499   Thumb Code     2  heapauxi.o(.text)
    __rt_heap_escrow$2region                 0x0800049b   Thumb Code     2  heapauxi.o(.text)
    __rt_heap_expand$2region                 0x0800049d   Thumb Code     2  heapauxi.o(.text)
    __I$use$semihosting                      0x0800049f   Thumb Code     0  use_no_semi.o(.text)
    __use_no_semihosting_swi                 0x0800049f   Thumb Code     2  use_no_semi.o(.text)
    _printf_int_common                       0x080004a1   Thumb Code   178  _printf_intcommon.o(.text)
    __lib_sel_fp_printf                      0x08000553   Thumb Code     2  _printf_fp_dec.o(.text)
    _printf_fp_dec_real                      0x08000701   Thumb Code   620  _printf_fp_dec.o(.text)
    _printf_char_file                        0x0800096d   Thumb Code    32  _printf_char_file.o(.text)
    __rt_locale                              0x08000991   Thumb Code     8  rt_locale_intlibspace.o(.text)
    _ll_udiv10                               0x08000999   Thumb Code   138  lludiv10.o(.text)
    _printf_char_common                      0x08000a2f   Thumb Code    32  _printf_char_common.o(.text)
    _printf_fp_infnan                        0x08000a55   Thumb Code   112  _printf_fp_infnan.o(.text)
    _btod_etento                             0x08000ad5   Thumb Code   216  bigflt0.o(.text)
    ferror                                   0x08000bb1   Thumb Code     8  ferror.o(.text)
    __user_libspace                          0x08000bb9   Thumb Code     8  libspace.o(.text)
    __user_perproc_libspace                  0x08000bb9   Thumb Code     0  libspace.o(.text)
    __user_perthread_libspace                0x08000bb9   Thumb Code     0  libspace.o(.text)
    __user_setup_stackheap                   0x08000bc1   Thumb Code    74  sys_stackheap_outer.o(.text)
    exit                                     0x08000c0b   Thumb Code    18  exit.o(.text)
    strcmp                                   0x08000c1d   Thumb Code   128  strcmpv7m.o(.text)
    _btod_d2e                                0x08000c9d   Thumb Code    62  btod.o(CL$$btod_d2e)
    _d2e_denorm_low                          0x08000cdb   Thumb Code    70  btod.o(CL$$btod_d2e_denorm_low)
    _d2e_norm_op1                            0x08000d21   Thumb Code    96  btod.o(CL$$btod_d2e_norm_op1)
    __btod_div_common                        0x08000d81   Thumb Code   696  btod.o(CL$$btod_div_common)
    _e2e                                     0x080010b9   Thumb Code   198  btod.o(CL$$btod_e2e)
    _btod_ediv                               0x0800117f   Thumb Code    40  btod.o(CL$$btod_ediv)
    _btod_emul                               0x080011a7   Thumb Code    40  btod.o(CL$$btod_emul)
    __btod_mult_common                       0x080011cf   Thumb Code   580  btod.o(CL$$btod_mult_common)
    ADC_ClearFlag                            0x08001413   Thumb Code     6  stm32f10x_adc.o(i.ADC_ClearFlag)
    ADC_Cmd                                  0x08001419   Thumb Code    22  stm32f10x_adc.o(i.ADC_Cmd)
    ADC_GetConversionValue                   0x0800142f   Thumb Code     8  stm32f10x_adc.o(i.ADC_GetConversionValue)
    ADC_GetFlagStatus                        0x08001437   Thumb Code    18  stm32f10x_adc.o(i.ADC_GetFlagStatus)
    ADC_Init                                 0x08001449   Thumb Code    70  stm32f10x_adc.o(i.ADC_Init)
    ADC_RegularChannelConfig                 0x08001499   Thumb Code   184  stm32f10x_adc.o(i.ADC_RegularChannelConfig)
    ADC_SoftwareStartConvCmd                 0x08001551   Thumb Code    22  stm32f10x_adc.o(i.ADC_SoftwareStartConvCmd)
    BKP_DeInit                               0x08001567   Thumb Code    16  stm32f10x_bkp.o(i.BKP_DeInit)
    BKP_ReadBackupRegister                   0x08001579   Thumb Code    24  stm32f10x_bkp.o(i.BKP_ReadBackupRegister)
    BKP_WriteBackupRegister                  0x08001595   Thumb Code    22  stm32f10x_bkp.o(i.BKP_WriteBackupRegister)
    BusFault_Handler                         0x080015b1   Thumb Code     4  stm32f10x_it.o(i.BusFault_Handler)
    DateTimeToTimestamp                      0x080015b5   Thumb Code   116  z_mytime.o(i.DateTimeToTimestamp)
    DebugMon_Handler                         0x0800162d   Thumb Code     2  stm32f10x_it.o(i.DebugMon_Handler)
    EXTI0_IRQHandler                         0x08001631   Thumb Code    26  eint.o(i.EXTI0_IRQHandler)
    EXTI9_5_IRQHandler                       0x08001651   Thumb Code    56  eint.o(i.EXTI9_5_IRQHandler)
    EXTI_ClearITPendingBit                   0x08001691   Thumb Code     6  stm32f10x_exti.o(i.EXTI_ClearITPendingBit)
    EXTI_GetITStatus                         0x0800169d   Thumb Code    34  stm32f10x_exti.o(i.EXTI_GetITStatus)
    EXTI_Init                                0x080016c5   Thumb Code   142  stm32f10x_exti.o(i.EXTI_Init)
    GPIO_EXTILineConfig                      0x08001759   Thumb Code    60  stm32f10x_gpio.o(i.GPIO_EXTILineConfig)
    GPIO_Init                                0x08001799   Thumb Code   278  stm32f10x_gpio.o(i.GPIO_Init)
    GPIO_PinRemapConfig                      0x080018b1   Thumb Code   138  stm32f10x_gpio.o(i.GPIO_PinRemapConfig)
    HardFault_Handler                        0x08001975   Thumb Code     4  stm32f10x_it.o(i.HardFault_Handler)
    IIC_Ack                                  0x08001979   Thumb Code    48  gpio_iic.o(i.IIC_Ack)
    IIC_Init                                 0x080019b1   Thumb Code    82  gpio_iic.o(i.IIC_Init)
    IIC_NAck                                 0x08001a1d   Thumb Code    48  gpio_iic.o(i.IIC_NAck)
    IIC_Recv_Byte                            0x08001a55   Thumb Code    86  gpio_iic.o(i.IIC_Recv_Byte)
    IIC_Sda_In                               0x08001ab5   Thumb Code    12  gpio_iic.o(i.IIC_Sda_In)
    IIC_Sda_Out                              0x08001ac9   Thumb Code    12  gpio_iic.o(i.IIC_Sda_Out)
    IIC_Send_Byte                            0x08001add   Thumb Code    70  gpio_iic.o(i.IIC_Send_Byte)
    IIC_Start                                0x08001b2d   Thumb Code    46  gpio_iic.o(i.IIC_Start)
    IIC_Stop                                 0x08001b65   Thumb Code    50  gpio_iic.o(i.IIC_Stop)
    IIC_Wait_Ack                             0x08001ba1   Thumb Code    68  gpio_iic.o(i.IIC_Wait_Ack)
    MemManage_Handler                        0x08001c1f   Thumb Code     4  stm32f10x_it.o(i.MemManage_Handler)
    NMI_Handler                              0x08001c23   Thumb Code     2  stm32f10x_it.o(i.NMI_Handler)
    NVIC_Init                                0x08001c25   Thumb Code   100  misc.o(i.NVIC_Init)
    NVIC_PriorityGroupConfig                 0x08001c95   Thumb Code    10  misc.o(i.NVIC_PriorityGroupConfig)
    OLED_Clear                               0x08001ca9   Thumb Code    64  oled.o(i.OLED_Clear)
    OLED_Init                                0x08001ce9   Thumb Code   184  oled.o(i.OLED_Init)
    OLED_WR_Byte                             0x08001da1   Thumb Code    24  oled.o(i.OLED_WR_Byte)
    PWR_BackupAccessCmd                      0x08001db9   Thumb Code     6  stm32f10x_pwr.o(i.PWR_BackupAccessCmd)
    PendSV_Handler                           0x08001dc5   Thumb Code     2  stm32f10x_it.o(i.PendSV_Handler)
    RCC_APB1PeriphClockCmd                   0x08001dc9   Thumb Code    26  stm32f10x_rcc.o(i.RCC_APB1PeriphClockCmd)
    RCC_APB2PeriphClockCmd                   0x08001de9   Thumb Code    26  stm32f10x_rcc.o(i.RCC_APB2PeriphClockCmd)
    RCC_BackupResetCmd                       0x08001e09   Thumb Code     6  stm32f10x_rcc.o(i.RCC_BackupResetCmd)
    RCC_GetClocksFreq                        0x08001e15   Thumb Code   192  stm32f10x_rcc.o(i.RCC_GetClocksFreq)
    RCC_GetFlagStatus                        0x08001ee9   Thumb Code    56  stm32f10x_rcc.o(i.RCC_GetFlagStatus)
    RCC_LSEConfig                            0x08001f25   Thumb Code    46  stm32f10x_rcc.o(i.RCC_LSEConfig)
    RCC_RTCCLKCmd                            0x08001f59   Thumb Code     6  stm32f10x_rcc.o(i.RCC_RTCCLKCmd)
    RCC_RTCCLKConfig                         0x08001f65   Thumb Code    12  stm32f10x_rcc.o(i.RCC_RTCCLKConfig)
    RTC_EnterConfigMode                      0x08001f75   Thumb Code    14  stm32f10x_rtc.o(i.RTC_EnterConfigMode)
    RTC_ExitConfigMode                       0x08001f89   Thumb Code    16  stm32f10x_rtc.o(i.RTC_ExitConfigMode)
    RTC_GetCounter                           0x08001f9d   Thumb Code    16  stm32f10x_rtc.o(i.RTC_GetCounter)
    RTC_GetTimestamp                         0x08001fb1   Thumb Code     8  z_mytime.o(i.RTC_GetTimestamp)
    RTC_InitTimestamp                        0x08001fb9   Thumb Code   110  z_mytime.o(i.RTC_InitTimestamp)
    RTC_SetCounter                           0x08002029   Thumb Code    24  stm32f10x_rtc.o(i.RTC_SetCounter)
    RTC_SetDateTime                          0x08002045   Thumb Code    32  z_mytime.o(i.RTC_SetDateTime)
    RTC_SetPrescaler                         0x08002065   Thumb Code    26  stm32f10x_rtc.o(i.RTC_SetPrescaler)
    RTC_WaitForLastTask                      0x08002085   Thumb Code    16  stm32f10x_rtc.o(i.RTC_WaitForLastTask)
    RTC_WaitForSynchro                       0x08002099   Thumb Code    30  stm32f10x_rtc.o(i.RTC_WaitForSynchro)
    SVC_Handler                              0x080020bd   Thumb Code     2  stm32f10x_it.o(i.SVC_Handler)
    SysTick_CLKSourceConfig                  0x080021a9   Thumb Code    40  misc.o(i.SysTick_CLKSourceConfig)
    SysTick_Handler                          0x080021d1   Thumb Code     2  stm32f10x_it.o(i.SysTick_Handler)
    SystemInit                               0x080021d5   Thumb Code    78  system_stm32f10x.o(i.SystemInit)
    TimestampToDateTime                      0x08002235   Thumb Code   164  z_mytime.o(i.TimestampToDateTime)
    USART1_IRQHandler                        0x080022dd   Thumb Code    44  usart1.o(i.USART1_IRQHandler)
    USART_ClearFlag                          0x08002311   Thumb Code    18  stm32f10x_usart.o(i.USART_ClearFlag)
    USART_ClearITPendingBit                  0x08002323   Thumb Code    30  stm32f10x_usart.o(i.USART_ClearITPendingBit)
    USART_Cmd                                0x08002341   Thumb Code    24  stm32f10x_usart.o(i.USART_Cmd)
    USART_GetFlagStatus                      0x08002359   Thumb Code    26  stm32f10x_usart.o(i.USART_GetFlagStatus)
    USART_GetITStatus                        0x08002373   Thumb Code    84  stm32f10x_usart.o(i.USART_GetITStatus)
    USART_ITConfig                           0x080023c7   Thumb Code    74  stm32f10x_usart.o(i.USART_ITConfig)
    USART_Init                               0x08002411   Thumb Code   210  stm32f10x_usart.o(i.USART_Init)
    USART_ReceiveData                        0x080024e9   Thumb Code    10  stm32f10x_usart.o(i.USART_ReceiveData)
    USART_SendData                           0x080024f3   Thumb Code     8  stm32f10x_usart.o(i.USART_SendData)
    UsageFault_Handler                       0x080024fb   Thumb Code     4  stm32f10x_it.o(i.UsageFault_Handler)
    Write_IIC_Command                        0x080024ff   Thumb Code    44  oled.o(i.Write_IIC_Command)
    Write_IIC_Data                           0x0800252b   Thumb Code    44  oled.o(i.Write_IIC_Data)
    __ARM_fpclassify                         0x08002557   Thumb Code    40  fpclassify.o(i.__ARM_fpclassify)
    _is_digit                                0x0800257f   Thumb Code    14  __printf_wp.o(i._is_digit)
    _sys_exit                                0x0800258d   Thumb Code     2  usart1.o(i._sys_exit)
    adj_res_init                             0x08002591   Thumb Code    96  adj_res.o(i.adj_res_init)
    button_init                              0x080025f9   Thumb Code    54  button.o(i.button_init)
    buzzer_init                              0x08002639   Thumb Code    44  buzzer.o(i.buzzer_init)
    delay_init                               0x0800266d   Thumb Code    42  delay.o(i.delay_init)
    delay_ms                                 0x080026a1   Thumb Code    56  delay.o(i.delay_ms)
    delay_us                                 0x080026d9   Thumb Code    72  delay.o(i.delay_us)
    delay_xms                                0x08002725   Thumb Code    72  delay.o(i.delay_xms)
    dht_init                                 0x08002771   Thumb Code    12  dht.o(i.dht_init)
    dht_input_status                         0x0800277d   Thumb Code    12  dht.o(i.dht_input_status)
    dht_output_status                        0x0800278d   Thumb Code    26  dht.o(i.dht_output_status)
    digit_show_data                          0x080027ad   Thumb Code   136  ldt.o(i.digit_show_data)
    eeprom_init                              0x08002845   Thumb Code     8  eeprom.o(i.eeprom_init)
    eeprom_rand_read                         0x0800284d   Thumb Code    64  eeprom.o(i.eeprom_rand_read)
    eint_init                                0x0800288d   Thumb Code   172  eint.o(i.eint_init)
    fputc                                    0x08002941   Thumb Code    16  usart1.o(i.fputc)
    get_adj_res_value                        0x08002951   Thumb Code    40  adj_res.o(i.get_adj_res_value)
    get_dht_value                            0x0800297d   Thumb Code   180  dht.o(i.get_dht_value)
    hc138_out_data                           0x08002a31   Thumb Code   100  ldt.o(i.hc138_out_data)
    hc595_send_data                          0x08002aa1   Thumb Code    72  ldt.o(i.hc595_send_data)
    ldt_init                                 0x08002af1   Thumb Code    76  ldt.o(i.ldt_init)
    led_init                                 0x08002b4d   Thumb Code    56  led.o(i.led_init)
    main                                     0x08002b91   Thumb Code   390  main.o(i.main)
    picture_1                                0x08002dd5   Thumb Code    72  oled.o(i.picture_1)
    set_dht_gpio_input                       0x08002e21   Thumb Code    24  dht.o(i.set_dht_gpio_input)
    set_dht_gpio_output                      0x08002e3d   Thumb Code    30  dht.o(i.set_dht_gpio_output)
    sht_init                                 0x08002e61   Thumb Code     8  sht.o(i.sht_init)
    sht_read_data                            0x08002e69   Thumb Code   188  sht.o(i.sht_read_data)
    sht_write_mode                           0x08002f35   Thumb Code    42  sht.o(i.sht_write_mode)
    sht_write_read_cmd                       0x08002f5f   Thumb Code    38  sht.o(i.sht_write_read_cmd)
    usart_1_init                             0x08002f85   Thumb Code   162  usart1.o(i.usart_1_init)
    usart_1_send_byte                        0x08003031   Thumb Code    40  usart1.o(i.usart_1_send_byte)
    _get_lc_numeric                          0x0800305d   Thumb Code    44  lc_numeric_c.o(locale$$code)
    __aeabi_dadd                             0x08003089   Thumb Code     0  daddsub_clz.o(x$fpl$dadd)
    _dadd                                    0x08003089   Thumb Code   332  daddsub_clz.o(x$fpl$dadd)
    __aeabi_ddiv                             0x080031d9   Thumb Code     0  ddiv.o(x$fpl$ddiv)
    _ddiv                                    0x080031d9   Thumb Code   552  ddiv.o(x$fpl$ddiv)
    __aeabi_ui2d                             0x08003489   Thumb Code     0  dflt_clz.o(x$fpl$dfltu)
    _dfltu                                   0x08003489   Thumb Code    38  dflt_clz.o(x$fpl$dfltu)
    __aeabi_dmul                             0x080034b1   Thumb Code     0  dmul.o(x$fpl$dmul)
    _dmul                                    0x080034b1   Thumb Code   332  dmul.o(x$fpl$dmul)
    __fpl_dnaninf                            0x08003605   Thumb Code   156  dnaninf.o(x$fpl$dnaninf)
    __fpl_dretinf                            0x080036a1   Thumb Code    12  dretinf.o(x$fpl$dretinf)
    __aeabi_dsub                             0x080036ad   Thumb Code     0  daddsub_clz.o(x$fpl$dsub)
    _dsub                                    0x080036ad   Thumb Code   464  daddsub_clz.o(x$fpl$dsub)
    _printf_fp_dec                           0x08003881   Thumb Code     4  printf1.o(x$fpl$printf1)
    __I$use$fp                               0x08003884   Number         0  usenofp.o(x$fpl$usenofp)
    Region$$Table$$Base                      0x08003934   Number         0  anon$$obj.o(Region$$Table)
    Region$$Table$$Limit                     0x08003954   Number         0  anon$$obj.o(Region$$Table)
    e_h0                                     0x20000018   Data           4  eint.o(.data)
    e_h1                                     0x2000001c   Data           4  eint.o(.data)
    e_h2                                     0x20000020   Data           4  eint.o(.data)
    u1_h                                     0x20000024   Data           4  usart1.o(.data)
    __stdout                                 0x20000028   Data           4  usart1.o(.data)
    __stdin                                  0x2000002c   Data           4  usart1.o(.data)
    GPIO_InitForSCL                          0x20000030   Data           4  gpio_iic.o(.data)
    GPIO_InitForSDAOut                       0x20000034   Data           4  gpio_iic.o(.data)
    GPIO_InitForSDAIn                        0x20000038   Data           4  gpio_iic.o(.data)
    Picture1                                 0x2000003c   Data        1024  oled.o(.data)
    chan                                     0x2000043c   Data         160  oled.o(.data)
    Temp                                     0x200004dc   Data          64  oled.o(.data)
    Hum                                      0x2000051c   Data          64  oled.o(.data)
    T                                        0x2000055c   Data          32  oled.o(.data)
    __libspace_start                         0x2000057c   Data          96  libspace.o(.bss)
    __temporary_stack_top$libspace           0x200005dc   Data           0  libspace.o(.bss)



==============================================================================

Memory Map of the image

  Image Entry point : 0x080000ed

  Load Region LR_IROM1 (Base: 0x08000000, Size: 0x00003eec, Max: 0x00020000, ABSOLUTE, COMPRESSED[0x00003d28])

    Execution Region ER_IROM1 (Base: 0x08000000, Size: 0x00003970, Max: 0x00020000, ABSOLUTE)

    Base Addr    Size         Type   Attr      Idx    E Section Name        Object

    0x08000000   0x000000ec   Data   RO           19    RESET               startup_stm32f10x_md.o
    0x080000ec   0x00000008   Code   RO         2082  * !!!main             c_w.l(__main.o)
    0x080000f4   0x00000034   Code   RO         2322    !!!scatter          c_w.l(__scatter.o)
    0x08000128   0x0000005a   Code   RO         2320    !!dczerorl2         c_w.l(__dczerorl2.o)
    0x08000182   0x00000002   PAD
    0x08000184   0x0000001c   Code   RO         2324    !!handler_zi        c_w.l(__scatter_zi.o)
    0x080001a0   0x00000000   Code   RO         2079    .ARM.Collect$$_printf_percent$$00000000  c_w.l(_printf_percent.o)
    0x080001a0   0x00000006   Code   RO         2078    .ARM.Collect$$_printf_percent$$00000003  c_w.l(_printf_f.o)
    0x080001a6   0x00000006   Code   RO         2076    .ARM.Collect$$_printf_percent$$00000009  c_w.l(_printf_d.o)
    0x080001ac   0x00000006   Code   RO         2077    .ARM.Collect$$_printf_percent$$0000000A  c_w.l(_printf_u.o)
    0x080001b2   0x00000004   Code   RO         2113    .ARM.Collect$$_printf_percent$$00000017  c_w.l(_printf_percent_end.o)
    0x080001b6   0x00000002   Code   RO         2197    .ARM.Collect$$libinit$$00000000  c_w.l(libinit.o)
    0x080001b8   0x00000000   Code   RO         2199    .ARM.Collect$$libinit$$00000002  c_w.l(libinit2.o)
    0x080001b8   0x00000000   Code   RO         2201    .ARM.Collect$$libinit$$00000004  c_w.l(libinit2.o)
    0x080001b8   0x00000000   Code   RO         2204    .ARM.Collect$$libinit$$0000000A  c_w.l(libinit2.o)
    0x080001b8   0x00000000   Code   RO         2206    .ARM.Collect$$libinit$$0000000C  c_w.l(libinit2.o)
    0x080001b8   0x00000000   Code   RO         2208    .ARM.Collect$$libinit$$0000000E  c_w.l(libinit2.o)
    0x080001b8   0x00000006   Code   RO         2209    .ARM.Collect$$libinit$$0000000F  c_w.l(libinit2.o)
    0x080001be   0x00000000   Code   RO         2211    .ARM.Collect$$libinit$$00000011  c_w.l(libinit2.o)
    0x080001be   0x00000000   Code   RO         2213    .ARM.Collect$$libinit$$00000013  c_w.l(libinit2.o)
    0x080001be   0x00000000   Code   RO         2215    .ARM.Collect$$libinit$$00000015  c_w.l(libinit2.o)
    0x080001be   0x0000000a   Code   RO         2216    .ARM.Collect$$libinit$$00000016  c_w.l(libinit2.o)
    0x080001c8   0x00000000   Code   RO         2217    .ARM.Collect$$libinit$$00000017  c_w.l(libinit2.o)
    0x080001c8   0x00000000   Code   RO         2219    .ARM.Collect$$libinit$$00000019  c_w.l(libinit2.o)
    0x080001c8   0x00000000   Code   RO         2221    .ARM.Collect$$libinit$$0000001B  c_w.l(libinit2.o)
    0x080001c8   0x00000000   Code   RO         2223    .ARM.Collect$$libinit$$0000001D  c_w.l(libinit2.o)
    0x080001c8   0x00000000   Code   RO         2225    .ARM.Collect$$libinit$$0000001F  c_w.l(libinit2.o)
    0x080001c8   0x00000000   Code   RO         2227    .ARM.Collect$$libinit$$00000021  c_w.l(libinit2.o)
    0x080001c8   0x00000000   Code   RO         2229    .ARM.Collect$$libinit$$00000023  c_w.l(libinit2.o)
    0x080001c8   0x00000000   Code   RO         2231    .ARM.Collect$$libinit$$00000025  c_w.l(libinit2.o)
    0x080001c8   0x00000000   Code   RO         2235    .ARM.Collect$$libinit$$0000002C  c_w.l(libinit2.o)
    0x080001c8   0x00000000   Code   RO         2237    .ARM.Collect$$libinit$$0000002E  c_w.l(libinit2.o)
    0x080001c8   0x00000000   Code   RO         2239    .ARM.Collect$$libinit$$00000030  c_w.l(libinit2.o)
    0x080001c8   0x00000000   Code   RO         2241    .ARM.Collect$$libinit$$00000032  c_w.l(libinit2.o)
    0x080001c8   0x00000002   Code   RO         2242    .ARM.Collect$$libinit$$00000033  c_w.l(libinit2.o)
    0x080001ca   0x00000002   Code   RO         2270    .ARM.Collect$$libshutdown$$00000000  c_w.l(libshutdown.o)
    0x080001cc   0x00000000   Code   RO         2279    .ARM.Collect$$libshutdown$$00000002  c_w.l(libshutdown2.o)
    0x080001cc   0x00000000   Code   RO         2281    .ARM.Collect$$libshutdown$$00000004  c_w.l(libshutdown2.o)
    0x080001cc   0x00000000   Code   RO         2284    .ARM.Collect$$libshutdown$$00000007  c_w.l(libshutdown2.o)
    0x080001cc   0x00000000   Code   RO         2287    .ARM.Collect$$libshutdown$$0000000A  c_w.l(libshutdown2.o)
    0x080001cc   0x00000000   Code   RO         2289    .ARM.Collect$$libshutdown$$0000000C  c_w.l(libshutdown2.o)
    0x080001cc   0x00000000   Code   RO         2292    .ARM.Collect$$libshutdown$$0000000F  c_w.l(libshutdown2.o)
    0x080001cc   0x00000002   Code   RO         2293    .ARM.Collect$$libshutdown$$00000010  c_w.l(libshutdown2.o)
    0x080001ce   0x00000000   Code   RO         2106    .ARM.Collect$$rtentry$$00000000  c_w.l(__rtentry.o)
    0x080001ce   0x00000000   Code   RO         2120    .ARM.Collect$$rtentry$$00000002  c_w.l(__rtentry2.o)
    0x080001ce   0x00000006   Code   RO         2132    .ARM.Collect$$rtentry$$00000004  c_w.l(__rtentry4.o)
    0x080001d4   0x00000000   Code   RO         2122    .ARM.Collect$$rtentry$$00000009  c_w.l(__rtentry2.o)
    0x080001d4   0x00000004   Code   RO         2123    .ARM.Collect$$rtentry$$0000000A  c_w.l(__rtentry2.o)
    0x080001d8   0x00000000   Code   RO         2125    .ARM.Collect$$rtentry$$0000000C  c_w.l(__rtentry2.o)
    0x080001d8   0x00000008   Code   RO         2126    .ARM.Collect$$rtentry$$0000000D  c_w.l(__rtentry2.o)
    0x080001e0   0x00000002   Code   RO         2243    .ARM.Collect$$rtexit$$00000000  c_w.l(rtexit.o)
    0x080001e2   0x00000000   Code   RO         2250    .ARM.Collect$$rtexit$$00000002  c_w.l(rtexit2.o)
    0x080001e2   0x00000004   Code   RO         2251    .ARM.Collect$$rtexit$$00000003  c_w.l(rtexit2.o)
    0x080001e6   0x00000006   Code   RO         2252    .ARM.Collect$$rtexit$$00000004  c_w.l(rtexit2.o)
    0x080001ec   0x00000040   Code   RO           20    .text               startup_stm32f10x_md.o
    0x0800022c   0x00000002   Code   RO         2044    .text               c_w.l(use_no_semi_2.o)
    0x0800022e   0x00000002   PAD
    0x08000230   0x00000018   Code   RO         2048    .text               c_w.l(noretval__2printf.o)
    0x08000248   0x0000004e   Code   RO         2052    .text               c_w.l(_printf_pad.o)
    0x08000296   0x00000002   PAD
    0x08000298   0x00000078   Code   RO         2054    .text               c_w.l(_printf_dec.o)
    0x08000310   0x00000188   Code   RO         2073    .text               c_w.l(__printf_flags_ss_wp.o)
    0x08000498   0x00000006   Code   RO         2080    .text               c_w.l(heapauxi.o)
    0x0800049e   0x00000002   Code   RO         2104    .text               c_w.l(use_no_semi.o)
    0x080004a0   0x000000b2   Code   RO         2107    .text               c_w.l(_printf_intcommon.o)
    0x08000552   0x0000041a   Code   RO         2109    .text               c_w.l(_printf_fp_dec.o)
    0x0800096c   0x00000024   Code   RO         2111    .text               c_w.l(_printf_char_file.o)
    0x08000990   0x00000008   Code   RO         2137    .text               c_w.l(rt_locale_intlibspace.o)
    0x08000998   0x0000008a   Code   RO         2139    .text               c_w.l(lludiv10.o)
    0x08000a22   0x00000002   PAD
    0x08000a24   0x00000030   Code   RO         2141    .text               c_w.l(_printf_char_common.o)
    0x08000a54   0x00000080   Code   RO         2143    .text               c_w.l(_printf_fp_infnan.o)
    0x08000ad4   0x000000dc   Code   RO         2145    .text               c_w.l(bigflt0.o)
    0x08000bb0   0x00000008   Code   RO         2170    .text               c_w.l(ferror.o)
    0x08000bb8   0x00000008   Code   RO         2181    .text               c_w.l(libspace.o)
    0x08000bc0   0x0000004a   Code   RO         2184    .text               c_w.l(sys_stackheap_outer.o)
    0x08000c0a   0x00000012   Code   RO         2188    .text               c_w.l(exit.o)
    0x08000c1c   0x00000080   Code   RO         2190    .text               c_w.l(strcmpv7m.o)
    0x08000c9c   0x0000003e   Code   RO         2148    CL$$btod_d2e        c_w.l(btod.o)
    0x08000cda   0x00000046   Code   RO         2150    CL$$btod_d2e_denorm_low  c_w.l(btod.o)
    0x08000d20   0x00000060   Code   RO         2149    CL$$btod_d2e_norm_op1  c_w.l(btod.o)
    0x08000d80   0x00000338   Code   RO         2158    CL$$btod_div_common  c_w.l(btod.o)
    0x080010b8   0x000000c6   Code   RO         2155    CL$$btod_e2e        c_w.l(btod.o)
    0x0800117e   0x00000028   Code   RO         2152    CL$$btod_ediv       c_w.l(btod.o)
    0x080011a6   0x00000028   Code   RO         2151    CL$$btod_emul       c_w.l(btod.o)
    0x080011ce   0x00000244   Code   RO         2157    CL$$btod_mult_common  c_w.l(btod.o)
    0x08001412   0x00000006   Code   RO          737    i.ADC_ClearFlag     stm32f10x_adc.o
    0x08001418   0x00000016   Code   RO          739    i.ADC_Cmd           stm32f10x_adc.o
    0x0800142e   0x00000008   Code   RO          748    i.ADC_GetConversionValue  stm32f10x_adc.o
    0x08001436   0x00000012   Code   RO          750    i.ADC_GetFlagStatus  stm32f10x_adc.o
    0x08001448   0x00000050   Code   RO          757    i.ADC_Init          stm32f10x_adc.o
    0x08001498   0x000000b8   Code   RO          761    i.ADC_RegularChannelConfig  stm32f10x_adc.o
    0x08001550   0x00000016   Code   RO          764    i.ADC_SoftwareStartConvCmd  stm32f10x_adc.o
    0x08001566   0x00000010   Code   RO         1017    i.BKP_DeInit        stm32f10x_bkp.o
    0x08001576   0x00000002   PAD
    0x08001578   0x0000001c   Code   RO         1022    i.BKP_ReadBackupRegister  stm32f10x_bkp.o
    0x08001594   0x0000001c   Code   RO         1026    i.BKP_WriteBackupRegister  stm32f10x_bkp.o
    0x080015b0   0x00000004   Code   RO         1945    i.BusFault_Handler  stm32f10x_it.o
    0x080015b4   0x00000078   Code   RO         1873    i.DateTimeToTimestamp  z_mytime.o
    0x0800162c   0x00000002   Code   RO         1946    i.DebugMon_Handler  stm32f10x_it.o
    0x0800162e   0x00000002   PAD
    0x08001630   0x00000020   Code   RO         1374    i.EXTI0_IRQHandler  eint.o
    0x08001650   0x00000040   Code   RO         1375    i.EXTI9_5_IRQHandler  eint.o
    0x08001690   0x0000000c   Code   RO          458    i.EXTI_ClearITPendingBit  stm32f10x_exti.o
    0x0800169c   0x00000028   Code   RO          462    i.EXTI_GetITStatus  stm32f10x_exti.o
    0x080016c4   0x00000094   Code   RO          463    i.EXTI_Init         stm32f10x_exti.o
    0x08001758   0x00000040   Code   RO          310    i.GPIO_EXTILineConfig  stm32f10x_gpio.o
    0x08001798   0x00000116   Code   RO          313    i.GPIO_Init         stm32f10x_gpio.o
    0x080018ae   0x00000002   PAD
    0x080018b0   0x00000090   Code   RO          315    i.GPIO_PinRemapConfig  stm32f10x_gpio.o
    0x08001940   0x00000034   Code   RO         1874    i.GetDaysInMonth    z_mytime.o
    0x08001974   0x00000004   Code   RO         1947    i.HardFault_Handler  stm32f10x_it.o
    0x08001978   0x00000038   Code   RO         1495    i.IIC_Ack           gpio_iic.o
    0x080019b0   0x0000006c   Code   RO         1496    i.IIC_Init          gpio_iic.o
    0x08001a1c   0x00000038   Code   RO         1497    i.IIC_NAck          gpio_iic.o
    0x08001a54   0x00000060   Code   RO         1498    i.IIC_Recv_Byte     gpio_iic.o
    0x08001ab4   0x00000014   Code   RO         1499    i.IIC_Sda_In        gpio_iic.o
    0x08001ac8   0x00000014   Code   RO         1500    i.IIC_Sda_Out       gpio_iic.o
    0x08001adc   0x00000050   Code   RO         1501    i.IIC_Send_Byte     gpio_iic.o
    0x08001b2c   0x00000038   Code   RO         1502    i.IIC_Start         gpio_iic.o
    0x08001b64   0x0000003c   Code   RO         1503    i.IIC_Stop          gpio_iic.o
    0x08001ba0   0x0000004c   Code   RO         1504    i.IIC_Wait_Ack      gpio_iic.o
    0x08001bec   0x00000032   Code   RO         1875    i.IsLeapYear        z_mytime.o
    0x08001c1e   0x00000004   Code   RO         1948    i.MemManage_Handler  stm32f10x_it.o
    0x08001c22   0x00000002   Code   RO         1949    i.NMI_Handler       stm32f10x_it.o
    0x08001c24   0x00000070   Code   RO          421    i.NVIC_Init         misc.o
    0x08001c94   0x00000014   Code   RO          422    i.NVIC_PriorityGroupConfig  misc.o
    0x08001ca8   0x00000040   Code   RO         1570    i.OLED_Clear        oled.o
    0x08001ce8   0x000000b8   Code   RO         1576    i.OLED_Init         oled.o
    0x08001da0   0x00000018   Code   RO         1587    i.OLED_WR_Byte      oled.o
    0x08001db8   0x0000000c   Code   RO          955    i.PWR_BackupAccessCmd  stm32f10x_pwr.o
    0x08001dc4   0x00000002   Code   RO         1950    i.PendSV_Handler    stm32f10x_it.o
    0x08001dc6   0x00000002   PAD
    0x08001dc8   0x00000020   Code   RO           26    i.RCC_APB1PeriphClockCmd  stm32f10x_rcc.o
    0x08001de8   0x00000020   Code   RO           28    i.RCC_APB2PeriphClockCmd  stm32f10x_rcc.o
    0x08001e08   0x0000000c   Code   RO           31    i.RCC_BackupResetCmd  stm32f10x_rcc.o
    0x08001e14   0x000000d4   Code   RO           36    i.RCC_GetClocksFreq  stm32f10x_rcc.o
    0x08001ee8   0x0000003c   Code   RO           37    i.RCC_GetFlagStatus  stm32f10x_rcc.o
    0x08001f24   0x00000034   Code   RO           44    i.RCC_LSEConfig     stm32f10x_rcc.o
    0x08001f58   0x0000000c   Code   RO           51    i.RCC_RTCCLKCmd     stm32f10x_rcc.o
    0x08001f64   0x00000010   Code   RO           52    i.RCC_RTCCLKConfig  stm32f10x_rcc.o
    0x08001f74   0x00000014   Code   RO         1095    i.RTC_EnterConfigMode  stm32f10x_rtc.o
    0x08001f88   0x00000014   Code   RO         1096    i.RTC_ExitConfigMode  stm32f10x_rtc.o
    0x08001f9c   0x00000014   Code   RO         1097    i.RTC_GetCounter    stm32f10x_rtc.o
    0x08001fb0   0x00000008   Code   RO         1876    i.RTC_GetTimestamp  z_mytime.o
    0x08001fb8   0x0000006e   Code   RO         1877    i.RTC_InitTimestamp  z_mytime.o
    0x08002026   0x00000002   PAD
    0x08002028   0x0000001c   Code   RO         1103    i.RTC_SetCounter    stm32f10x_rtc.o
    0x08002044   0x00000020   Code   RO         1878    i.RTC_SetDateTime   z_mytime.o
    0x08002064   0x00000020   Code   RO         1104    i.RTC_SetPrescaler  stm32f10x_rtc.o
    0x08002084   0x00000014   Code   RO         1105    i.RTC_WaitForLastTask  stm32f10x_rtc.o
    0x08002098   0x00000024   Code   RO         1106    i.RTC_WaitForSynchro  stm32f10x_rtc.o
    0x080020bc   0x00000002   Code   RO         1951    i.SVC_Handler       stm32f10x_it.o
    0x080020be   0x00000008   Code   RO         2008    i.SetSysClock       system_stm32f10x.o
    0x080020c6   0x00000002   PAD
    0x080020c8   0x000000e0   Code   RO         2009    i.SetSysClockTo72   system_stm32f10x.o
    0x080021a8   0x00000028   Code   RO          425    i.SysTick_CLKSourceConfig  misc.o
    0x080021d0   0x00000002   Code   RO         1952    i.SysTick_Handler   stm32f10x_it.o
    0x080021d2   0x00000002   PAD
    0x080021d4   0x00000060   Code   RO         2011    i.SystemInit        system_stm32f10x.o
    0x08002234   0x000000a8   Code   RO         1879    i.TimestampToDateTime  z_mytime.o
    0x080022dc   0x00000034   Code   RO         1431    i.USART1_IRQHandler  usart1.o
    0x08002310   0x00000012   Code   RO          553    i.USART_ClearFlag   stm32f10x_usart.o
    0x08002322   0x0000001e   Code   RO          554    i.USART_ClearITPendingBit  stm32f10x_usart.o
    0x08002340   0x00000018   Code   RO          557    i.USART_Cmd         stm32f10x_usart.o
    0x08002358   0x0000001a   Code   RO          560    i.USART_GetFlagStatus  stm32f10x_usart.o
    0x08002372   0x00000054   Code   RO          561    i.USART_GetITStatus  stm32f10x_usart.o
    0x080023c6   0x0000004a   Code   RO          563    i.USART_ITConfig    stm32f10x_usart.o
    0x08002410   0x000000d8   Code   RO          564    i.USART_Init        stm32f10x_usart.o
    0x080024e8   0x0000000a   Code   RO          571    i.USART_ReceiveData  stm32f10x_usart.o
    0x080024f2   0x00000008   Code   RO          574    i.USART_SendData    stm32f10x_usart.o
    0x080024fa   0x00000004   Code   RO         1953    i.UsageFault_Handler  stm32f10x_it.o
    0x080024fe   0x0000002c   Code   RO         1589    i.Write_IIC_Command  oled.o
    0x0800252a   0x0000002c   Code   RO         1590    i.Write_IIC_Data    oled.o
    0x08002556   0x00000028   Code   RO         2179    i.__ARM_fpclassify  m_ws.l(fpclassify.o)
    0x0800257e   0x0000000e   Code   RO         2066    i._is_digit         c_w.l(__printf_wp.o)
    0x0800258c   0x00000002   Code   RO         1432    i._sys_exit         usart1.o
    0x0800258e   0x00000002   PAD
    0x08002590   0x00000068   Code   RO         1852    i.adj_res_init      adj_res.o
    0x080025f8   0x00000040   Code   RO         1213    i.button_init       button.o
    0x08002638   0x00000034   Code   RO         1234    i.buzzer_init       buzzer.o
    0x0800266c   0x00000034   Code   RO         1261    i.delay_init        delay.o
    0x080026a0   0x00000038   Code   RO         1262    i.delay_ms          delay.o
    0x080026d8   0x0000004c   Code   RO         1263    i.delay_us          delay.o
    0x08002724   0x0000004c   Code   RO         1264    i.delay_xms         delay.o
    0x08002770   0x0000000c   Code   RO         1329    i.dht_init          dht.o
    0x0800277c   0x00000010   Code   RO         1330    i.dht_input_status  dht.o
    0x0800278c   0x00000020   Code   RO         1331    i.dht_output_status  dht.o
    0x080027ac   0x00000098   Code   RO         1296    i.digit_show_data   ldt.o
    0x08002844   0x00000008   Code   RO         1809    i.eeprom_init       eeprom.o
    0x0800284c   0x00000040   Code   RO         1811    i.eeprom_rand_read  eeprom.o
    0x0800288c   0x000000b4   Code   RO         1376    i.eint_init         eint.o
    0x08002940   0x00000010   Code   RO         1433    i.fputc             usart1.o
    0x08002950   0x0000002c   Code   RO         1853    i.get_adj_res_value  adj_res.o
    0x0800297c   0x000000b4   Code   RO         1332    i.get_dht_value     dht.o
    0x08002a30   0x00000070   Code   RO         1297    i.hc138_out_data    ldt.o
    0x08002aa0   0x00000050   Code   RO         1298    i.hc595_send_data   ldt.o
    0x08002af0   0x0000005c   Code   RO         1299    i.ldt_init          ldt.o
    0x08002b4c   0x00000044   Code   RO         1183    i.led_init          led.o
    0x08002b90   0x00000244   Code   RO         1922    i.main              main.o
    0x08002dd4   0x0000004c   Code   RO         1593    i.picture_1         oled.o
    0x08002e20   0x0000001c   Code   RO         1333    i.set_dht_gpio_input  dht.o
    0x08002e3c   0x00000024   Code   RO         1334    i.set_dht_gpio_output  dht.o
    0x08002e60   0x00000008   Code   RO         1774    i.sht_init          sht.o
    0x08002e68   0x000000cc   Code   RO         1775    i.sht_read_data     sht.o
    0x08002f34   0x0000002a   Code   RO         1776    i.sht_write_mode    sht.o
    0x08002f5e   0x00000026   Code   RO         1777    i.sht_write_read_cmd  sht.o
    0x08002f84   0x000000ac   Code   RO         1435    i.usart_1_init      usart1.o
    0x08003030   0x0000002c   Code   RO         1437    i.usart_1_send_byte  usart1.o
    0x0800305c   0x0000002c   Code   RO         2175    locale$$code        c_w.l(lc_numeric_c.o)
    0x08003088   0x00000150   Code   RO         2084    x$fpl$dadd          fz_ws.l(daddsub_clz.o)
    0x080031d8   0x000002b0   Code   RO         2091    x$fpl$ddiv          fz_ws.l(ddiv.o)
    0x08003488   0x00000026   Code   RO         2094    x$fpl$dfltu         fz_ws.l(dflt_clz.o)
    0x080034ae   0x00000002   PAD
    0x080034b0   0x00000154   Code   RO         2100    x$fpl$dmul          fz_ws.l(dmul.o)
    0x08003604   0x0000009c   Code   RO         2114    x$fpl$dnaninf       fz_ws.l(dnaninf.o)
    0x080036a0   0x0000000c   Code   RO         2116    x$fpl$dretinf       fz_ws.l(dretinf.o)
    0x080036ac   0x000001d4   Code   RO         2086    x$fpl$dsub          fz_ws.l(daddsub_clz.o)
    0x08003880   0x00000004   Code   RO         2102    x$fpl$printf1       fz_ws.l(printf1.o)
    0x08003884   0x00000000   Code   RO         2118    x$fpl$usenofp       fz_ws.l(usenofp.o)
    0x08003884   0x00000008   Data   RO         1923    .constdata          main.o
    0x0800388c   0x00000011   Data   RO         2074    .constdata          c_w.l(__printf_flags_ss_wp.o)
    0x0800389d   0x00000003   PAD
    0x080038a0   0x00000094   Data   RO         2146    .constdata          c_w.l(bigflt0.o)
    0x08003934   0x00000020   Data   RO         2318    Region$$Table       anon$$obj.o
    0x08003954   0x0000001c   Data   RO         2174    locale$$data        c_w.l(lc_numeric_c.o)


    Execution Region RW_IRAM1 (Base: 0x20000000, Size: 0x00000be0, Max: 0x00005000, ABSOLUTE, COMPRESSED[0x000003b8])

    Base Addr    Size         Type   Attr      Idx    E Section Name        Object

    0x20000000   0x00000014   Data   RW           56    .data               stm32f10x_rcc.o
    0x20000014   0x00000004   Data   RW         1265    .data               delay.o
    0x20000018   0x0000000c   Data   RW         1378    .data               eint.o
    0x20000024   0x0000000c   Data   RW         1439    .data               usart1.o
    0x20000030   0x0000000c   Data   RW         1505    .data               gpio_iic.o
    0x2000003c   0x00000540   Data   RW         1596    .data               oled.o
    0x2000057c   0x00000060   Zero   RW         2182    .bss                c_w.l(libspace.o)
    0x200005dc   0x00000004   PAD
    0x200005e0   0x00000200   Zero   RW           18    HEAP                startup_stm32f10x_md.o
    0x200007e0   0x00000400   Zero   RW           17    STACK               startup_stm32f10x_md.o


==============================================================================

Image component sizes


      Code (inc. data)   RO Data    RW Data    ZI Data      Debug   Object Name

       148         12          0          0          0        999   adj_res.o
        64         10          0          0          0        454   button.o
        52          8          0          0          0        450   buzzer.o
         0          0          0          0          0       4540   core_cm3.o
       260         18          0          4          0       2143   delay.o
       304         20          0          0          0       3277   dht.o
        72          0          0          0          0       1013   eeprom.o
       276         22          0         12          0       1977   eint.o
       628        106          0         12          0       5112   gpio_iic.o
       436         52          0          0          0       2104   ldt.o
        68         12          0          0          0        447   led.o
       580        190          8          0          0        919   main.o
       172         22          0          0          0       1869   misc.o
       436          4          0       1344          0       4593   oled.o
       292         16          0          0          0       1937   sht.o
        64         26        236          0       1536        780   startup_stm32f10x_md.o
       340         10          0          0          0       5996   stm32f10x_adc.o
        72         10          0          0          0       2496   stm32f10x_bkp.o
       200         18          0          0          0       1916   stm32f10x_exti.o
       486         10          0          0          0       3224   stm32f10x_gpio.o
        26          0          0          0          0       3638   stm32f10x_it.o
        12          6          0          0          0        466   stm32f10x_pwr.o
       428         58          0         20          0     244210   stm32f10x_rcc.o
       176         34          0          0          0       3215   stm32f10x_rtc.o
       490          6          0          0          0       6901   stm32f10x_usart.o
       328         28          0          0          0       1769   system_stm32f10x.o
       286         22          0         12          0       4478   usart1.o
       540         22          0          0          0       4689   z_mytime.o

    ----------------------------------------------------------------------
      7252        742        276       1404       1536     315612   Object Totals
         0          0         32          0          0          0   (incl. Generated)
        16          0          0          0          0          0   (incl. Padding)

    ----------------------------------------------------------------------

      Code (inc. data)   RO Data    RW Data    ZI Data      Debug   Library Member Name

        90          0          0          0          0          0   __dczerorl2.o
         8          0          0          0          0         68   __main.o
       392          4         17          0          0         92   __printf_flags_ss_wp.o
        14          0          0          0          0         68   __printf_wp.o
         0          0          0          0          0          0   __rtentry.o
        12          0          0          0          0          0   __rtentry2.o
         6          0          0          0          0          0   __rtentry4.o
        52          8          0          0          0          0   __scatter.o
        28          0          0          0          0          0   __scatter_zi.o
        48          6          0          0          0         96   _printf_char_common.o
        36          4          0          0          0         80   _printf_char_file.o
         6          0          0          0          0          0   _printf_d.o
       120         16          0          0          0         92   _printf_dec.o
         6          0          0          0          0          0   _printf_f.o
      1050          0          0          0          0        216   _printf_fp_dec.o
       128         16          0          0          0         84   _printf_fp_infnan.o
       178          0          0          0          0         88   _printf_intcommon.o
        78          0          0          0          0        108   _printf_pad.o
         0          0          0          0          0          0   _printf_percent.o
         4          0          0          0          0          0   _printf_percent_end.o
         6          0          0          0          0          0   _printf_u.o
       220          4        148          0          0         96   bigflt0.o
      1910        128          0          0          0        672   btod.o
        18          0          0          0          0         80   exit.o
         8          0          0          0          0         68   ferror.o
         6          0          0          0          0        152   heapauxi.o
        44         10         28          0          0         76   lc_numeric_c.o
         2          0          0          0          0          0   libinit.o
        18          0          0          0          0          0   libinit2.o
         2          0          0          0          0          0   libshutdown.o
         2          0          0          0          0          0   libshutdown2.o
         8          4          0          0         96         68   libspace.o
       138          0          0          0          0         80   lludiv10.o
        24          4          0          0          0         84   noretval__2printf.o
         8          4          0          0          0         68   rt_locale_intlibspace.o
         2          0          0          0          0          0   rtexit.o
        10          0          0          0          0          0   rtexit2.o
       128          0          0          0          0         68   strcmpv7m.o
        74          0          0          0          0         80   sys_stackheap_outer.o
         2          0          0          0          0         68   use_no_semi.o
         2          0          0          0          0         68   use_no_semi_2.o
       804         16          0          0          0        272   daddsub_clz.o
       688        140          0          0          0        208   ddiv.o
        38          0          0          0          0         68   dflt_clz.o
       340         12          0          0          0        104   dmul.o
       156          4          0          0          0         92   dnaninf.o
        12          0          0          0          0         68   dretinf.o
         4          0          0          0          0         68   printf1.o
         0          0          0          0          0          0   usenofp.o
        40          0          0          0          0         68   fpclassify.o

    ----------------------------------------------------------------------
      6980        380        196          0        100       3668   Library Totals
        10          0          3          0          4          0   (incl. Padding)

    ----------------------------------------------------------------------

      Code (inc. data)   RO Data    RW Data    ZI Data      Debug   Library Name

      4888        208        193          0         96       2720   c_w.l
      2042        172          0          0          0        880   fz_ws.l
        40          0          0          0          0         68   m_ws.l

    ----------------------------------------------------------------------
      6980        380        196          0        100       3668   Library Totals

    ----------------------------------------------------------------------

==============================================================================


      Code (inc. data)   RO Data    RW Data    ZI Data      Debug   

     14232       1122        472       1404       1636     311788   Grand Totals
     14232       1122        472        952       1636     311788   ELF Image Totals (compressed)
     14232       1122        472        952          0          0   ROM Totals

==============================================================================

    Total RO  Size (Code + RO Data)                14704 (  14.36kB)
    Total RW  Size (RW Data + ZI Data)              3040 (   2.97kB)
    Total ROM Size (Code + RO Data + RW Data)      15656 (  15.29kB)

==============================================================================

